Component: ARM Compiler 5.06 update 6 (build 750) Tool: armlink [4d35ed]

==============================================================================

Section Cross References

    glcd_scroll.o(i.append_char) refers to glcd_scroll.o(i.refresh_lcd) for refresh_lcd
    glcd_scroll.o(i.append_char) refers to glcd_spi_lpc1700.o(i.GLCD_DisplayChar) for GLCD_DisplayChar
    glcd_scroll.o(i.append_char) refers to glcd_scroll.o(i.last_line) for last_line
    glcd_scroll.o(i.append_char) refers to glcd_scroll.o(.data) for last_col_cahche
    glcd_scroll.o(i.append_char) refers to glcd_scroll.o(.bss) for chache
    glcd_scroll.o(i.init_scroll) refers to glcd_spi_lpc1700.o(i.GLCD_Init) for GLCD_Init
    glcd_scroll.o(i.init_scroll) refers to glcd_spi_lpc1700.o(i.GLCD_Clear) for GLCD_Clear
    glcd_scroll.o(i.init_scroll) refers to glcd_spi_lpc1700.o(i.GLCD_SetBackColor) for GLCD_SetBackColor
    glcd_scroll.o(i.init_scroll) refers to glcd_spi_lpc1700.o(i.GLCD_SetTextColor) for GLCD_SetTextColor
    glcd_scroll.o(i.init_scroll) refers to glcd_scroll.o(.data) for cache_start
    glcd_scroll.o(i.joyStickBusyWaitingMonitor) refers to glcd_scroll.o(i.moveUp) for moveUp
    glcd_scroll.o(i.joyStickBusyWaitingMonitor) refers to glcd_scroll.o(i.moveDown) for moveDown
    glcd_scroll.o(i.joyStickBusyWaitingMonitor) refers to glcd_scroll.o(i.moveFirst) for moveFirst
    glcd_scroll.o(i.joyStickBusyWaitingMonitor) refers to glcd_scroll.o(i.moveLast) for moveLast
    glcd_scroll.o(i.last_line) refers to glcd_scroll.o(.data) for cache_start
    glcd_scroll.o(i.last_window_line) refers to glcd_scroll.o(.data) for window_start
    glcd_scroll.o(i.moveDown) refers to glcd_scroll.o(i.last_line) for last_line
    glcd_scroll.o(i.moveDown) refers to glcd_scroll.o(i.last_window_line) for last_window_line
    glcd_scroll.o(i.moveDown) refers to glcd_scroll.o(i.refresh_lcd) for refresh_lcd
    glcd_scroll.o(i.moveDown) refers to glcd_scroll.o(.data) for window_start
    glcd_scroll.o(i.moveFirst) refers to glcd_scroll.o(i.refresh_lcd) for refresh_lcd
    glcd_scroll.o(i.moveFirst) refers to glcd_scroll.o(.data) for window_start
    glcd_scroll.o(i.moveLast) refers to glcd_scroll.o(i.last_line) for last_line
    glcd_scroll.o(i.moveLast) refers to glcd_scroll.o(i.last_window_line) for last_window_line
    glcd_scroll.o(i.moveLast) refers to glcd_scroll.o(i.refresh_lcd) for refresh_lcd
    glcd_scroll.o(i.moveLast) refers to glcd_scroll.o(.data) for cache_size
    glcd_scroll.o(i.moveUp) refers to glcd_scroll.o(i.refresh_lcd) for refresh_lcd
    glcd_scroll.o(i.moveUp) refers to glcd_scroll.o(.data) for window_start
    glcd_scroll.o(i.print_string) refers to glcd_scroll.o(i.print_text) for print_text
    glcd_scroll.o(i.print_text) refers to glcd_scroll.o(i.append_char) for append_char
    glcd_scroll.o(i.refresh_lcd) refers to glcd_spi_lpc1700.o(i.GLCD_Clear) for GLCD_Clear
    glcd_scroll.o(i.refresh_lcd) refers to glcd_spi_lpc1700.o(i.GLCD_DisplayString) for GLCD_DisplayString
    glcd_scroll.o(i.refresh_lcd) refers to glcd_scroll.o(.data) for window_start
    glcd_scroll.o(i.refresh_lcd) refers to glcd_scroll.o(.bss) for chache
    glcd_spi_lpc1700.o(i.GLCD_Bargraph) refers to glcd_spi_lpc1700.o(i.GLCD_SetWindow) for GLCD_SetWindow
    glcd_spi_lpc1700.o(i.GLCD_Bargraph) refers to glcd_spi_lpc1700.o(i.wr_cmd) for wr_cmd
    glcd_spi_lpc1700.o(i.GLCD_Bargraph) refers to glcd_spi_lpc1700.o(i.wr_dat_start) for wr_dat_start
    glcd_spi_lpc1700.o(i.GLCD_Bargraph) refers to glcd_spi_lpc1700.o(i.wr_dat_only) for wr_dat_only
    glcd_spi_lpc1700.o(i.GLCD_Bargraph) refers to glcd_spi_lpc1700.o(i.wr_dat_stop) for wr_dat_stop
    glcd_spi_lpc1700.o(i.GLCD_Bargraph) refers to glcd_spi_lpc1700.o(.data) for Color
    glcd_spi_lpc1700.o(i.GLCD_Bitmap) refers to glcd_spi_lpc1700.o(i.GLCD_SetWindow) for GLCD_SetWindow
    glcd_spi_lpc1700.o(i.GLCD_Bitmap) refers to glcd_spi_lpc1700.o(i.wr_cmd) for wr_cmd
    glcd_spi_lpc1700.o(i.GLCD_Bitmap) refers to glcd_spi_lpc1700.o(i.wr_dat_start) for wr_dat_start
    glcd_spi_lpc1700.o(i.GLCD_Bitmap) refers to glcd_spi_lpc1700.o(i.wr_dat_only) for wr_dat_only
    glcd_spi_lpc1700.o(i.GLCD_Bitmap) refers to glcd_spi_lpc1700.o(i.wr_dat_stop) for wr_dat_stop
    glcd_spi_lpc1700.o(i.GLCD_Clear) refers to glcd_spi_lpc1700.o(i.GLCD_WindowMax) for GLCD_WindowMax
    glcd_spi_lpc1700.o(i.GLCD_Clear) refers to glcd_spi_lpc1700.o(i.wr_cmd) for wr_cmd
    glcd_spi_lpc1700.o(i.GLCD_Clear) refers to glcd_spi_lpc1700.o(i.wr_dat_start) for wr_dat_start
    glcd_spi_lpc1700.o(i.GLCD_Clear) refers to glcd_spi_lpc1700.o(i.wr_dat_only) for wr_dat_only
    glcd_spi_lpc1700.o(i.GLCD_Clear) refers to glcd_spi_lpc1700.o(i.wr_dat_stop) for wr_dat_stop
    glcd_spi_lpc1700.o(i.GLCD_ClearLn) refers to glcd_spi_lpc1700.o(i.GLCD_WindowMax) for GLCD_WindowMax
    glcd_spi_lpc1700.o(i.GLCD_ClearLn) refers to glcd_spi_lpc1700.o(i.GLCD_DisplayString) for GLCD_DisplayString
[...]
    .text                                    0x0000019c   Section       60  startup_lpc17xx.o(.text)
    .text                                    0x000001d8   Section      148  irq_cm3.o(.text)
    .text                                    0x0000026c   Section      138  rt_memcpy_v6.o(.text)
    .text                                    0x000002f6   Section        0  heapauxi.o(.text)
    .ARM.__at_0x02FC                         0x000002fc   Section        4  startup_lpc17xx.o(.ARM.__at_0x02FC)
    .text                                    0x00000300   Section        0  h1_alloc_mt.o(.text)
    Heap1_SizeAdjust                         0x00000301   Thumb Code     8  h1_alloc_mt.o(.text)
    .text                                    0x0000039e   Section       68  rt_memclr.o(.text)
    .text                                    0x000003e2   Section       78  rt_memclr_w.o(.text)
    .text                                    0x00000430   Section       10  rt_heap_descriptor_twolibspace.o(.text)
    .text                                    0x0000043a   Section        0  hguard.o(.text)
    .text                                    0x0000043e   Section        0  init_alloc.o(.text)
    .text                                    0x000004c8   Section        0  h1_init_mt.o(.text)
    .text                                    0x000004da   Section        0  h1_free_mt.o(.text)
    .text                                    0x00000550   Section      100  rt_memcpy_w.o(.text)
    .text                                    0x000005b4   Section        8  libspace.o(.text)
    .text                                    0x000005bc   Section        0  h1_extend_mt.o(.text)
    .text                                    0x000005fa   Section        0  defsig_rtmem_outer.o(.text)
    .text                                    0x00000608   Section       74  sys_stackheap_outer.o(.text)
    .text                                    0x00000652   Section        0  term_alloc.o(.text)
    .text                                    0x00000662   Section        0  exit.o(.text)
    .text                                    0x00000674   Section        0  defsig_exit.o(.text)
    .text                                    0x00000680   Section        0  defsig_rtmem_inner.o(.text)
    .text                                    0x000006d0   Section        0  h1_final_mt.o(.text)
    .text                                    0x000006da   Section        0  defsig_general.o(.text)
    [Anonymous Symbol]                       0x0000070c   Section        0  rtx_msgqueue.o(.text.MessageQueueGet)
    MessageQueueGet                          0x0000070d   Thumb Code    68  rtx_msgqueue.o(.text.MessageQueueGet)
    [Anonymous Symbol]                       0x00000750   Section        0  rtx_msgqueue.o(.text.MessageQueuePut)
    MessageQueuePut                          0x00000751   Thumb Code    98  rtx_msgqueue.o(.text.MessageQueuePut)
    [Anonymous Symbol]                       0x000007b2   Section        0  rtx_msgqueue.o(.text.MessageQueueRemove)
    MessageQueueRemove                       0x000007b3   Thumb Code    28  rtx_msgqueue.o(.text.MessageQueueRemove)
    [Anonymous Symbol]                       0x000007d0   Section        0  os_systick.o(.text.OS_Tick_AcknowledgeIRQ)
    __arm_cp.3_0                             0x000007d8   Number         4  os_systick.o(.text.OS_Tick_AcknowledgeIRQ)
    [Anonymous Symbol]                       0x000007dc   Section        0  os_systick.o(.text.OS_Tick_Enable)
    __arm_cp.1_0                             0x000007fc   Number         4  os_systick.o(.text.OS_Tick_Enable)
    __arm_cp.1_1                             0x00000800   Number         4  os_systick.o(.text.OS_Tick_Enable)
    __arm_cp.1_2                             0x00000804   Number         4  os_systick.o(.text.OS_Tick_Enable)
    [Anonymous Symbol]                       0x00000808   Section        0  os_systick.o(.text.OS_Tick_GetClock)
    __arm_cp.5_0                             0x00000810   Number         4  os_systick.o(.text.OS_Tick_GetClock)
    [Anonymous Symbol]                       0x00000814   Section        0  os_systick.o(.text.OS_Tick_GetIRQn)
    [Anonymous Symbol]                       0x0000081c   Section        0  os_systick.o(.text.OS_Tick_Setup)
    __arm_cp.0_0                             0x0000084c   Number         4  os_systick.o(.text.OS_Tick_Setup)
    __arm_cp.0_1                             0x00000850   Number         4  os_systick.o(.text.OS_Tick_Setup)
    __arm_cp.0_2                             0x00000854   Number         4  os_systick.o(.text.OS_Tick_Setup)
    __arm_cp.0_3                             0x00000858   Number         4  os_systick.o(.text.OS_Tick_Setup)
    [Anonymous Symbol]                       0x0000085c   Section        0  rtx_thread.o(.text.ThreadFlagsCheck)
    ThreadFlagsCheck                         0x0000085d   Thumb Code   108  rtx_thread.o(.text.ThreadFlagsCheck)
    [Anonymous Symbol]                       0x000008c8   Section        0  rtx_timer.o(.text.TimerInsert)
    TimerInsert                              0x000008c9   Thumb Code    80  rtx_timer.o(.text.TimerInsert)
    __arm_cp.8_0                             0x00000914   Number         4  rtx_timer.o(.text.TimerInsert)
    [Anonymous Symbol]                       0x00000918   Section        0  rtx_delay.o(.text.osDelay)
    __arm_cp.0_0                             0x00000938   Number         4  rtx_delay.o(.text.osDelay)
    [Anonymous Symbol]                       0x0000093c   Section        0  rtx_kernel.o(.text.osKernelGetState)
    __arm_cp.4_0                             0x00000964   Number         4  rtx_kernel.o(.text.osKernelGetState)
    __arm_cp.4_1                             0x00000968   Number         4  rtx_kernel.o(.text.osKernelGetState)
    [Anonymous Symbol]                       0x0000096c   Section        0  rtx_kernel.o(.text.osKernelGetSysTimerFreq)
    __arm_cp.18_0                            0x0000098c   Number         4  rtx_kernel.o(.text.osKernelGetSysTimerFreq)
    [Anonymous Symbol]                       0x00000990   Section        0  rtx_kernel.o(.text.osKernelInitialize)
    __arm_cp.1_0                             0x000009b8   Number         4  rtx_kernel.o(.text.osKernelInitialize)
    [Anonymous Symbol]                       0x000009bc   Section        0  rtx_kernel.o(.text.osKernelStart)
    __arm_cp.6_0                             0x000009dc   Number         4  rtx_kernel.o(.text.osKernelStart)
    [Anonymous Symbol]                       0x000009e0   Section        0  rtx_msgqueue.o(.text.osMessageQueueGet)
    __arm_cp.3_0                             0x00000a48   Number         4  rtx_msgqueue.o(.text.osMessageQueueGet)
    [Anonymous Symbol]                       0x00000a4c   Section        0  rtx_msgqueue.o(.text.osMessageQueueNew)
    __arm_cp.0_0                             0x00000a6c   Number         4  rtx_msgqueue.o(.text.osMessageQueueNew)
    [Anonymous Symbol]                       0x00000a70   Section        0  rtx_msgqueue.o(.text.osMessageQueuePut)
    __arm_cp.2_0                             0x00000ae4   Number         4  rtx_msgqueue.o(.text.osMessageQueuePut)
    [Anonymous Symbol]                       0x00000ae8   Section        0  rtx_mutex.o(.text.osMutexAcquire)
    __arm_cp.3_0                             0x00000b08   Number         4  rtx_mutex.o(.text.osMutexAcquire)
    [Anonymous Symbol]                       0x00000b0c   Section        0  rtx_mutex.o(.text.osMutexDelete)
    __arm_cp.6_0                             0x00000b2c   Number         4  rtx_mutex.o(.text.osMutexDelete)
    [Anonymous Symbol]                       0x00000b30   Section        0  rtx_mutex.o(.text.osMutexNew)
    __arm_cp.1_0                             0x00000b50   Number         4  rtx_mutex.o(.text.osMutexNew)
    [Anonymous Symbol]                       0x00000b54   Section        0  rtx_mutex.o(.text.osMutexRelease)
    __arm_cp.4_0                             0x00000b74   Number         4  rtx_mutex.o(.text.osMutexRelease)
    [Anonymous Symbol]                       0x00000b78   Section        0  rtx_kernel.o(.text.osRtxKernelPreInit)
    [Anonymous Symbol]                       0x00000b7a   Section        0  rtx_memory.o(.text.osRtxMemoryAlloc)
    [Anonymous Symbol]                       0x00000bf6   Section        0  rtx_memory.o(.text.osRtxMemoryFree)
    [Anonymous Symbol]                       0x00000c48   Section        0  rtx_memory.o(.text.osRtxMemoryInit)
    [Anonymous Symbol]                       0x00000c7e   Section        0  rtx_mempool.o(.text.osRtxMemoryPoolAlloc)
    [Anonymous Symbol]                       0x00000cb6   Section        0  rtx_mempool.o(.text.osRtxMemoryPoolFree)
    [Anonymous Symbol]                       0x00000cfe   Section        0  rtx_mempool.o(.text.osRtxMemoryPoolInit)
    [Anonymous Symbol]                       0x00000d52   Section        0  rtx_msgqueue.o(.text.osRtxMessageQueuePostProcess)
    osRtxMessageQueuePostProcess             0x00000d53   Thumb Code   186  rtx_msgqueue.o(.text.osRtxMessageQueuePostProcess)
    [Anonymous Symbol]                       0x00000e0c   Section        0  rtx_mutex.o(.text.osRtxMutexOwnerRelease)
    [Anonymous Symbol]                       0x00000e50   Section        0  rtx_system.o(.text.osRtxPendSV_Handler)
    __arm_cp.1_0                             0x00000ed8   Number         4  rtx_system.o(.text.osRtxPendSV_Handler)
    [Anonymous Symbol]                       0x00000edc   Section        0  rtx_system.o(.text.osRtxPostProcess)
    __arm_cp.2_0                             0x00000f48   Number         4  rtx_system.o(.text.osRtxPostProcess)
    __arm_cp.2_1                             0x00000f4c   Number         4  rtx_system.o(.text.osRtxPostProcess)
    [Anonymous Symbol]                       0x00000f50   Section        0  rtx_thread.o(.text.osRtxThreadBlock)
    osRtxThreadBlock                         0x00000f51   Thumb Code    56  rtx_thread.o(.text.osRtxThreadBlock)
    __arm_cp.10_0                            0x00000f84   Number         4  rtx_thread.o(.text.osRtxThreadBlock)
    [Anonymous Symbol]                       0x00000f88   Section        0  rtx_thread.o(.text.osRtxThreadDelayInsert)
    osRtxThreadDelayInsert                   0x00000f89   Thumb Code   136  rtx_thread.o(.text.osRtxThreadDelayInsert)
    __arm_cp.14_0                            0x0000100c   Number         4  rtx_thread.o(.text.osRtxThreadDelayInsert)
    [Anonymous Symbol]                       0x00001010   Section        0  rtx_thread.o(.text.osRtxThreadDelayRemove)
    osRtxThreadDelayRemove                   0x00001011   Thumb Code    76  rtx_thread.o(.text.osRtxThreadDelayRemove)
    __arm_cp.12_0                            0x00001058   Number         4  rtx_thread.o(.text.osRtxThreadDelayRemove)
    [Anonymous Symbol]                       0x0000105c   Section        0  rtx_thread.o(.text.osRtxThreadDelayTick)
    __arm_cp.5_0                             0x0000108c   Number         4  rtx_thread.o(.text.osRtxThreadDelayTick)
    [Anonymous Symbol]                       0x00001090   Section        0  rtx_thread.o(.text.osRtxThreadDispatch)
    __arm_cp.9_0                             0x000010e8   Number         4  rtx_thread.o(.text.osRtxThreadDispatch)
    [Anonymous Symbol]                       0x000010ec   Section        0  rtx_thread.o(.text.osRtxThreadFree)
    osRtxThreadFree                          0x000010ed   Thumb Code    84  rtx_thread.o(.text.osRtxThreadFree)
    __arm_cp.52_0                            0x0000113c   Number         4  rtx_thread.o(.text.osRtxThreadFree)
    [Anonymous Symbol]                       0x00001140   Section        0  rtx_thread.o(.text.osRtxThreadListGet)
    [Anonymous Symbol]                       0x00001154   Section        0  rtx_thread.o(.text.osRtxThreadListPut)
    [Anonymous Symbol]                       0x0000117e   Section        0  rtx_thread.o(.text.osRtxThreadListRemove)
    [Anonymous Symbol]                       0x00001192   Section        0  rtx_thread.o(.text.osRtxThreadListSort)
    [Anonymous Symbol]                       0x000011ba   Section        0  rtx_thread.o(.text.osRtxThreadPostProcess)
    osRtxThreadPostProcess                   0x000011bb   Thumb Code    42  rtx_thread.o(.text.osRtxThreadPostProcess)
    [Anonymous Symbol]                       0x000011e4   Section        0  rtx_thread.o(.text.osRtxThreadReadyPut)
    __arm_cp.4_0                             0x000011f4   Number         4  rtx_thread.o(.text.osRtxThreadReadyPut)
    [Anonymous Symbol]                       0x000011f8   Section        0  rtx_thread.o(.text.osRtxThreadRegPtr)
    [Anonymous Symbol]                       0x00001200   Section        0  rtx_thread.o(.text.osRtxThreadStackCheck)
    __arm_cp.8_0                             0x00001220   Number         4  rtx_thread.o(.text.osRtxThreadStackCheck)
    __arm_cp.8_1                             0x00001224   Number         4  rtx_thread.o(.text.osRtxThreadStackCheck)
    [Anonymous Symbol]                       0x00001228   Section        0  rtx_thread.o(.text.osRtxThreadStartup)
    __arm_cp.15_0                            0x00001258   Number         4  rtx_thread.o(.text.osRtxThreadStartup)
    __arm_cp.15_1                            0x0000125c   Number         4  rtx_thread.o(.text.osRtxThreadStartup)
    __arm_cp.15_2                            0x00001260   Number         4  rtx_thread.o(.text.osRtxThreadStartup)
    __arm_cp.15_3                            0x00001264   Number         4  rtx_thread.o(.text.osRtxThreadStartup)
    [Anonymous Symbol]                       0x00001268   Section        0  rtx_thread.o(.text.osRtxThreadSwitch)
    __arm_cp.7_0                             0x00001274   Number         4  rtx_thread.o(.text.osRtxThreadSwitch)
    [Anonymous Symbol]                       0x00001278   Section        0  rtx_thread.o(.text.osRtxThreadWaitEnter)
    __arm_cp.13_0                            0x000012b0   Number         4  rtx_thread.o(.text.osRtxThreadWaitEnter)
    [Anonymous Symbol]                       0x000012b4   Section        0  rtx_thread.o(.text.osRtxThreadWaitExit)
    [Anonymous Symbol]                       0x000012d8   Section        0  rtx_system.o(.text.osRtxTick_Handler)
    __arm_cp.0_0                             0x00001344   Number         4  rtx_system.o(.text.osRtxTick_Handler)
    [Anonymous Symbol]                       0x00001348   Section        0  rtx_timer.o(.text.osRtxTimerThread)
    __arm_cp.0_0                             0x00001378   Number         4  rtx_timer.o(.text.osRtxTimerThread)
    __arm_cp.0_1                             0x0000137c   Number         4  rtx_timer.o(.text.osRtxTimerThread)
    __arm_cp.0_2                             0x00001380   Number         4  rtx_timer.o(.text.osRtxTimerThread)
    [Anonymous Symbol]                       0x00001384   Section        0  rtx_timer.o(.text.osRtxTimerTick)
    osRtxTimerTick                           0x00001385   Thumb Code    88  rtx_timer.o(.text.osRtxTimerTick)
    __arm_cp.1_0                             0x000013d8   Number         4  rtx_timer.o(.text.osRtxTimerTick)
    [Anonymous Symbol]                       0x000013dc   Section        0  rtx_thread.o(.text.osThreadExit)
    __arm_cp.31_0                            0x000013e4   Number         4  rtx_thread.o(.text.osThreadExit)
    [Anonymous Symbol]                       0x000013e8   Section        0  rtx_thread.o(.text.osThreadNew)
    __arm_cp.17_0                            0x00001408   Number         4  rtx_thread.o(.text.osThreadNew)
    [Anonymous Symbol]                       0x0000140c   Section        0  rtx_delay.o(.text.svcRtxDelay)
    svcRtxDelay                              0x0000140d   Thumb Code    20  rtx_delay.o(.text.svcRtxDelay)
    [Anonymous Symbol]                       0x00001420   Section        0  rtx_kernel.o(.text.svcRtxKernelGetState)
    svcRtxKernelGetState                     0x00001421   Thumb Code    12  rtx_kernel.o(.text.svcRtxKernelGetState)
    __arm_cp.5_0                             0x00001428   Number         4  rtx_kernel.o(.text.svcRtxKernelGetState)
    [Anonymous Symbol]                       0x0000142c   Section        0  rtx_kernel.o(.text.svcRtxKernelGetSysTimerFreq)
    svcRtxKernelGetSysTimerFreq              0x0000142d   Thumb Code     4  rtx_kernel.o(.text.svcRtxKernelGetSysTimerFreq)
    [Anonymous Symbol]                       0x00001430   Section        0  rtx_kernel.o(.text.svcRtxKernelInitialize)
    svcRtxKernelInitialize                   0x00001431   Thumb Code   340  rtx_kernel.o(.text.svcRtxKernelInitialize)
    __arm_cp.20_0                            0x00001578   Number         4  rtx_kernel.o(.text.svcRtxKernelInitialize)
    __arm_cp.20_1                            0x0000157c   Number         4  rtx_kernel.o(.text.svcRtxKernelInitialize)
    __arm_cp.20_2                            0x00001580   Number         4  rtx_kernel.o(.text.svcRtxKernelInitialize)
    [Anonymous Symbol]                       0x00001584   Section        0  rtx_kernel.o(.text.svcRtxKernelStart)
    svcRtxKernelStart                        0x00001585   Thumb Code   136  rtx_kernel.o(.text.svcRtxKernelStart)
    __arm_cp.21_0                            0x000015fc   Number         4  rtx_kernel.o(.text.svcRtxKernelStart)
    __arm_cp.21_1                            0x00001600   Number         4  rtx_kernel.o(.text.svcRtxKernelStart)
    __arm_cp.21_2                            0x00001604   Number         4  rtx_kernel.o(.text.svcRtxKernelStart)
    __arm_cp.21_3                            0x00001608   Number         4  rtx_kernel.o(.text.svcRtxKernelStart)
    [Anonymous Symbol]                       0x0000160c   Section        0  rtx_msgqueue.o(.text.svcRtxMessageQueueGet)
    svcRtxMessageQueueGet                    0x0000160d   Thumb Code   228  rtx_msgqueue.o(.text.svcRtxMessageQueueGet)
    __arm_cp.21_0                            0x000016ec   Number         4  rtx_msgqueue.o(.text.svcRtxMessageQueueGet)
    [Anonymous Symbol]                       0x000016f0   Section        0  rtx_msgqueue.o(.text.svcRtxMessageQueueNew)
    svcRtxMessageQueueNew                    0x000016f1   Thumb Code   308  rtx_msgqueue.o(.text.svcRtxMessageQueueNew)
    __arm_cp.14_0                            0x0000181c   Number         4  rtx_msgqueue.o(.text.svcRtxMessageQueueNew)
    __arm_cp.14_1                            0x00001820   Number         4  rtx_msgqueue.o(.text.svcRtxMessageQueueNew)
    [Anonymous Symbol]                       0x00001824   Section        0  rtx_msgqueue.o(.text.svcRtxMessageQueuePut)
    svcRtxMessageQueuePut                    0x00001825   Thumb Code   192  rtx_msgqueue.o(.text.svcRtxMessageQueuePut)
    __arm_cp.19_0                            0x000018e0   Number         4  rtx_msgqueue.o(.text.svcRtxMessageQueuePut)
    [Anonymous Symbol]                       0x000018e4   Section        0  rtx_mutex.o(.text.svcRtxMutexAcquire)
    svcRtxMutexAcquire                       0x000018e5   Thumb Code   144  rtx_mutex.o(.text.svcRtxMutexAcquire)
    __arm_cp.9_0                             0x00001970   Number         4  rtx_mutex.o(.text.svcRtxMutexAcquire)
    [Anonymous Symbol]                       0x00001974   Section        0  rtx_mutex.o(.text.svcRtxMutexDelete)
    svcRtxMutexDelete                        0x00001975   Thumb Code   196  rtx_mutex.o(.text.svcRtxMutexDelete)
    __arm_cp.12_0                            0x00001a34   Number         4  rtx_mutex.o(.text.svcRtxMutexDelete)
    [Anonymous Symbol]                       0x00001a38   Section        0  rtx_mutex.o(.text.svcRtxMutexNew)
    svcRtxMutexNew                           0x00001a39   Thumb Code   108  rtx_mutex.o(.text.svcRtxMutexNew)
    __arm_cp.7_0                             0x00001aa0   Number         4  rtx_mutex.o(.text.svcRtxMutexNew)
    [Anonymous Symbol]                       0x00001aa4   Section        0  rtx_mutex.o(.text.svcRtxMutexRelease)
    svcRtxMutexRelease                       0x00001aa5   Thumb Code   180  rtx_mutex.o(.text.svcRtxMutexRelease)
    __arm_cp.10_0                            0x00001b54   Number         4  rtx_mutex.o(.text.svcRtxMutexRelease)
    [Anonymous Symbol]                       0x00001b58   Section        0  rtx_thread.o(.text.svcRtxThreadExit)
    svcRtxThreadExit                         0x00001b59   Thumb Code   116  rtx_thread.o(.text.svcRtxThreadExit)
    __arm_cp.54_0                            0x00001bc8   Number         4  rtx_thread.o(.text.svcRtxThreadExit)
    [Anonymous Symbol]                       0x00001bcc   Section        0  rtx_thread.o(.text.svcRtxThreadNew)
    svcRtxThreadNew                          0x00001bcd   Thumb Code   476  rtx_thread.o(.text.svcRtxThreadNew)
    __arm_cp.16_0                            0x00001d94   Number         4  rtx_thread.o(.text.svcRtxThreadNew)
    __arm_cp.16_1                            0x00001d98   Number         4  rtx_thread.o(.text.svcRtxThreadNew)
    __arm_cp.16_2                            0x00001d9c   Number         4  rtx_thread.o(.text.svcRtxThreadNew)
    __arm_cp.16_3                            0x00001da0   Number         4  rtx_thread.o(.text.svcRtxThreadNew)
    __arm_cp.16_4                            0x00001da4   Number         4  rtx_thread.o(.text.svcRtxThreadNew)
    i.EINT3_IRQHandler                       0x00001da8   Section        0  pushbutton.o(i.EINT3_IRQHandler)
    i.GLCD_Clear                             0x00001dc8   Section        0  glcd_spi_lpc1700.o(i.GLCD_Clear)
    i.GLCD_ClearLn                           0x00001df2   Section        0  glcd_spi_lpc1700.o(i.GLCD_ClearLn)
    i.GLCD_DisplayChar                       0x00001e50   Section        0  glcd_spi_lpc1700.o(i.GLCD_DisplayChar)
    i.GLCD_DisplayString                     0x00001eac   Section        0  glcd_spi_lpc1700.o(i.GLCD_DisplayString)
    i.GLCD_DrawChar                          0x00001ed4   Section        0  glcd_spi_lpc1700.o(i.GLCD_DrawChar)
    i.GLCD_Init                              0x00001f70   Section        0  glcd_spi_lpc1700.o(i.GLCD_Init)
    i.GLCD_SetWindow                         0x00002558   Section        0  glcd_spi_lpc1700.o(i.GLCD_SetWindow)
    i.GLCD_WindowMax                         0x00002604   Section        0  glcd_spi_lpc1700.o(i.GLCD_WindowMax)
    i.GUI_Level_Menu                         0x00002618   Section        0  gui.o(i.GUI_Level_Menu)
    i.GUI_Start                              0x0000272c   Section        0  gui.o(i.GUI_Start)
    i.GUI_Task                               0x00002784   Section        0  gui.o(i.GUI_Task)
    i.Joy_Task                               0x000027ec   Section        0  joy.o(i.Joy_Task)
    i.Joy_init                               0x00002878   Section        0  joy.o(i.Joy_init)
    i.Pot_Task                               0x0000288c   Section        0  pot.o(i.Pot_Task)
    i.SystemInit                             0x0000291c   Section        0  system_lpc17xx.o(i.SystemInit)
    i.UART0_IRQHandler                       0x00002a5c   Section        0  uart.o(i.UART0_IRQHandler)
    i.UART1_IRQHandler                       0x00002ac4   Section        0  uart.o(i.UART1_IRQHandler)
    i.UARTSendChar                           0x00002b34   Section        0  uart.o(i.UARTSendChar)
    i._mutex_acquire                         0x00002b6c   Section        0  rtx_lib.o(i._mutex_acquire)
    __tagsym$$used                           0x00002b6d   Number         0  rtx_lib.o(i._mutex_acquire)
    i._mutex_free                            0x00002b82   Section        0  rtx_lib.o(i._mutex_free)
    __tagsym$$used                           0x00002b83   Number         0  rtx_lib.o(i._mutex_free)
    i._mutex_initialize                      0x00002b8e   Section        0  rtx_lib.o(i._mutex_initialize)
    __tagsym$$used                           0x00002b8f   Number         0  rtx_lib.o(i._mutex_initialize)
    i._mutex_release                         0x00002bb0   Section        0  rtx_lib.o(i._mutex_release)
    __tagsym$$used                           0x00002bb1   Number         0  rtx_lib.o(i._mutex_release)
    i._platform_post_stackheap_init          0x00002bc2   Section        0  rtx_lib.o(i._platform_post_stackheap_init)
    i._sys_exit                              0x00002bca   Section        0  retarget.o(i._sys_exit)
    i._ttywrch                               0x00002bce   Section        0  retarget.o(i._ttywrch)
    i.delay                                  0x00002bda   Section        0  glcd_spi_lpc1700.o(i.delay)
    delay                                    0x00002bdb   Thumb Code    14  glcd_spi_lpc1700.o(i.delay)
    i.init                                   0x00002be8   Section        0  main.o(i.init)
    i.main                                   0x00002bf8   Section        0  main.o(i.main)
    i.osRtxErrorNotify                       0x00002c4c   Section        0  rtx_config.o(i.osRtxErrorNotify)
    i.osRtxIdleThread                        0x00002c6c   Section        0  rtx_config.o(i.osRtxIdleThread)
    i.os_kernel_is_active                    0x00002c70   Section        0  rtx_lib.o(i.os_kernel_is_active)
    os_kernel_is_active                      0x00002c71   Thumb Code    28  rtx_lib.o(i.os_kernel_is_active)
    i.rd_id_man                              0x00002c90   Section        0  glcd_spi_lpc1700.o(i.rd_id_man)
    rd_id_man                                0x00002c91   Thumb Code   132  glcd_spi_lpc1700.o(i.rd_id_man)
    i.rd_reg                                 0x00002d1c   Section        0  glcd_spi_lpc1700.o(i.rd_reg)
    rd_reg                                   0x00002d1d   Thumb Code    66  glcd_spi_lpc1700.o(i.rd_reg)
    i.sendchar                               0x00002d64   Section        0  retarget.o(i.sendchar)
    i.setup_INT0                             0x00002d90   Section        0  pushbutton.o(i.setup_INT0)
    i.spi_tran                               0x00002dc4   Section        0  glcd_spi_lpc1700.o(i.spi_tran)
    spi_tran                                 0x00002dc5   Thumb Code    28  glcd_spi_lpc1700.o(i.spi_tran)
    i.spi_tran_man                           0x00002de4   Section        0  glcd_spi_lpc1700.o(i.spi_tran_man)
    spi_tran_man                             0x00002de5   Thumb Code   124  glcd_spi_lpc1700.o(i.spi_tran_man)
    i.wr_cmd                                 0x00002e64   Section        0  glcd_spi_lpc1700.o(i.wr_cmd)
    wr_cmd                                   0x00002e65   Thumb Code    36  glcd_spi_lpc1700.o(i.wr_cmd)
    i.wr_dat                                 0x00002e8c   Section        0  glcd_spi_lpc1700.o(i.wr_dat)
    wr_dat                                   0x00002e8d   Thumb Code    36  glcd_spi_lpc1700.o(i.wr_dat)
    i.wr_dat_only                            0x00002eb4   Section        0  glcd_spi_lpc1700.o(i.wr_dat_only)
    wr_dat_only                              0x00002eb5   Thumb Code    18  glcd_spi_lpc1700.o(i.wr_dat_only)
    i.wr_dat_start                           0x00002ec8   Section        0  glcd_spi_lpc1700.o(i.wr_dat_start)
    wr_dat_start                             0x00002ec9   Thumb Code    16  glcd_spi_lpc1700.o(i.wr_dat_start)
    i.wr_dat_stop                            0x00002edc   Section        0  glcd_spi_lpc1700.o(i.wr_dat_stop)
    wr_dat_stop                              0x00002edd   Thumb Code     8  glcd_spi_lpc1700.o(i.wr_dat_stop)
    i.wr_reg                                 0x00002ee8   Section        0  glcd_spi_lpc1700.o(i.wr_reg)
    wr_reg                                   0x00002ee9   Thumb Code    20  glcd_spi_lpc1700.o(i.wr_reg)
    .constdata                               0x00002efc   Section     6272  glcd_spi_lpc1700.o(.constdata)
    .constdata                               0x0000477c   Section      100  rtx_lib.o(.constdata)
    os_idle_thread_attr                      0x0000477c   Data          36  rtx_lib.o(.constdata)
    os_timer_thread_attr                     0x000047a0   Data          36  rtx_lib.o(.constdata)
    os_timer_mq_attr                         0x000047c4   Data          24  rtx_lib.o(.constdata)
    .constdata                               0x000047e0   Section        1  irq_cm3.o(.constdata)
    .rodata                                  0x000047e4   Section      104  rtx_lib.o(.rodata)
    __tagsym$$used                           0x000047e4   Number         0  rtx_lib.o(.rodata)
    [Anonymous Symbol]                       0x0000484c   Section        0  rtx_kernel.o(.rodata.str1.4)
    .L.str                                   0x0000484c   Data          11  rtx_kernel.o(.rodata.str1.4)
    .bss.os                                  0x10000000   Section     4160  rtx_lib.o(.bss.os)
    os_mem                                   0x10000000   Data        4096  rtx_lib.o(.bss.os)
    os_isr_queue                             0x10001000   Data          64  rtx_lib.o(.bss.os)
    .bss.os.msgqueue.cb                      0x10001040   Section       52  rtx_lib.o(.bss.os.msgqueue.cb)
    os_timer_mq_cb                           0x10001040   Data          52  rtx_lib.o(.bss.os.msgqueue.cb)
    .bss.os.msgqueue.mem                     0x10001074   Section       80  rtx_lib.o(.bss.os.msgqueue.mem)
    os_timer_mq_data                         0x10001074   Data          80  rtx_lib.o(.bss.os.msgqueue.mem)
    .bss.os.thread.cb                        0x100010c4   Section      136  rtx_lib.o(.bss.os.thread.cb)
    os_idle_thread_cb                        0x100010c4   Data          68  rtx_lib.o(.bss.os.thread.cb)
    os_timer_thread_cb                       0x10001108   Data          68  rtx_lib.o(.bss.os.thread.cb)
    .bss.os.thread.stack                     0x10001150   Section      512  rtx_lib.o(.bss.os.thread.stack)
    os_idle_thread_stack                     0x10001150   Data         256  rtx_lib.o(.bss.os.thread.stack)
    os_timer_thread_stack                    0x10001250   Data         256  rtx_lib.o(.bss.os.thread.stack)
    .data                                    0x10001350   Section        5  glcd_spi_lpc1700.o(.data)
    Color                                    0x10001350   Data           4  glcd_spi_lpc1700.o(.data)
    Himax                                    0x10001354   Data           1  glcd_spi_lpc1700.o(.data)
    .data                                    0x10001358   Section       32  uart.o(.data)
    .data                                    0x10001378   Section       12  main.o(.data)
    .data                                    0x10001384   Section        9  gui.o(.data)
    .data                                    0x10001390   Section        8  joy.o(.data)
    .data                                    0x10001398   Section        8  pot.o(.data)
    .data                                    0x100013a0   Section        1  pushbutton.o(.data)
    .data                                    0x100013a4   Section        5  rtx_lib.o(.data)
    os_kernel_active                         0x100013a8   Data           1  rtx_lib.o(.data)
    .data                                    0x100013ac   Section        4  system_lpc17xx.o(.data)
    .bss                                     0x10001454   Section      128  uart.o(.bss)
    .bss                                     0x100014d4   Section       96  libspace.o(.bss)
    [Anonymous Symbol]                       0x10001534   Section        0  os_systick.o(.bss.PendST)
    PendST                                   0x10001534   Data           1  os_systick.o(.bss.PendST)
    HEAP                                     0x10001538   Section        0  startup_lpc17xx.o(HEAP)
    STACK                                    0x10001538   Section      512  startup_lpc17xx.o(STACK)
    Heap_Mem                                 0x10001538   Data           0  startup_lpc17xx.o(HEAP)
    Stack_Mem                                0x10001538   Data         512  startup_lpc17xx.o(STACK)
    __initial_sp                             0x10001738   Data           0  startup_lpc17xx.o(STACK)

    Global Symbols

    Symbol Name                              Value     Ov Type        Size  Object(Section)

    BuildAttributes$$THM_ISAv4$P$D$K$B$S$PE$A:L22UL41UL21$X:L11$S22US41US21$IEEE1$IW$~IW$USESV6$~STKCKD$USESV7$~SHL$OTIME$ROPI$EBA8$UX$STANDARDLIB$REQ8$PRES8$EABIv2 0x00000000   Number         0  anon$$obj.o ABSOLUTE
    __ARM_use_no_argv                        0x00000000   Number         0  main.o ABSOLUTE
    __Vectors                                0x00000000   Data           4  startup_lpc17xx.o(RESET)
    .bss.os.evflags.cb$$Base                  - Undefined Weak Reference
    .bss.os.evflags.cb$$Limit                 - Undefined Weak Reference
    .bss.os.mempool.cb$$Base                  - Undefined Weak Reference
    .bss.os.mempool.cb$$Limit                 - Undefined Weak Reference
    .bss.os.mutex.cb$$Base                    - Undefined Weak Reference
    .bss.os.mutex.cb$$Limit                   - Undefined Weak Reference
    .bss.os.semaphore.cb$$Base                - Undefined Weak Reference
    .bss.os.semaphore.cb$$Limit               - Undefined Weak Reference
    .bss.os.timer.cb$$Base                    - Undefined Weak Reference
    .bss.os.timer.cb$$Limit                   - Undefined Weak Reference
    __ARM_exceptions_init                     - Undefined Weak Reference
    __alloca_initialize                       - Undefined Weak Reference
    __arm_preinit_                            - Undefined Weak Reference
    __cpp_initialize__aeabi_                  - Undefined Weak Reference
    __cxa_finalize                            - Undefined Weak Reference
    __rt_locale                               - Undefined Weak Reference
    __sigvec_lookup                           - Undefined Weak Reference
    __user_heap_extent                        - Undefined Weak Reference
    _atexit_init                              - Undefined Weak Reference
    _call_atexit_fns                          - Undefined Weak Reference
    _clock_init                               - Undefined Weak Reference
    _fp_trap_init                             - Undefined Weak Reference
    _fp_trap_shutdown                         - Undefined Weak Reference
    _get_lc_collate                           - Undefined Weak Reference
    _get_lc_ctype                             - Undefined Weak Reference
    _get_lc_monetary                          - Undefined Weak Reference
    _get_lc_numeric                           - Undefined Weak Reference
    _get_lc_time                              - Undefined Weak Reference
    _getenv_init                              - Undefined Weak Reference
    _handle_redirection                       - Undefined Weak Reference
    _initio                                   - Undefined Weak Reference
    _rand_init                                - Undefined Weak Reference
    _signal_finish                            - Undefined Weak Reference
    _signal_init                              - Undefined Weak Reference
    _terminateio                              - Undefined Weak Reference
    __main                                   0x000000cd   Thumb Code     8  __main.o(!!!main)
    __scatterload                            0x000000d5   Thumb Code     0  __scatter.o(!!!scatter)
    __scatterload_rt2                        0x000000d5   Thumb Code    44  __scatter.o(!!!scatter)
    __scatterload_rt2_thumb_only             0x000000d5   Thumb Code     0  __scatter.o(!!!scatter)
    __scatterload_null                       0x000000e3   Thumb Code     0  __scatter.o(!!!scatter)
    __decompress                             0x00000109   Thumb Code    58  __dczerorl.o(!!dczerorl)
    __decompress0                            0x00000109   Thumb Code     0  __dczerorl.o(!!dczerorl)
    __scatterload_zeroinit                   0x00000145   Thumb Code    28  __scatter_zi.o(!!handler_zi)
    __rt_lib_init                            0x00000161   Thumb Code     0  libinit.o(.ARM.Collect$$libinit$$00000000)
    __rt_lib_init_fp_1                       0x00000163   Thumb Code     0  libinit2.o(.ARM.Collect$$libinit$$00000002)
    __rt_lib_init_heap_2                     0x00000163   Thumb Code     0  libinit2.o(.ARM.Collect$$libinit$$00000005)
    __rt_lib_init_preinit_1                  0x00000163   Thumb Code     0  libinit2.o(.ARM.Collect$$libinit$$00000004)
    __rt_lib_init_alloca_1                   0x0000016b   Thumb Code     0  libinit2.o(.ARM.Collect$$libinit$$0000002E)
    __rt_lib_init_argv_1                     0x0000016b   Thumb Code     0  libinit2.o(.ARM.Collect$$libinit$$0000002C)
    __rt_lib_init_atexit_1                   0x0000016b   Thumb Code     0  libinit2.o(.ARM.Collect$$libinit$$0000001B)
    __rt_lib_init_clock_1                    0x0000016b   Thumb Code     0  libinit2.o(.ARM.Collect$$libinit$$00000021)
    __rt_lib_init_cpp_1                      0x0000016b   Thumb Code     0  libinit2.o(.ARM.Collect$$libinit$$00000032)
    __rt_lib_init_exceptions_1               0x0000016b   Thumb Code     0  libinit2.o(.ARM.Collect$$libinit$$00000030)
    __rt_lib_init_fp_trap_1                  0x0000016b   Thumb Code     0  libinit2.o(.ARM.Collect$$libinit$$0000001F)
    __rt_lib_init_getenv_1                   0x0000016b   Thumb Code     0  libinit2.o(.ARM.Collect$$libinit$$00000023)
    __rt_lib_init_heap_1                     0x0000016b   Thumb Code     0  libinit2.o(.ARM.Collect$$libinit$$0000000A)
    __rt_lib_init_lc_collate_1               0x0000016b   Thumb Code     0  libinit2.o(.ARM.Collect$$libinit$$00000011)
    __rt_lib_init_lc_ctype_1                 0x0000016b   Thumb Code     0  libinit2.o(.ARM.Collect$$libinit$$00000013)
    __rt_lib_init_lc_monetary_1              0x0000016b   Thumb Code     0  libinit2.o(.ARM.Collect$$libinit$$00000015)
    __rt_lib_init_lc_numeric_1               0x0000016b   Thumb Code     0  libinit2.o(.ARM.Collect$$libinit$$00000017)
    __rt_lib_init_lc_time_1                  0x0000016b   Thumb Code     0  libinit2.o(.ARM.Collect$$libinit$$00000019)
    __rt_lib_init_rand_1                     0x0000016b   Thumb Code     0  libinit2.o(.ARM.Collect$$libinit$$0000000E)
    __rt_lib_init_return                     0x0000016b   Thumb Code     0  libinit2.o(.ARM.Collect$$libinit$$00000033)
    __rt_lib_init_signal_1                   0x0000016b   Thumb Code     0  libinit2.o(.ARM.Collect$$libinit$$0000001D)
    __rt_lib_init_stdio_1                    0x0000016b   Thumb Code     0  libinit2.o(.ARM.Collect$$libinit$$00000025)
    __rt_lib_init_user_alloc_1               0x0000016b   Thumb Code     0  libinit2.o(.ARM.Collect$$libinit$$0000000C)
    __rt_lib_shutdown                        0x0000016d   Thumb Code     0  libshutdown.o(.ARM.Collect$$libshutdown$$00000000)
    __rt_lib_shutdown_cpp_1                  0x0000016f   Thumb Code     0  libshutdown2.o(.ARM.Collect$$libshutdown$$00000002)
    __rt_lib_shutdown_fp_trap_1              0x0000016f   Thumb Code     0  libshutdown2.o(.ARM.Collect$$libshutdown$$00000007)
    __rt_lib_shutdown_heap_2                 0x0000016f   Thumb Code     0  libshutdown2.o(.ARM.Collect$$libshutdown$$0000000D)
    __rt_lib_shutdown_signal_1               0x0000016f   Thumb Code     0  libshutdown2.o(.ARM.Collect$$libshutdown$$0000000A)
    __rt_lib_shutdown_stdio_1                0x0000016f   Thumb Code     0  libshutdown2.o(.ARM.Collect$$libshutdown$$00000004)
    __rt_lib_shutdown_user_alloc_1           0x0000016f   Thumb Code     0  libshutdown2.o(.ARM.Collect$$libshutdown$$0000000C)
    __rt_lib_shutdown_heap_1                 0x00000173   Thumb Code     0  libshutdown2.o(.ARM.Collect$$libshutdown$$0000000F)
    __rt_lib_shutdown_return                 0x00000173   Thumb Code     0  libshutdown2.o(.ARM.Collect$$libshutdown$$00000010)
    __rt_entry                               0x00000175   Thumb Code     0  __rtentry.o(.ARM.Collect$$rtentry$$00000000)
    __rt_entry_presh_1                       0x00000175   Thumb Code     0  __rtentry2.o(.ARM.Collect$$rtentry$$00000002)
    __rt_entry_sh                            0x00000175   Thumb Code     0  __rtentry4.o(.ARM.Collect$$rtentry$$00000004)
    __rt_entry_postsh_1                      0x0000017b   Thumb Code     0  __rtentry2.o(.ARM.Collect$$rtentry$$00000008)
    __rt_entry_li                            0x00000183   Thumb Code     0  __rtentry2.o(.ARM.Collect$$rtentry$$0000000A)
    __rt_entry_main                          0x00000187   Thumb Code     0  __rtentry2.o(.ARM.Collect$$rtentry$$0000000D)
    __rt_entry_postli_1                      0x00000187   Thumb Code     0  __rtentry2.o(.ARM.Collect$$rtentry$$0000000C)
    __rt_exit                                0x0000018f   Thumb Code     0  rtexit.o(.ARM.Collect$$rtexit$$00000000)
    __rt_exit_ls                             0x00000191   Thumb Code     0  rtexit2.o(.ARM.Collect$$rtexit$$00000003)
    __rt_exit_prels_1                        0x00000191   Thumb Code     0  rtexit2.o(.ARM.Collect$$rtexit$$00000002)
    __rt_exit_exit                           0x00000195   Thumb Code     0  rtexit2.o(.ARM.Collect$$rtexit$$00000004)
    Reset_Handler                            0x0000019d   Thumb Code     8  startup_lpc17xx.o(.text)
    _maybe_terminate_alloc                   0x0000019d   Thumb Code     0  maybetermalloc2.o(.emb_text)
    NMI_Handler                              0x000001a5   Thumb Code     2  startup_lpc17xx.o(.text)
    HardFault_Handler                        0x000001a7   Thumb Code     2  startup_lpc17xx.o(.text)
    MemManage_Handler                        0x000001a9   Thumb Code     2  startup_lpc17xx.o(.text)
    BusFault_Handler                         0x000001ab   Thumb Code     2  startup_lpc17xx.o(.text)
    UsageFault_Handler                       0x000001ad   Thumb Code     2  startup_lpc17xx.o(.text)
    DebugMon_Handler                         0x000001b1   Thumb Code     2  startup_lpc17xx.o(.text)
    ADC_IRQHandler                           0x000001b7   Thumb Code     0  startup_lpc17xx.o(.text)
    BOD_IRQHandler                           0x000001b7   Thumb Code     0  startup_lpc17xx.o(.text)
    CANActivity_IRQHandler                   0x000001b7   Thumb Code     0  startup_lpc17xx.o(.text)
    CAN_IRQHandler                           0x000001b7   Thumb Code     0  startup_lpc17xx.o(.text)
    DMA_IRQHandler                           0x000001b7   Thumb Code     0  startup_lpc17xx.o(.text)
    EINT0_IRQHandler                         0x000001b7   Thumb Code     0  startup_lpc17xx.o(.text)
    EINT1_IRQHandler                         0x000001b7   Thumb Code     0  startup_lpc17xx.o(.text)
    EINT2_IRQHandler                         0x000001b7   Thumb Code     0  startup_lpc17xx.o(.text)
    ENET_IRQHandler                          0x000001b7   Thumb Code     0  startup_lpc17xx.o(.text)
    I2C0_IRQHandler                          0x000001b7   Thumb Code     0  startup_lpc17xx.o(.text)
    I2C1_IRQHandler                          0x000001b7   Thumb Code     0  startup_lpc17xx.o(.text)
    I2C2_IRQHandler                          0x000001b7   Thumb Code     0  startup_lpc17xx.o(.text)
    I2S_IRQHandler                           0x000001b7   Thumb Code     0  startup_lpc17xx.o(.text)
    MCPWM_IRQHandler                         0x000001b7   Thumb Code     0  startup_lpc17xx.o(.text)
    PLL0_IRQHandler                          0x000001b7   Thumb Code     0  startup_lpc17xx.o(.text)
    PLL1_IRQHandler                          0x000001b7   Thumb Code     0  startup_lpc17xx.o(.text)
    PWM1_IRQHandler                          0x000001b7   Thumb Code     0  startup_lpc17xx.o(.text)
    QEI_IRQHandler                           0x000001b7   Thumb Code     0  startup_lpc17xx.o(.text)
    RIT_IRQHandler                           0x000001b7   Thumb Code     0  startup_lpc17xx.o(.text)
    RTC_IRQHandler                           0x000001b7   Thumb Code     0  startup_lpc17xx.o(.text)
    SPI_IRQHandler                           0x000001b7   Thumb Code     0  startup_lpc17xx.o(.text)
    SSP0_IRQHandler                          0x000001b7   Thumb Code     0  startup_lpc17xx.o(.text)
    SSP1_IRQHandler                          0x000001b7   Thumb Code     0  startup_lpc17xx.o(.text)
    TIMER0_IRQHandler                        0x000001b7   Thumb Code     0  startup_lpc17xx.o(.text)
    TIMER1_IRQHandler                        0x000001b7   Thumb Code     0  startup_lpc17xx.o(.text)
    TIMER2_IRQHandler                        0x000001b7   Thumb Code     0  startup_lpc17xx.o(.text)
    TIMER3_IRQHandler                        0x000001b7   Thumb Code     0  startup_lpc17xx.o(.text)
    UART2_IRQHandler                         0x000001b7   Thumb Code     0  startup_lpc17xx.o(.text)
    UART3_IRQHandler                         0x000001b7   Thumb Code     0  startup_lpc17xx.o(.text)
    USBActivity_IRQHandler                   0x000001b7   Thumb Code     0  startup_lpc17xx.o(.text)
    USB_IRQHandler                           0x000001b7   Thumb Code     0  startup_lpc17xx.o(.text)
    WDT_IRQHandler                           0x000001b7   Thumb Code     0  startup_lpc17xx.o(.text)
    __user_initial_stackheap                 0x000001b9   Thumb Code     0  startup_lpc17xx.o(.text)
    SVC_Handler                              0x000001d9   Thumb Code   108  irq_cm3.o(.text)
    PendSV_Handler                           0x00000245   Thumb Code    16  irq_cm3.o(.text)
    SysTick_Handler                          0x00000255   Thumb Code    16  irq_cm3.o(.text)
    __aeabi_memcpy                           0x0000026d   Thumb Code     0  rt_memcpy_v6.o(.text)
    __rt_memcpy                              0x0000026d   Thumb Code   138  rt_memcpy_v6.o(.text)
    _memcpy_lastbytes                        0x000002d3   Thumb Code     0  rt_memcpy_v6.o(.text)
    __use_two_region_memory                  0x000002f7   Thumb Code     2  heapauxi.o(.text)
    __rt_heap_escrow                         0x000002f9   Thumb Code     2  heapauxi.o(.text)
    __rt_heap_expand                         0x000002fb   Thumb Code     2  heapauxi.o(.text)
    _malloc_internal                         0x00000309   Thumb Code   130  h1_alloc_mt.o(.text)
    malloc                                   0x0000038b   Thumb Code    20  h1_alloc_mt.o(.text)
    __aeabi_memclr                           0x0000039f   Thumb Code     0  rt_memclr.o(.text)
    __rt_memclr                              0x0000039f   Thumb Code    68  rt_memclr.o(.text)
    _memset                                  0x000003a3   Thumb Code     0  rt_memclr.o(.text)
    __aeabi_memclr4                          0x000003e3   Thumb Code     0  rt_memclr_w.o(.text)
    __aeabi_memclr8                          0x000003e3   Thumb Code     0  rt_memclr_w.o(.text)
    __rt_memclr_w                            0x000003e3   Thumb Code    78  rt_memclr_w.o(.text)
    _memset_w                                0x000003e7   Thumb Code     0  rt_memclr_w.o(.text)
    __rt_heap_descriptor                     0x00000431   Thumb Code    10  rt_heap_descriptor_twolibspace.o(.text)
    __use_no_heap                            0x0000043b   Thumb Code     2  hguard.o(.text)
    __heap$guard                             0x0000043d   Thumb Code     2  hguard.o(.text)
    _terminate_user_alloc                    0x0000043f   Thumb Code     2  init_alloc.o(.text)
    _init_user_alloc                         0x00000441   Thumb Code     2  init_alloc.o(.text)
    __Heap_Full                              0x00000443   Thumb Code    34  init_alloc.o(.text)
    __Heap_Broken                            0x00000465   Thumb Code     6  init_alloc.o(.text)
    _init_alloc                              0x0000046b   Thumb Code    94  init_alloc.o(.text)
    __Heap_Initialize                        0x000004c9   Thumb Code    14  h1_init_mt.o(.text)
    __Heap_DescSize                          0x000004d7   Thumb Code     4  h1_init_mt.o(.text)
    _free_internal                           0x000004db   Thumb Code    98  h1_free_mt.o(.text)
    free                                     0x0000053d   Thumb Code    20  h1_free_mt.o(.text)
    __aeabi_memcpy4                          0x00000551   Thumb Code     0  rt_memcpy_w.o(.text)
    __aeabi_memcpy8                          0x00000551   Thumb Code     0  rt_memcpy_w.o(.text)
    __rt_memcpy_w                            0x00000551   Thumb Code   100  rt_memcpy_w.o(.text)
    _memcpy_lastbytes_aligned                0x00000599   Thumb Code     0  rt_memcpy_w.o(.text)
    __user_libspace                          0x000005b5   Thumb Code     8  libspace.o(.text)
    __user_perproc_libspace                  0x000005b5   Thumb Code     0  libspace.o(.text)
    __Heap_ProvideMemory                     0x000005bd   Thumb Code    62  h1_extend_mt.o(.text)
    __rt_SIGRTMEM                            0x000005fb   Thumb Code    14  defsig_rtmem_outer.o(.text)
    __user_setup_stackheap                   0x00000609   Thumb Code    74  sys_stackheap_outer.o(.text)
    _terminate_alloc                         0x00000653   Thumb Code    16  term_alloc.o(.text)
    exit                                     0x00000663   Thumb Code    18  exit.o(.text)
    __sig_exit                               0x00000675   Thumb Code    10  defsig_exit.o(.text)
    __rt_SIGRTMEM_inner                      0x00000681   Thumb Code    22  defsig_rtmem_inner.o(.text)
    __Heap_Finalize                          0x000006d1   Thumb Code    10  h1_final_mt.o(.text)
    __default_signal_display                 0x000006db   Thumb Code    50  defsig_general.o(.text)
    OS_Tick_AcknowledgeIRQ                   0x000007d1   Thumb Code    12  os_systick.o(.text.OS_Tick_AcknowledgeIRQ)
    OS_Tick_Enable                           0x000007dd   Thumb Code    44  os_systick.o(.text.OS_Tick_Enable)
    OS_Tick_GetClock                         0x00000809   Thumb Code    12  os_systick.o(.text.OS_Tick_GetClock)
    OS_Tick_GetIRQn                          0x00000815   Thumb Code     6  os_systick.o(.text.OS_Tick_GetIRQn)
    OS_Tick_Setup                            0x0000081d   Thumb Code    64  os_systick.o(.text.OS_Tick_Setup)
    osDelay                                  0x00000919   Thumb Code    36  rtx_delay.o(.text.osDelay)
    osKernelGetState                         0x0000093d   Thumb Code    48  rtx_kernel.o(.text.osKernelGetState)
    osKernelGetSysTimerFreq                  0x0000096d   Thumb Code    36  rtx_kernel.o(.text.osKernelGetSysTimerFreq)
    osKernelInitialize                       0x00000991   Thumb Code    44  rtx_kernel.o(.text.osKernelInitialize)
    osKernelStart                            0x000009bd   Thumb Code    36  rtx_kernel.o(.text.osKernelStart)
    osMessageQueueGet                        0x000009e1   Thumb Code   108  rtx_msgqueue.o(.text.osMessageQueueGet)
    osMessageQueueNew                        0x00000a4d   Thumb Code    36  rtx_msgqueue.o(.text.osMessageQueueNew)
    osMessageQueuePut                        0x00000a71   Thumb Code   120  rtx_msgqueue.o(.text.osMessageQueuePut)
    osMutexAcquire                           0x00000ae9   Thumb Code    36  rtx_mutex.o(.text.osMutexAcquire)
    osMutexDelete                            0x00000b0d   Thumb Code    36  rtx_mutex.o(.text.osMutexDelete)
    osMutexNew                               0x00000b31   Thumb Code    36  rtx_mutex.o(.text.osMutexNew)
    osMutexRelease                           0x00000b55   Thumb Code    36  rtx_mutex.o(.text.osMutexRelease)
    osRtxKernelPreInit                       0x00000b79   Thumb Code     2  rtx_kernel.o(.text.osRtxKernelPreInit)
    osRtxMemoryAlloc                         0x00000b7b   Thumb Code   124  rtx_memory.o(.text.osRtxMemoryAlloc)
    osRtxMemoryFree                          0x00000bf7   Thumb Code    82  rtx_memory.o(.text.osRtxMemoryFree)
    osRtxMemoryInit                          0x00000c49   Thumb Code    54  rtx_memory.o(.text.osRtxMemoryInit)
    osRtxMemoryPoolAlloc                     0x00000c7f   Thumb Code    56  rtx_mempool.o(.text.osRtxMemoryPoolAlloc)
    osRtxMemoryPoolFree                      0x00000cb7   Thumb Code    72  rtx_mempool.o(.text.osRtxMemoryPoolFree)
    osRtxMemoryPoolInit                      0x00000cff   Thumb Code    84  rtx_mempool.o(.text.osRtxMemoryPoolInit)
    osRtxMutexOwnerRelease                   0x00000e0d   Thumb Code    68  rtx_mutex.o(.text.osRtxMutexOwnerRelease)
    osRtxPendSV_Handler                      0x00000e51   Thumb Code   140  rtx_system.o(.text.osRtxPendSV_Handler)
    osRtxPostProcess                         0x00000edd   Thumb Code   116  rtx_system.o(.text.osRtxPostProcess)
    osRtxThreadDelayTick                     0x0000105d   Thumb Code    52  rtx_thread.o(.text.osRtxThreadDelayTick)
    osRtxThreadDispatch                      0x00001091   Thumb Code    92  rtx_thread.o(.text.osRtxThreadDispatch)
    osRtxThreadListGet                       0x00001141   Thumb Code    20  rtx_thread.o(.text.osRtxThreadListGet)
    osRtxThreadListPut                       0x00001155   Thumb Code    42  rtx_thread.o(.text.osRtxThreadListPut)
    osRtxThreadListRemove                    0x0000117f   Thumb Code    20  rtx_thread.o(.text.osRtxThreadListRemove)
    osRtxThreadListSort                      0x00001193   Thumb Code    40  rtx_thread.o(.text.osRtxThreadListSort)
    osRtxThreadReadyPut                      0x000011e5   Thumb Code    20  rtx_thread.o(.text.osRtxThreadReadyPut)
    osRtxThreadRegPtr                        0x000011f9   Thumb Code     6  rtx_thread.o(.text.osRtxThreadRegPtr)
    osRtxThreadStackCheck                    0x00001201   Thumb Code    40  rtx_thread.o(.text.osRtxThreadStackCheck)
    osRtxThreadStartup                       0x00001229   Thumb Code    64  rtx_thread.o(.text.osRtxThreadStartup)
    osRtxThreadSwitch                        0x00001269   Thumb Code    16  rtx_thread.o(.text.osRtxThreadSwitch)
    osRtxThreadWaitEnter                     0x00001279   Thumb Code    60  rtx_thread.o(.text.osRtxThreadWaitEnter)
    osRtxThreadWaitExit                      0x000012b5   Thumb Code    36  rtx_thread.o(.text.osRtxThreadWaitExit)
    osRtxTick_Handler                        0x000012d9   Thumb Code   112  rtx_system.o(.text.osRtxTick_Handler)
    osRtxTimerThread                         0x00001349   Thumb Code    60  rtx_timer.o(.text.osRtxTimerThread)
    osThreadExit                             0x000013dd   Thumb Code    12  rtx_thread.o(.text.osThreadExit)
    osThreadNew                              0x000013e9   Thumb Code    36  rtx_thread.o(.text.osThreadNew)
    EINT3_IRQHandler                         0x00001da9   Thumb Code    24  pushbutton.o(i.EINT3_IRQHandler)
    GLCD_Clear                               0x00001dc9   Thumb Code    42  glcd_spi_lpc1700.o(i.GLCD_Clear)
    GLCD_ClearLn                             0x00001df3   Thumb Code    94  glcd_spi_lpc1700.o(i.GLCD_ClearLn)
    GLCD_DisplayChar                         0x00001e51   Thumb Code    84  glcd_spi_lpc1700.o(i.GLCD_DisplayChar)
    GLCD_DisplayString                       0x00001ead   Thumb Code    40  glcd_spi_lpc1700.o(i.GLCD_DisplayString)
    GLCD_DrawChar                            0x00001ed5   Thumb Code   150  glcd_spi_lpc1700.o(i.GLCD_DrawChar)
    GLCD_Init                                0x00001f71   Thumb Code  1506  glcd_spi_lpc1700.o(i.GLCD_Init)
    GLCD_SetWindow                           0x00002559   Thumb Code   168  glcd_spi_lpc1700.o(i.GLCD_SetWindow)
    GLCD_WindowMax                           0x00002605   Thumb Code    18  glcd_spi_lpc1700.o(i.GLCD_WindowMax)
    GUI_Level_Menu                           0x00002619   Thumb Code   238  gui.o(i.GUI_Level_Menu)
    GUI_Start                                0x0000272d   Thumb Code    62  gui.o(i.GUI_Start)
    GUI_Task                                 0x00002785   Thumb Code    60  gui.o(i.GUI_Task)
    Joy_Task                                 0x000027ed   Thumb Code   126  joy.o(i.Joy_Task)
    Joy_init                                 0x00002879   Thumb Code    14  joy.o(i.Joy_init)
    Pot_Task                                 0x0000288d   Thumb Code   120  pot.o(i.Pot_Task)
    SystemInit                               0x0000291d   Thumb Code   302  system_lpc17xx.o(i.SystemInit)
    UART0_IRQHandler                         0x00002a5d   Thumb Code    88  uart.o(i.UART0_IRQHandler)
    UART1_IRQHandler                         0x00002ac5   Thumb Code    90  uart.o(i.UART1_IRQHandler)
    UARTSendChar                             0x00002b35   Thumb Code    52  uart.o(i.UARTSendChar)
    _mutex_acquire                           0x00002b6d   Thumb Code    22  rtx_lib.o(i._mutex_acquire)
    _mutex_free                              0x00002b83   Thumb Code    12  rtx_lib.o(i._mutex_free)
    _mutex_initialize                        0x00002b8f   Thumb Code    34  rtx_lib.o(i._mutex_initialize)
    _mutex_release                           0x00002bb1   Thumb Code    18  rtx_lib.o(i._mutex_release)
    _platform_post_stackheap_init            0x00002bc3   Thumb Code     8  rtx_lib.o(i._platform_post_stackheap_init)
    _sys_exit                                0x00002bcb   Thumb Code     4  retarget.o(i._sys_exit)
    _ttywrch                                 0x00002bcf   Thumb Code    12  retarget.o(i._ttywrch)
    init                                     0x00002be9   Thumb Code    16  main.o(i.init)
    main                                     0x00002bf9   Thumb Code    58  main.o(i.main)
    osRtxErrorNotify                         0x00002c4d   Thumb Code    32  rtx_config.o(i.osRtxErrorNotify)
    osRtxIdleThread                          0x00002c6d   Thumb Code     4  rtx_config.o(i.osRtxIdleThread)
    sendchar                                 0x00002d65   Thumb Code    42  retarget.o(i.sendchar)
    setup_INT0                               0x00002d91   Thumb Code    46  pushbutton.o(i.setup_INT0)
    Font_6x8_h                               0x00002efc   Data         896  glcd_spi_lpc1700.o(.constdata)
    Font_16x24_h                             0x0000327c   Data        5376  glcd_spi_lpc1700.o(.constdata)
    osRtxUserSVC                             0x000047dc   Data           4  rtx_lib.o(.constdata)
    irqRtxLib                                0x000047e0   Data           1  irq_cm3.o(.constdata)
    osRtxConfig                              0x000047e4   Data         104  rtx_lib.o(.rodata)
    Region$$Table$$Base                      0x00004858   Number         0  anon$$obj.o(Region$$Table)
    Region$$Table$$Limit                     0x00004878   Number         0  anon$$obj.o(Region$$Table)
    .bss.os.msgqueue.cb$$Base                0x10001040   Number         0  rtx_lib.o(.bss.os.msgqueue.cb)
    .bss.os.msgqueue.cb$$Limit               0x10001074   Number         0  rtx_lib.o(.bss.os.msgqueue.cb)
    .bss.os.thread.cb$$Base                  0x100010c4   Number         0  rtx_lib.o(.bss.os.thread.cb)
    .bss.os.thread.cb$$Limit                 0x1000114c   Number         0  rtx_lib.o(.bss.os.thread.cb)
    ITM_RxBuffer                             0x10001358   Data           4  uart.o(.data)
    UART0Status                              0x1000135c   Data           4  uart.o(.data)
    UART1Status                              0x10001360   Data           4  uart.o(.data)
    UART0TxEmpty                             0x10001364   Data           1  uart.o(.data)
    UART1TxEmpty                             0x10001365   Data           1  uart.o(.data)
    UART0Count                               0x10001368   Data           4  uart.o(.data)
    UART1Count                               0x1000136c   Data           4  uart.o(.data)
    RcvLock0                                 0x10001370   Data           1  uart.o(.data)
    SndLock0                                 0x10001371   Data           1  uart.o(.data)
    RcvLock1                                 0x10001372   Data           1  uart.o(.data)
    SndLock1                                 0x10001373   Data           1  uart.o(.data)
    i                                        0x10001374   Data           4  uart.o(.data)
    GUI_Thread                               0x10001378   Data           4  main.o(.data)
    Pot_Thread                               0x1000137c   Data           4  main.o(.data)
    Joy_Thread                               0x10001380   Data           4  main.o(.data)
    sel_lev                                  0x10001384   Data           1  gui.o(.data)
    game_state_id                            0x10001388   Data           4  gui.o(.data)
    game_state                               0x1000138c   Data           1  gui.o(.data)
    joy_in                                   0x10001390   Data           4  joy.o(.data)
    joy_val_id                               0x10001394   Data           4  joy.o(.data)
    pot_val                                  0x10001398   Data           4  pot.o(.data)
    pot_val_id                               0x1000139c   Data           4  pot.o(.data)
    button_pushed                            0x100013a0   Data           1  pushbutton.o(.data)
    irqRtxLibRef                             0x100013a4   Data           4  rtx_lib.o(.data)
    SystemCoreClock                          0x100013ac   Data           4  system_lpc17xx.o(.data)
    osRtxInfo                                0x100013b0   Data         164  rtx_kernel.o(.data.os)
    UART0Buffer                              0x10001454   Data          64  uart.o(.bss)
    UART1Buffer                              0x10001494   Data          64  uart.o(.bss)
    __libspace_start                         0x100014d4   Data          96  libspace.o(.bss)
    __temporary_stack_top$libspace           0x10001534   Data           0  libspace.o(.bss)



==============================================================================

Memory Map of the image

  Image Entry point : 0x0000019d

  Load Region LR_1 (Base: 0x00000000, Size: 0x00005ccc, Max: 0xffffffff, ABSOLUTE, COMPRESSED[0x000048bc])

    Execution Region ER_RO (Exec base: 0x00000000, Load base: 0x00000000, Size: 0x00004878, Max: 0xffffffff, ABSOLUTE)

    Exec Addr    Load Addr    Size         Type   Attr      Idx    E Section Name        Object

    0x00000000   0x00000000   0x000000cc   Data   RO          855    RESET               startup_lpc17xx.o
    0x000000cc   0x000000cc   0x00000008   Code   RO         1431  * !!!main             c_w.l(__main.o)
    0x000000d4   0x000000d4   0x00000034   Code   RO         1646    !!!scatter          c_w.l(__scatter.o)
    0x00000108   0x00000108   0x0000003a   Code   RO         1644    !!dczerorl          c_w.l(__dczerorl.o)
    0x00000142   0x00000142   0x00000002   PAD
    0x00000144   0x00000144   0x0000001c   Code   RO         1648    !!handler_zi        c_w.l(__scatter_zi.o)
    0x00000160   0x00000160   0x00000002   Code   RO         1587    .ARM.Collect$$libinit$$00000000  c_w.l(libinit.o)
    0x00000162   0x00000162   0x00000000   Code   RO         1476    .ARM.Collect$$libinit$$00000002  c_w.l(libinit2.o)
    0x00000162   0x00000162   0x00000000   Code   RO         1478    .ARM.Collect$$libinit$$00000004  c_w.l(libinit2.o)
    0x00000162   0x00000162   0x00000008   Code   RO         1479    .ARM.Collect$$libinit$$00000005  c_w.l(libinit2.o)
    0x0000016a   0x0000016a   0x00000000   Code   RO         1481    .ARM.Collect$$libinit$$0000000A  c_w.l(libinit2.o)
    0x0000016a   0x0000016a   0x00000000   Code   RO         1483    .ARM.Collect$$libinit$$0000000C  c_w.l(libinit2.o)
    0x0000016a   0x0000016a   0x00000000   Code   RO         1485    .ARM.Collect$$libinit$$0000000E  c_w.l(libinit2.o)
    0x0000016a   0x0000016a   0x00000000   Code   RO         1488    .ARM.Collect$$libinit$$00000011  c_w.l(libinit2.o)
    0x0000016a   0x0000016a   0x00000000   Code   RO         1490    .ARM.Collect$$libinit$$00000013  c_w.l(libinit2.o)
    0x0000016a   0x0000016a   0x00000000   Code   RO         1492    .ARM.Collect$$libinit$$00000015  c_w.l(libinit2.o)
    0x0000016a   0x0000016a   0x00000000   Code   RO         1494    .ARM.Collect$$libinit$$00000017  c_w.l(libinit2.o)
    0x0000016a   0x0000016a   0x00000000   Code   RO         1496    .ARM.Collect$$libinit$$00000019  c_w.l(libinit2.o)
    0x0000016a   0x0000016a   0x00000000   Code   RO         1498    .ARM.Collect$$libinit$$0000001B  c_w.l(libinit2.o)
    0x0000016a   0x0000016a   0x00000000   Code   RO         1500    .ARM.Collect$$libinit$$0000001D  c_w.l(libinit2.o)
    0x0000016a   0x0000016a   0x00000000   Code   RO         1502    .ARM.Collect$$libinit$$0000001F  c_w.l(libinit2.o)
    0x0000016a   0x0000016a   0x00000000   Code   RO         1504    .ARM.Collect$$libinit$$00000021  c_w.l(libinit2.o)
    0x0000016a   0x0000016a   0x00000000   Code   RO         1506    .ARM.Collect$$libinit$$00000023  c_w.l(libinit2.o)
    0x0000016a   0x0000016a   0x00000000   Code   RO         1508    .ARM.Collect$$libinit$$00000025  c_w.l(libinit2.o)
    0x0000016a   0x0000016a   0x00000000   Code   RO         1512    .ARM.Collect$$libinit$$0000002C  c_w.l(libinit2.o)
    0x0000016a   0x0000016a   0x00000000   Code   RO         1514    .ARM.Collect$$libinit$$0000002E  c_w.l(libinit2.o)
    0x0000016a   0x0000016a   0x00000000   Code   RO         1516    .ARM.Collect$$libinit$$00000030  c_w.l(libinit2.o)
    0x0000016a   0x0000016a   0x00000000   Code   RO         1518    .ARM.Collect$$libinit$$00000032  c_w.l(libinit2.o)
    0x0000016a   0x0000016a   0x00000002   Code   RO         1519    .ARM.Collect$$libinit$$00000033  c_w.l(libinit2.o)
    0x0000016c   0x0000016c   0x00000002   Code   RO         1641    .ARM.Collect$$libshutdown$$00000000  c_w.l(libshutdown.o)
    0x0000016e   0x0000016e   0x00000000   Code   RO         1601    .ARM.Collect$$libshutdown$$00000002  c_w.l(libshutdown2.o)
    0x0000016e   0x0000016e   0x00000000   Code   RO         1603    .ARM.Collect$$libshutdown$$00000004  c_w.l(libshutdown2.o)
    0x0000016e   0x0000016e   0x00000000   Code   RO         1606    .ARM.Collect$$libshutdown$$00000007  c_w.l(libshutdown2.o)
    0x0000016e   0x0000016e   0x00000000   Code   RO         1609    .ARM.Collect$$libshutdown$$0000000A  c_w.l(libshutdown2.o)
    0x0000016e   0x0000016e   0x00000000   Code   RO         1611    .ARM.Collect$$libshutdown$$0000000C  c_w.l(libshutdown2.o)
    0x0000016e   0x0000016e   0x00000004   Code   RO         1612    .ARM.Collect$$libshutdown$$0000000D  c_w.l(libshutdown2.o)
    0x00000172   0x00000172   0x00000000   Code   RO         1614    .ARM.Collect$$libshutdown$$0000000F  c_w.l(libshutdown2.o)
    0x00000172   0x00000172   0x00000002   Code   RO         1615    .ARM.Collect$$libshutdown$$00000010  c_w.l(libshutdown2.o)
    0x00000174   0x00000174   0x00000000   Code   RO         1433    .ARM.Collect$$rtentry$$00000000  c_w.l(__rtentry.o)
    0x00000174   0x00000174   0x00000000   Code   RO         1526    .ARM.Collect$$rtentry$$00000002  c_w.l(__rtentry2.o)
    0x00000174   0x00000174   0x00000006   Code   RO         1538    .ARM.Collect$$rtentry$$00000004  c_w.l(__rtentry4.o)
    0x0000017a   0x0000017a   0x00000008   Code   RO         1527    .ARM.Collect$$rtentry$$00000008  c_w.l(__rtentry2.o)
    0x00000182   0x00000182   0x00000004   Code   RO         1529    .ARM.Collect$$rtentry$$0000000A  c_w.l(__rtentry2.o)
    0x00000186   0x00000186   0x00000000   Code   RO         1531    .ARM.Collect$$rtentry$$0000000C  c_w.l(__rtentry2.o)
    0x00000186   0x00000186   0x00000008   Code   RO         1532    .ARM.Collect$$rtentry$$0000000D  c_w.l(__rtentry2.o)
    0x0000018e   0x0000018e   0x00000002   Code   RO         1588    .ARM.Collect$$rtexit$$00000000  c_w.l(rtexit.o)
    0x00000190   0x00000190   0x00000000   Code   RO         1617    .ARM.Collect$$rtexit$$00000002  c_w.l(rtexit2.o)
    0x00000190   0x00000190   0x00000004   Code   RO         1618    .ARM.Collect$$rtexit$$00000003  c_w.l(rtexit2.o)
    0x00000194   0x00000194   0x00000006   Code   RO         1619    .ARM.Collect$$rtexit$$00000004  c_w.l(rtexit2.o)
    0x0000019a   0x0000019a   0x00000002   PAD
    0x0000019c   0x0000019c   0x00000000   Code   RO         1545    .emb_text           c_w.l(maybetermalloc2.o)
    0x0000019c   0x0000019c   0x0000003c   Code   RO          857  * .text               startup_lpc17xx.o
    0x000001d8   0x000001d8   0x00000094   Code   RO         1150    .text               RTX_CM3.lib(irq_cm3.o)
    0x0000026c   0x0000026c   0x0000008a   Code   RO         1423    .text               c_w.l(rt_memcpy_v6.o)
    0x000002f6   0x000002f6   0x00000006   Code   RO         1429    .text               c_w.l(heapauxi.o)
    0x000002fc   0x000002fc   0x00000004   Code   RO          856    .ARM.__at_0x02FC    startup_lpc17xx.o
    0x00000300   0x00000300   0x0000009e   Code   RO         1369    .text               c_w.l(h1_alloc_mt.o)
    0x0000039e   0x0000039e   0x00000044   Code   RO         1425    .text               c_w.l(rt_memclr.o)
    0x000003e2   0x000003e2   0x0000004e   Code   RO         1427    .text               c_w.l(rt_memclr_w.o)
    0x00000430   0x00000430   0x0000000a   Code   RO         1443    .text               c_w.l(rt_heap_descriptor_twolibspace.o)
    0x0000043a   0x0000043a   0x00000004   Code   RO         1445    .text               c_w.l(hguard.o)
    0x0000043e   0x0000043e   0x0000008a   Code   RO         1447    .text               c_w.l(init_alloc.o)
    0x000004c8   0x000004c8   0x00000012   Code   RO         1457    .text               c_w.l(h1_init_mt.o)
    0x000004da   0x000004da   0x00000076   Code   RO         1459    .text               c_w.l(h1_free_mt.o)
    0x00000550   0x00000550   0x00000064   Code   RO         1471    .text               c_w.l(rt_memcpy_w.o)
    0x000005b4   0x000005b4   0x00000008   Code   RO         1522    .text               c_w.l(libspace.o)
    0x000005bc   0x000005bc   0x0000003e   Code   RO         1548    .text               c_w.l(h1_extend_mt.o)
    0x000005fa   0x000005fa   0x0000000e   Code   RO         1550    .text               c_w.l(defsig_rtmem_outer.o)
    0x00000608   0x00000608   0x0000004a   Code   RO         1564    .text               c_w.l(sys_stackheap_outer.o)
    0x00000652   0x00000652   0x00000010   Code   RO         1568    .text               c_w.l(term_alloc.o)
    0x00000662   0x00000662   0x00000012   Code   RO         1570    .text               c_w.l(exit.o)
    0x00000674   0x00000674   0x0000000a   Code   RO         1572    .text               c_w.l(defsig_exit.o)
    0x0000067e   0x0000067e   0x00000002   PAD
    0x00000680   0x00000680   0x00000050   Code   RO         1578    .text               c_w.l(defsig_rtmem_inner.o)
    0x000006d0   0x000006d0   0x0000000a   Code   RO         1592    .text               c_w.l(h1_final_mt.o)
    0x000006da   0x000006da   0x00000032   Code   RO         1596    .text               c_w.l(defsig_general.o)
    0x0000070c   0x0000070c   0x00000044   Code   RO         1347    .text.MessageQueueGet  RTX_CM3.lib(rtx_msgqueue.o)
    0x00000750   0x00000750   0x00000062   Code   RO         1341    .text.MessageQueuePut  RTX_CM3.lib(rtx_msgqueue.o)
    0x000007b2   0x000007b2   0x0000001c   Code   RO         1339    .text.MessageQueueRemove  RTX_CM3.lib(rtx_msgqueue.o)
    0x000007ce   0x000007ce   0x00000002   PAD
    0x000007d0   0x000007d0   0x0000000c   Code   RO         1285    .text.OS_Tick_AcknowledgeIRQ  RTX_CM3.lib(os_systick.o)
    0x000007dc   0x000007dc   0x0000002c   Code   RO         1281    .text.OS_Tick_Enable  RTX_CM3.lib(os_systick.o)
    0x00000808   0x00000808   0x0000000c   Code   RO         1289    .text.OS_Tick_GetClock  RTX_CM3.lib(os_systick.o)
    0x00000814   0x00000814   0x00000006   Code   RO         1287    .text.OS_Tick_GetIRQn  RTX_CM3.lib(os_systick.o)
    0x0000081a   0x0000081a   0x00000002   PAD
    0x0000081c   0x0000081c   0x00000040   Code   RO         1279    .text.OS_Tick_Setup  RTX_CM3.lib(os_systick.o)
    0x0000085c   0x0000085c   0x0000006c   Code   RO         1045    .text.ThreadFlagsCheck  RTX_CM3.lib(rtx_thread.o)
    0x000008c8   0x000008c8   0x00000050   Code   RO         1171    .text.TimerInsert   RTX_CM3.lib(rtx_timer.o)
    0x00000918   0x00000918   0x00000024   Code   RO         1098    .text.osDelay       RTX_CM3.lib(rtx_delay.o)
    0x0000093c   0x0000093c   0x00000030   Code   RO          908    .text.osKernelGetState  RTX_CM3.lib(rtx_kernel.o)
    0x0000096c   0x0000096c   0x00000024   Code   RO          936    .text.osKernelGetSysTimerFreq  RTX_CM3.lib(rtx_kernel.o)
    0x00000990   0x00000990   0x0000002c   Code   RO          902    .text.osKernelInitialize  RTX_CM3.lib(rtx_kernel.o)
    0x000009bc   0x000009bc   0x00000024   Code   RO          912    .text.osKernelStart  RTX_CM3.lib(rtx_kernel.o)
    0x000009e0   0x000009e0   0x0000006c   Code   RO         1313    .text.osMessageQueueGet  RTX_CM3.lib(rtx_msgqueue.o)
    0x00000a4c   0x00000a4c   0x00000024   Code   RO         1307    .text.osMessageQueueNew  RTX_CM3.lib(rtx_msgqueue.o)
    0x00000a70   0x00000a70   0x00000078   Code   RO         1311    .text.osMessageQueuePut  RTX_CM3.lib(rtx_msgqueue.o)
    0x00000ae8   0x00000ae8   0x00000024   Code   RO         1121    .text.osMutexAcquire  RTX_CM3.lib(rtx_mutex.o)
    0x00000b0c   0x00000b0c   0x00000024   Code   RO         1127    .text.osMutexDelete  RTX_CM3.lib(rtx_mutex.o)
    0x00000b30   0x00000b30   0x00000024   Code   RO         1117    .text.osMutexNew    RTX_CM3.lib(rtx_mutex.o)
    0x00000b54   0x00000b54   0x00000024   Code   RO         1123    .text.osMutexRelease  RTX_CM3.lib(rtx_mutex.o)
    0x00000b78   0x00000b78   0x00000002   Code   RO          900    .text.osRtxKernelPreInit  RTX_CM3.lib(rtx_kernel.o)
    0x00000b7a   0x00000b7a   0x0000007c   Code   RO         1198    .text.osRtxMemoryAlloc  RTX_CM3.lib(rtx_memory.o)
    0x00000bf6   0x00000bf6   0x00000052   Code   RO         1200    .text.osRtxMemoryFree  RTX_CM3.lib(rtx_memory.o)
    0x00000c48   0x00000c48   0x00000036   Code   RO         1196    .text.osRtxMemoryInit  RTX_CM3.lib(rtx_memory.o)
    0x00000c7e   0x00000c7e   0x00000038   Code   RO         1213    .text.osRtxMemoryPoolAlloc  RTX_CM3.lib(rtx_mempool.o)
    0x00000cb6   0x00000cb6   0x00000048   Code   RO         1215    .text.osRtxMemoryPoolFree  RTX_CM3.lib(rtx_mempool.o)
    0x00000cfe   0x00000cfe   0x00000054   Code   RO         1211    .text.osRtxMemoryPoolInit  RTX_CM3.lib(rtx_mempool.o)
    0x00000d52   0x00000d52   0x000000ba   Code   RO         1337    .text.osRtxMessageQueuePostProcess  RTX_CM3.lib(rtx_msgqueue.o)
    0x00000e0c   0x00000e0c   0x00000044   Code   RO         1115    .text.osRtxMutexOwnerRelease  RTX_CM3.lib(rtx_mutex.o)
    0x00000e50   0x00000e50   0x0000008c   Code   RO         1266    .text.osRtxPendSV_Handler  RTX_CM3.lib(rtx_system.o)
    0x00000edc   0x00000edc   0x00000074   Code   RO         1268    .text.osRtxPostProcess  RTX_CM3.lib(rtx_system.o)
    0x00000f50   0x00000f50   0x00000038   Code   RO          985    .text.osRtxThreadBlock  RTX_CM3.lib(rtx_thread.o)
    0x00000f88   0x00000f88   0x00000088   Code   RO          993    .text.osRtxThreadDelayInsert  RTX_CM3.lib(rtx_thread.o)
    0x00001010   0x00001010   0x0000004c   Code   RO          989    .text.osRtxThreadDelayRemove  RTX_CM3.lib(rtx_thread.o)
    0x0000105c   0x0000105c   0x00000034   Code   RO          975    .text.osRtxThreadDelayTick  RTX_CM3.lib(rtx_thread.o)
    0x00001090   0x00001090   0x0000005c   Code   RO          983    .text.osRtxThreadDispatch  RTX_CM3.lib(rtx_thread.o)
    0x000010ec   0x000010ec   0x00000054   Code   RO         1069    .text.osRtxThreadFree  RTX_CM3.lib(rtx_thread.o)
    0x00001140   0x00001140   0x00000014   Code   RO          967    .text.osRtxThreadListGet  RTX_CM3.lib(rtx_thread.o)
    0x00001154   0x00001154   0x0000002a   Code   RO          965    .text.osRtxThreadListPut  RTX_CM3.lib(rtx_thread.o)
    0x0000117e   0x0000117e   0x00000014   Code   RO          971    .text.osRtxThreadListRemove  RTX_CM3.lib(rtx_thread.o)
    0x00001192   0x00001192   0x00000028   Code   RO          969    .text.osRtxThreadListSort  RTX_CM3.lib(rtx_thread.o)
    0x000011ba   0x000011ba   0x0000002a   Code   RO         1043    .text.osRtxThreadPostProcess  RTX_CM3.lib(rtx_thread.o)
    0x000011e4   0x000011e4   0x00000014   Code   RO          973    .text.osRtxThreadReadyPut  RTX_CM3.lib(rtx_thread.o)
    0x000011f8   0x000011f8   0x00000006   Code   RO          977    .text.osRtxThreadRegPtr  RTX_CM3.lib(rtx_thread.o)
    0x000011fe   0x000011fe   0x00000002   PAD
    0x00001200   0x00001200   0x00000028   Code   RO          981    .text.osRtxThreadStackCheck  RTX_CM3.lib(rtx_thread.o)
    0x00001228   0x00001228   0x00000040   Code   RO          995    .text.osRtxThreadStartup  RTX_CM3.lib(rtx_thread.o)
    0x00001268   0x00001268   0x00000010   Code   RO          979    .text.osRtxThreadSwitch  RTX_CM3.lib(rtx_thread.o)
    0x00001278   0x00001278   0x0000003c   Code   RO          991    .text.osRtxThreadWaitEnter  RTX_CM3.lib(rtx_thread.o)
    0x000012b4   0x000012b4   0x00000024   Code   RO          987    .text.osRtxThreadWaitExit  RTX_CM3.lib(rtx_thread.o)
    0x000012d8   0x000012d8   0x00000070   Code   RO         1264    .text.osRtxTick_Handler  RTX_CM3.lib(rtx_system.o)
    0x00001348   0x00001348   0x0000003c   Code   RO         1155    .text.osRtxTimerThread  RTX_CM3.lib(rtx_timer.o)
    0x00001384   0x00001384   0x00000058   Code   RO         1157    .text.osRtxTimerTick  RTX_CM3.lib(rtx_timer.o)
    0x000013dc   0x000013dc   0x0000000c   Code   RO         1027    .text.osThreadExit  RTX_CM3.lib(rtx_thread.o)
    0x000013e8   0x000013e8   0x00000024   Code   RO          999    .text.osThreadNew   RTX_CM3.lib(rtx_thread.o)
    0x0000140c   0x0000140c   0x00000014   Code   RO         1102    .text.svcRtxDelay   RTX_CM3.lib(rtx_delay.o)
    0x00001420   0x00001420   0x0000000c   Code   RO          910    .text.svcRtxKernelGetState  RTX_CM3.lib(rtx_kernel.o)
    0x0000142c   0x0000142c   0x00000004   Code   RO          938    .text.svcRtxKernelGetSysTimerFreq  RTX_CM3.lib(rtx_kernel.o)
    0x00001430   0x00001430   0x00000154   Code   RO          940    .text.svcRtxKernelInitialize  RTX_CM3.lib(rtx_kernel.o)
    0x00001584   0x00001584   0x00000088   Code   RO          942    .text.svcRtxKernelStart  RTX_CM3.lib(rtx_kernel.o)
    0x0000160c   0x0000160c   0x000000e4   Code   RO         1349    .text.svcRtxMessageQueueGet  RTX_CM3.lib(rtx_msgqueue.o)
    0x000016f0   0x000016f0   0x00000134   Code   RO         1335    .text.svcRtxMessageQueueNew  RTX_CM3.lib(rtx_msgqueue.o)
    0x00001824   0x00001824   0x000000c0   Code   RO         1345    .text.svcRtxMessageQueuePut  RTX_CM3.lib(rtx_msgqueue.o)
    0x000018e4   0x000018e4   0x00000090   Code   RO         1133    .text.svcRtxMutexAcquire  RTX_CM3.lib(rtx_mutex.o)
    0x00001974   0x00001974   0x000000c4   Code   RO         1139    .text.svcRtxMutexDelete  RTX_CM3.lib(rtx_mutex.o)
    0x00001a38   0x00001a38   0x0000006c   Code   RO         1129    .text.svcRtxMutexNew  RTX_CM3.lib(rtx_mutex.o)
    0x00001aa4   0x00001aa4   0x000000b4   Code   RO         1135    .text.svcRtxMutexRelease  RTX_CM3.lib(rtx_mutex.o)
    0x00001b58   0x00001b58   0x00000074   Code   RO         1073    .text.svcRtxThreadExit  RTX_CM3.lib(rtx_thread.o)
    0x00001bcc   0x00001bcc   0x000001dc   Code   RO          997    .text.svcRtxThreadNew  RTX_CM3.lib(rtx_thread.o)
    0x00001da8   0x00001da8   0x00000020   Code   RO          686    i.EINT3_IRQHandler  pushbutton.o
    0x00001dc8   0x00001dc8   0x0000002a   Code   RO          144    i.GLCD_Clear        glcd_spi_lpc1700.o
    0x00001df2   0x00001df2   0x0000005e   Code   RO          145    i.GLCD_ClearLn      glcd_spi_lpc1700.o
    0x00001e50   0x00001e50   0x0000005c   Code   RO          146    i.GLCD_DisplayChar  glcd_spi_lpc1700.o
    0x00001eac   0x00001eac   0x00000028   Code   RO          147    i.GLCD_DisplayString  glcd_spi_lpc1700.o
    0x00001ed4   0x00001ed4   0x0000009c   Code   RO          148    i.GLCD_DrawChar     glcd_spi_lpc1700.o
    0x00001f70   0x00001f70   0x000005e8   Code   RO          149    i.GLCD_Init         glcd_spi_lpc1700.o
    0x00002558   0x00002558   0x000000ac   Code   RO          154    i.GLCD_SetWindow    glcd_spi_lpc1700.o
    0x00002604   0x00002604   0x00000012   Code   RO          155    i.GLCD_WindowMax    glcd_spi_lpc1700.o
    0x00002616   0x00002616   0x00000002   PAD
    0x00002618   0x00002618   0x00000114   Code   RO          575    i.GUI_Level_Menu    gui.o
    0x0000272c   0x0000272c   0x00000058   Code   RO          576    i.GUI_Start         gui.o
    0x00002784   0x00002784   0x00000068   Code   RO          577    i.GUI_Task          gui.o
    0x000027ec   0x000027ec   0x0000008c   Code   RO          618    i.Joy_Task          joy.o
    0x00002878   0x00002878   0x00000014   Code   RO          619    i.Joy_init          joy.o
    0x0000288c   0x0000288c   0x00000090   Code   RO          655    i.Pot_Task          pot.o
    0x0000291c   0x0000291c   0x00000140   Code   RO          867    i.SystemInit        system_lpc17xx.o
    0x00002a5c   0x00002a5c   0x00000068   Code   RO          401    i.UART0_IRQHandler  uart.o
    0x00002ac4   0x00002ac4   0x00000070   Code   RO          402    i.UART1_IRQHandler  uart.o
    0x00002b34   0x00002b34   0x00000038   Code   RO          407    i.UARTSendChar      uart.o
    0x00002b6c   0x00002b6c   0x00000016   Code   RO          733    i._mutex_acquire    rtx_lib.o
    0x00002b82   0x00002b82   0x0000000c   Code   RO          734    i._mutex_free       rtx_lib.o
    0x00002b8e   0x00002b8e   0x00000022   Code   RO          735    i._mutex_initialize  rtx_lib.o
    0x00002bb0   0x00002bb0   0x00000012   Code   RO          736    i._mutex_release    rtx_lib.o
    0x00002bc2   0x00002bc2   0x00000008   Code   RO          737    i._platform_post_stackheap_init  rtx_lib.o
    0x00002bca   0x00002bca   0x00000004   Code   RO          328    i._sys_exit         retarget.o
    0x00002bce   0x00002bce   0x0000000c   Code   RO          329    i._ttywrch          retarget.o
    0x00002bda   0x00002bda   0x0000000e   Code   RO          158    i.delay             glcd_spi_lpc1700.o
    0x00002be8   0x00002be8   0x00000010   Code   RO          509    i.init              main.o
    0x00002bf8   0x00002bf8   0x00000054   Code   RO          510    i.main              main.o
    0x00002c4c   0x00002c4c   0x00000020   Code   RO          822    i.osRtxErrorNotify  rtx_config.o
    0x00002c6c   0x00002c6c   0x00000004   Code   RO          823    i.osRtxIdleThread   rtx_config.o
    0x00002c70   0x00002c70   0x00000020   Code   RO          738    i.os_kernel_is_active  rtx_lib.o
    0x00002c90   0x00002c90   0x0000008c   Code   RO          159    i.rd_id_man         glcd_spi_lpc1700.o
    0x00002d1c   0x00002d1c   0x00000048   Code   RO          160    i.rd_reg            glcd_spi_lpc1700.o
    0x00002d64   0x00002d64   0x0000002a   Code   RO          334    i.sendchar          retarget.o
    0x00002d8e   0x00002d8e   0x00000002   PAD
    0x00002d90   0x00002d90   0x00000034   Code   RO          687    i.setup_INT0        pushbutton.o
    0x00002dc4   0x00002dc4   0x00000020   Code   RO          161    i.spi_tran          glcd_spi_lpc1700.o
    0x00002de4   0x00002de4   0x00000080   Code   RO          162    i.spi_tran_man      glcd_spi_lpc1700.o
    0x00002e64   0x00002e64   0x00000028   Code   RO          163    i.wr_cmd            glcd_spi_lpc1700.o
    0x00002e8c   0x00002e8c   0x00000028   Code   RO          164    i.wr_dat            glcd_spi_lpc1700.o
    0x00002eb4   0x00002eb4   0x00000012   Code   RO          165    i.wr_dat_only       glcd_spi_lpc1700.o
    0x00002ec6   0x00002ec6   0x00000002   PAD
    0x00002ec8   0x00002ec8   0x00000014   Code   RO          166    i.wr_dat_start      glcd_spi_lpc1700.o
    0x00002edc   0x00002edc   0x0000000c   Code   RO          167    i.wr_dat_stop       glcd_spi_lpc1700.o
    0x00002ee8   0x00002ee8   0x00000014   Code   RO          168    i.wr_reg            glcd_spi_lpc1700.o
    0x00002efc   0x00002efc   0x00001880   Data   RO          169    .constdata          glcd_spi_lpc1700.o
    0x0000477c   0x0000477c   0x00000064   Data   RO          745    .constdata          rtx_lib.o
    0x000047e0   0x000047e0   0x00000001   Data   RO         1149    .constdata          RTX_CM3.lib(irq_cm3.o)
    0x000047e1   0x000047e1   0x00000003   PAD
    0x000047e4   0x000047e4   0x00000068   Data   RO          747    .rodata             rtx_lib.o
    0x0000484c   0x0000484c   0x0000000b   Data   RO          954    .rodata.str1.4      RTX_CM3.lib(rtx_kernel.o)
    0x00004857   0x00004857   0x00000001   PAD
    0x00004858   0x00004858   0x00000020   Data   RO         1642    Region$$Table       anon$$obj.o


    Execution Region ER_RW (Exec base: 0x10000000, Load base: 0x00004878, Size: 0x00001454, Max: 0xffffffff, ABSOLUTE, COMPRESSED[0x00000044])

    Exec Addr    Load Addr    Size         Type   Attr      Idx    E Section Name        Object

    0x10000000   COMPRESSED   0x00001040   Data   RW          739    .bss.os             rtx_lib.o
    0x10001040   COMPRESSED   0x00000034   Data   RW          741    .bss.os.msgqueue.cb  rtx_lib.o
    0x10001074   COMPRESSED   0x00000050   Data   RW          742    .bss.os.msgqueue.mem  rtx_lib.o
    0x100010c4   COMPRESSED   0x00000088   Data   RW          743    .bss.os.thread.cb   rtx_lib.o
    0x1000114c   COMPRESSED   0x00000004   PAD
    0x10001150   COMPRESSED   0x00000200   Data   RW          744    .bss.os.thread.stack  rtx_lib.o
    0x10001350   COMPRESSED   0x00000005   Data   RW          170    .data               glcd_spi_lpc1700.o
    0x10001355   COMPRESSED   0x00000003   PAD
    0x10001358   COMPRESSED   0x00000020   Data   RW          411    .data               uart.o
    0x10001378   COMPRESSED   0x0000000c   Data   RW          511    .data               main.o
    0x10001384   COMPRESSED   0x00000009   Data   RW          578    .data               gui.o
    0x1000138d   COMPRESSED   0x00000003   PAD
    0x10001390   COMPRESSED   0x00000008   Data   RW          620    .data               joy.o
    0x10001398   COMPRESSED   0x00000008   Data   RW          656    .data               pot.o
    0x100013a0   COMPRESSED   0x00000001   Data   RW          688    .data               pushbutton.o
    0x100013a1   COMPRESSED   0x00000003   PAD
    0x100013a4   COMPRESSED   0x00000005   Data   RW          746    .data               rtx_lib.o
    0x100013a9   COMPRESSED   0x00000003   PAD
    0x100013ac   COMPRESSED   0x00000004   Data   RW          868    .data               system_lpc17xx.o
    0x100013b0   COMPRESSED   0x000000a4   Data   RW          955    .data.os            RTX_CM3.lib(rtx_kernel.o)


    Execution Region ER_ZI (Exec base: 0x10001454, Load base: 0x000048bc, Size: 0x000002e4, Max: 0xffffffff, ABSOLUTE)

    Exec Addr    Load Addr    Size         Type   Attr      Idx    E Section Name        Object

    0x10001454        -       0x00000080   Zero   RW          410    .bss                uart.o
    0x100014d4        -       0x00000060   Zero   RW         1523    .bss                c_w.l(libspace.o)
    0x10001534        -       0x00000001   Zero   RW         1297    .bss.PendST         RTX_CM3.lib(os_systick.o)
    0x10001535   0x000048bc   0x00000003   PAD
    0x10001538        -       0x00000000   Zero   RW          854    HEAP                startup_lpc17xx.o
    0x10001538        -       0x00000200   Zero   RW          853    STACK               startup_lpc17xx.o


==============================================================================

Image component sizes


      Code (inc. data)   RO Data    RW Data    ZI Data      Debug   Object Name

         0          0          0          0          0      21336   glcd_scroll.o
      2662         82       6272          5          0      32752   glcd_spi_lpc1700.o
       468        108          0          9          0       2039   gui.o
       160         20          0          8          0       2544   joy.o
       100         26          0         12          0       4945   main.o
       144         24          0          8          0        832   pot.o
        84         14          0          1          0      27859   pushbutton.o
        58          0          0          0          0       1714   retarget.o
        36          6          0          0          0       1117   rtx_config.o
       126          4        204       4945          0      15963   rtx_lib.o
        64         26        204          0        512       1156   startup_lpc17xx.o
       320         18          0          4          0        963   system_lpc17xx.o
       272         42          0         32        128      29998   uart.o

    ----------------------------------------------------------------------
      4500        370       6712       5040        640     143218   Object Totals
         0          0         32          0          0          0   (incl. Generated)
         6          0          0         16          0          0   (incl. Padding)

    ----------------------------------------------------------------------

      Code (inc. data)   RO Data    RW Data    ZI Data      Debug   Library Member Name

       148         10          1          0          0        484   irq_cm3.o
       138         36          0          0          1       3092   os_systick.o
        56          4          0          0          0       2837   rtx_delay.o
       658         52         11        164          0      17153   rtx_kernel.o
       260          0          0          0          0       2439   rtx_memory.o
       212          0          0          0          0      15974   rtx_mempool.o
      1372         28          0          0          0      18500   rtx_msgqueue.o
       840         32          0          0          0       9376   rtx_mutex.o
       368         26          0          0          0       5321   rtx_system.o
      1650         92          0          0          0      32263   rtx_thread.o
       228         20          0          0          0      10209   rtx_timer.o
        58          0          0          0          0          0   __dczerorl.o
         8          0          0          0          0         68   __main.o
         0          0          0          0          0          0   __rtentry.o
        20          0          0          0          0          0   __rtentry2.o
         6          0          0          0          0          0   __rtentry4.o
        52          8          0          0          0          0   __scatter.o
        28          0          0          0          0          0   __scatter_zi.o
        10          0          0          0          0         68   defsig_exit.o
        50          0          0          0          0         88   defsig_general.o
        80         58          0          0          0         76   defsig_rtmem_inner.o
        14          0          0          0          0         80   defsig_rtmem_outer.o
        18          0          0          0          0         80   exit.o
       158          0          0          0          0        128   h1_alloc_mt.o
        62          0          0          0          0         80   h1_extend_mt.o
        10          0          0          0          0         76   h1_final_mt.o
       118          0          0          0          0        108   h1_free_mt.o
        18          0          0          0          0         84   h1_init_mt.o
         6          0          0          0          0        152   heapauxi.o
         4          0          0          0          0        136   hguard.o
       138          0          0          0          0        168   init_alloc.o
         2          0          0          0          0          0   libinit.o
        10          0          0          0          0          0   libinit2.o
         2          0          0          0          0          0   libshutdown.o
         6          0          0          0          0          0   libshutdown2.o
         8          4          0          0         96         68   libspace.o
         0          0          0          0          0          0   maybetermalloc2.o
        10          0          0          0          0         76   rt_heap_descriptor_twolibspace.o
        68          0          0          0          0         68   rt_memclr.o
        78          0          0          0          0         80   rt_memclr_w.o
       138          0          0          0          0         68   rt_memcpy_v6.o
       100          0          0          0          0         80   rt_memcpy_w.o
         2          0          0          0          0          0   rtexit.o
        10          0          0          0          0          0   rtexit2.o
        74          0          0          0          0         80   sys_stackheap_outer.o
        16          0          0          0          0         80   term_alloc.o

    ----------------------------------------------------------------------
      7324        370         16        164        100     119640   Library Totals
        12          0          4          0          3          0   (incl. Padding)

    ----------------------------------------------------------------------

      Code (inc. data)   RO Data    RW Data    ZI Data      Debug   Library Name

      5930        300         12        164          1     117648   RTX_CM3.lib
      1382         70          0          0         96       1992   c_w.l

    ----------------------------------------------------------------------
      7324        370         16        164        100     119640   Library Totals

    ----------------------------------------------------------------------

==============================================================================


      Code (inc. data)   RO Data    RW Data    ZI Data      Debug   

     11824        740       6728       5204        740     259590   Grand Totals
     11824        740       6728         68        740     259590   ELF Image Totals (compressed)
     11824        740       6728         68          0          0   ROM Totals

==============================================================================

    Total RO  Size (Code + RO Data)                18552 (  18.12kB)
    Total RW  Size (RW Data + ZI Data)              5944 (   5.80kB)
    Total ROM Size (Code + RO Data + RW Data)      18620 (  18.18kB)

==============================================================================

