Component: ARM Compiler 5.06 update 6 (build 750) Tool: armlink [4d35ed]

==============================================================================

Section Cross References

    glcd_scroll.o(i.append_char) refers to glcd_scroll.o(i.refresh_lcd) for refresh_lcd
    glcd_scroll.o(i.append_char) refers to glcd_spi_lpc1700.o(i.GLCD_DisplayChar) for GLCD_DisplayChar
    glcd_scroll.o(i.append_char) refers to glcd_scroll.o(i.last_line) for last_line
    glcd_scroll.o(i.append_char) refers to glcd_scroll.o(.data) for last_col_cahche
    glcd_scroll.o(i.append_char) refers to glcd_scroll.o(.bss) for chache
    glcd_scroll.o(i.init_scroll) refers to glcd_spi_lpc1700.o(i.GLCD_Init) for GLCD_Init
    glcd_scroll.o(i.init_scroll) refers to glcd_spi_lpc1700.o(i.GLCD_Clear) for GLCD_Clear
    glcd_scroll.o(i.init_scroll) refers to glcd_spi_lpc1700.o(i.GLCD_SetBackColor) for GLCD_SetBackColor
    glcd_scroll.o(i.init_scroll) refers to glcd_spi_lpc1700.o(i.GLCD_SetTextColor) for GLCD_SetTextColor
    glcd_scroll.o(i.init_scroll) refers to glcd_scroll.o(.data) for cache_start
    glcd_scroll.o(i.joyStickBusyWaitingMonitor) refers to glcd_scroll.o(i.moveUp) for moveUp
    glcd_scroll.o(i.joyStickBusyWaitingMonitor) refers to glcd_scroll.o(i.moveDown) for moveDown
    glcd_scroll.o(i.joyStickBusyWaitingMonitor) refers to glcd_scroll.o(i.moveFirst) for moveFirst
    glcd_scroll.o(i.joyStickBusyWaitingMonitor) refers to glcd_scroll.o(i.moveLast) for moveLast
    glcd_scroll.o(i.last_line) refers to glcd_scroll.o(.data) for cache_start
    glcd_scroll.o(i.last_window_line) refers to glcd_scroll.o(.data) for window_start
    glcd_scroll.o(i.moveDown) refers to glcd_scroll.o(i.last_line) for last_line
    glcd_scroll.o(i.moveDown) refers to glcd_scroll.o(i.last_window_line) for last_window_line
    glcd_scroll.o(i.moveDown) refers to glcd_scroll.o(i.refresh_lcd) for refresh_lcd
    glcd_scroll.o(i.moveDown) refers to glcd_scroll.o(.data) for window_start
    glcd_scroll.o(i.moveFirst) refers to glcd_scroll.o(i.refresh_lcd) for refresh_lcd
    glcd_scroll.o(i.moveFirst) refers to glcd_scroll.o(.data) for window_start
    glcd_scroll.o(i.moveLast) refers to glcd_scroll.o(i.last_line) for last_line
    glcd_scroll.o(i.moveLast) refers to glcd_scroll.o(i.last_window_line) for last_window_line
    glcd_scroll.o(i.moveLast) refers to glcd_scroll.o(i.refresh_lcd) for refresh_lcd
    glcd_scroll.o(i.moveLast) refers to glcd_scroll.o(.data) for cache_size
    glcd_scroll.o(i.moveUp) refers to glcd_scroll.o(i.refresh_lcd) for refresh_lcd
    glcd_scroll.o(i.moveUp) refers to glcd_scroll.o(.data) for window_start
    glcd_scroll.o(i.print_string) refers to glcd_scroll.o(i.print_text) for print_text
    glcd_scroll.o(i.print_text) refers to glcd_scroll.o(i.append_char) for append_char
    glcd_scroll.o(i.refresh_lcd) refers to glcd_spi_lpc1700.o(i.GLCD_Clear) for GLCD_Clear
    glcd_scroll.o(i.refresh_lcd) refers to glcd_spi_lpc1700.o(i.GLCD_DisplayString) for GLCD_DisplayString
    glcd_scroll.o(i.refresh_lcd) refers to glcd_scroll.o(.data) for window_start
    glcd_scroll.o(i.refresh_lcd) refers to glcd_scroll.o(.bss) for chache
    glcd_spi_lpc1700.o(i.GLCD_Bargraph) refers to glcd_spi_lpc1700.o(i.GLCD_SetWindow) for GLCD_SetWindow
    glcd_spi_lpc1700.o(i.GLCD_Bargraph) refers to glcd_spi_lpc1700.o(i.wr_cmd) for wr_cmd
    glcd_spi_lpc1700.o(i.GLCD_Bargraph) refers to glcd_spi_lpc1700.o(i.wr_dat_start) for wr_dat_start
    glcd_spi_lpc1700.o(i.GLCD_Bargraph) refers to glcd_spi_lpc1700.o(i.wr_dat_only) for wr_dat_only
    glcd_spi_lpc1700.o(i.GLCD_Bargraph) refers to glcd_spi_lpc1700.o(i.wr_dat_stop) for wr_dat_stop
    glcd_spi_lpc1700.o(i.GLCD_Bargraph) refers to glcd_spi_lpc1700.o(.data) for Color
    glcd_spi_lpc1700.o(i.GLCD_Bitmap) refers to glcd_spi_lpc1700.o(i.GLCD_SetWindow) for GLCD_SetWindow
    glcd_spi_lpc1700.o(i.GLCD_Bitmap) refers to glcd_spi_lpc1700.o(i.wr_cmd) for wr_cmd
    glcd_spi_lpc1700.o(i.GLCD_Bitmap) refers to glcd_spi_lpc1700.o(i.wr_dat_start) for wr_dat_start
    glcd_spi_lpc1700.o(i.GLCD_Bitmap) refers to glcd_spi_lpc1700.o(i.wr_dat_only) for wr_dat_only
    glcd_spi_lpc1700.o(i.GLCD_Bitmap) refers to glcd_spi_lpc1700.o(i.wr_dat_stop) for wr_dat_stop
    glcd_spi_lpc1700.o(i.GLCD_Clear) refers to glcd_spi_lpc1700.o(i.GLCD_WindowMax) for GLCD_WindowMax
    glcd_spi_lpc1700.o(i.GLCD_Clear) refers to glcd_spi_lpc1700.o(i.wr_cmd) for wr_cmd
    glcd_spi_lpc1700.o(i.GLCD_Clear) refers to glcd_spi_lpc1700.o(i.wr_dat_start) for wr_dat_start
    glcd_spi_lpc1700.o(i.GLCD_Clear) refers to glcd_spi_lpc1700.o(i.wr_dat_only) for wr_dat_only
    glcd_spi_lpc1700.o(i.GLCD_Clear) refers to glcd_spi_lpc1700.o(i.wr_dat_stop) for wr_dat_stop
    glcd_spi_lpc1700.o(i.GLCD_ClearLn) refers to glcd_spi_lpc1700.o(i.GLCD_WindowMax) for GLCD_WindowMax
    glcd_spi_lpc1700.o(i.GLCD_ClearLn) refers to glcd_spi_lpc1700.o(i.GLCD_DisplayString) for GLCD_DisplayString
[...]
    svcRtxMessageQueueNew                    0x000016f1   Thumb Code   308  rtx_msgqueue.o(.text.svcRtxMessageQueueNew)
    __arm_cp.14_0                            0x0000181c   Number         4  rtx_msgqueue.o(.text.svcRtxMessageQueueNew)
    __arm_cp.14_1                            0x00001820   Number         4  rtx_msgqueue.o(.text.svcRtxMessageQueueNew)
    [Anonymous Symbol]                       0x00001824   Section        0  rtx_msgqueue.o(.text.svcRtxMessageQueuePut)
    svcRtxMessageQueuePut                    0x00001825   Thumb Code   192  rtx_msgqueue.o(.text.svcRtxMessageQueuePut)
    __arm_cp.19_0                            0x000018e0   Number         4  rtx_msgqueue.o(.text.svcRtxMessageQueuePut)
    [Anonymous Symbol]                       0x000018e4   Section        0  rtx_mutex.o(.text.svcRtxMutexAcquire)
    svcRtxMutexAcquire                       0x000018e5   Thumb Code   144  rtx_mutex.o(.text.svcRtxMutexAcquire)
    __arm_cp.9_0                             0x00001970   Number         4  rtx_mutex.o(.text.svcRtxMutexAcquire)
    [Anonymous Symbol]                       0x00001974   Section        0  rtx_mutex.o(.text.svcRtxMutexDelete)
    svcRtxMutexDelete                        0x00001975   Thumb Code   196  rtx_mutex.o(.text.svcRtxMutexDelete)
    __arm_cp.12_0                            0x00001a34   Number         4  rtx_mutex.o(.text.svcRtxMutexDelete)
    [Anonymous Symbol]                       0x00001a38   Section        0  rtx_mutex.o(.text.svcRtxMutexNew)
    svcRtxMutexNew                           0x00001a39   Thumb Code   108  rtx_mutex.o(.text.svcRtxMutexNew)
    __arm_cp.7_0                             0x00001aa0   Number         4  rtx_mutex.o(.text.svcRtxMutexNew)
    [Anonymous Symbol]                       0x00001aa4   Section        0  rtx_mutex.o(.text.svcRtxMutexRelease)
    svcRtxMutexRelease                       0x00001aa5   Thumb Code   180  rtx_mutex.o(.text.svcRtxMutexRelease)
    __arm_cp.10_0                            0x00001b54   Number         4  rtx_mutex.o(.text.svcRtxMutexRelease)
    [Anonymous Symbol]                       0x00001b58   Section        0  rtx_thread.o(.text.svcRtxThreadExit)
    svcRtxThreadExit                         0x00001b59   Thumb Code   116  rtx_thread.o(.text.svcRtxThreadExit)
    __arm_cp.54_0                            0x00001bc8   Number         4  rtx_thread.o(.text.svcRtxThreadExit)
    [Anonymous Symbol]                       0x00001bcc   Section        0  rtx_thread.o(.text.svcRtxThreadGetId)
    svcRtxThreadGetId                        0x00001bcd   Thumb Code    12  rtx_thread.o(.text.svcRtxThreadGetId)
    __arm_cp.20_0                            0x00001bd4   Number         4  rtx_thread.o(.text.svcRtxThreadGetId)
    [Anonymous Symbol]                       0x00001bd8   Section        0  rtx_thread.o(.text.svcRtxThreadNew)
    svcRtxThreadNew                          0x00001bd9   Thumb Code   476  rtx_thread.o(.text.svcRtxThreadNew)
    __arm_cp.16_0                            0x00001da0   Number         4  rtx_thread.o(.text.svcRtxThreadNew)
    __arm_cp.16_1                            0x00001da4   Number         4  rtx_thread.o(.text.svcRtxThreadNew)
    __arm_cp.16_2                            0x00001da8   Number         4  rtx_thread.o(.text.svcRtxThreadNew)
    __arm_cp.16_3                            0x00001dac   Number         4  rtx_thread.o(.text.svcRtxThreadNew)
    __arm_cp.16_4                            0x00001db0   Number         4  rtx_thread.o(.text.svcRtxThreadNew)
    [Anonymous Symbol]                       0x00001db4   Section        0  rtx_thread.o(.text.svcRtxThreadYield)
    svcRtxThreadYield                        0x00001db5   Thumb Code    56  rtx_thread.o(.text.svcRtxThreadYield)
    __arm_cp.47_0                            0x00001de8   Number         4  rtx_thread.o(.text.svcRtxThreadYield)
    i.EINT3_IRQHandler                       0x00001dec   Section        0  pushbutton.o(i.EINT3_IRQHandler)
    i.GLCD_Bitmap                            0x00001e0c   Section        0  glcd_spi_lpc1700.o(i.GLCD_Bitmap)
    i.GLCD_Clear                             0x00001e5e   Section        0  glcd_spi_lpc1700.o(i.GLCD_Clear)
    i.GLCD_DisplayChar                       0x00001e88   Section        0  glcd_spi_lpc1700.o(i.GLCD_DisplayChar)
    i.GLCD_DisplayString                     0x00001ee4   Section        0  glcd_spi_lpc1700.o(i.GLCD_DisplayString)
    i.GLCD_DrawChar                          0x00001f0c   Section        0  glcd_spi_lpc1700.o(i.GLCD_DrawChar)
    i.GLCD_Init                              0x00001fa8   Section        0  glcd_spi_lpc1700.o(i.GLCD_Init)
    i.GLCD_SetWindow                         0x00002590   Section        0  glcd_spi_lpc1700.o(i.GLCD_SetWindow)
    i.GLCD_WindowMax                         0x0000263c   Section        0  glcd_spi_lpc1700.o(i.GLCD_WindowMax)
    i.GUI_Level_1                            0x00002650   Section        0  gui.o(i.GUI_Level_1)
    i.GUI_Level_Menu                         0x00002680   Section        0  gui.o(i.GUI_Level_Menu)
    i.GUI_Start                              0x0000278c   Section        0  gui.o(i.GUI_Start)
    i.GUI_Task                               0x000027fc   Section        0  gui.o(i.GUI_Task)
    i.Joy_Task                               0x000028a8   Section        0  joy.o(i.Joy_Task)
    i.Joy_init                               0x00002938   Section        0  joy.o(i.Joy_init)
    i.Pot_Task                               0x00002958   Section        0  pot.o(i.Pot_Task)
    i.SystemInit                             0x000029dc   Section        0  system_lpc17xx.o(i.SystemInit)
    i.UART0_IRQHandler                       0x00002b1c   Section        0  uart.o(i.UART0_IRQHandler)
    i.UART1_IRQHandler                       0x00002b84   Section        0  uart.o(i.UART1_IRQHandler)
    i.UARTSendChar                           0x00002bf4   Section        0  uart.o(i.UARTSendChar)
    i.__ARM_fpclassify                       0x00002c2c   Section        0  fpclassify.o(i.__ARM_fpclassify)
    i.__ieee754_rem_pio2                     0x00002c54   Section        0  rred.o(i.__ieee754_rem_pio2)
    i.__kernel_cos                           0x00002fdc   Section        0  cos_i.o(i.__kernel_cos)
    i.__kernel_poly                          0x000030d8   Section        0  poly.o(i.__kernel_poly)
    i.__kernel_sin                           0x00003184   Section        0  sin_i.o(i.__kernel_sin)
    i.__mathlib_dbl_infnan                   0x00003270   Section        0  dunder.o(i.__mathlib_dbl_infnan)
    i.__mathlib_dbl_invalid                  0x00003276   Section        0  dunder.o(i.__mathlib_dbl_invalid)
    i.__mathlib_dbl_underflow                0x00003284   Section        0  dunder.o(i.__mathlib_dbl_underflow)
    i.__user_perthread_libspace              0x00003294   Section        0  rtx_lib.o(i.__user_perthread_libspace)
    i._mutex_acquire                         0x000032ec   Section        0  rtx_lib.o(i._mutex_acquire)
    __tagsym$$used                           0x000032ed   Number         0  rtx_lib.o(i._mutex_acquire)
    i._mutex_free                            0x00003302   Section        0  rtx_lib.o(i._mutex_free)
    __tagsym$$used                           0x00003303   Number         0  rtx_lib.o(i._mutex_free)
    i._mutex_initialize                      0x0000330e   Section        0  rtx_lib.o(i._mutex_initialize)
    __tagsym$$used                           0x0000330f   Number         0  rtx_lib.o(i._mutex_initialize)
    i._mutex_release                         0x00003330   Section        0  rtx_lib.o(i._mutex_release)
    __tagsym$$used                           0x00003331   Number         0  rtx_lib.o(i._mutex_release)
    i._platform_post_stackheap_init          0x00003342   Section        0  rtx_lib.o(i._platform_post_stackheap_init)
    i._sys_exit                              0x0000334a   Section        0  retarget.o(i._sys_exit)
    i._ttywrch                               0x0000334e   Section        0  retarget.o(i._ttywrch)
    i.animate_enemy                          0x0000335c   Section        0  gui.o(i.animate_enemy)
    i.animate_player                         0x000033b0   Section        0  gui.o(i.animate_player)
    i.delay                                  0x0000342c   Section        0  glcd_spi_lpc1700.o(i.delay)
    delay                                    0x0000342d   Thumb Code    14  glcd_spi_lpc1700.o(i.delay)
    i.enemy_init                             0x0000343c   Section        0  enemy.o(i.enemy_init)
    i.enemy_path                             0x000034cc   Section        0  enemy.o(i.enemy_path)
    i.enemy_task                             0x00003590   Section        0  enemy.o(i.enemy_task)
    i.init                                   0x00003644   Section        0  main.o(i.init)
    i.ladder_avaliable                       0x00003660   Section        0  player.o(i.ladder_avaliable)
    i.legalize                               0x00003680   Section        0  player.o(i.legalize)
    i.main                                   0x000036bc   Section        0  main.o(i.main)
    i.osRtxErrorNotify                       0x0000373c   Section        0  rtx_config.o(i.osRtxErrorNotify)
    i.osRtxIdleThread                        0x0000375c   Section        0  rtx_config.o(i.osRtxIdleThread)
    i.os_kernel_is_active                    0x00003760   Section        0  rtx_lib.o(i.os_kernel_is_active)
    os_kernel_is_active                      0x00003761   Thumb Code    28  rtx_lib.o(i.os_kernel_is_active)
    i.player_init                            0x00003780   Section        0  player.o(i.player_init)
    i.player_task                            0x000037d8   Section        0  player.o(i.player_task)
    i.rd_id_man                              0x000038c4   Section        0  glcd_spi_lpc1700.o(i.rd_id_man)
    rd_id_man                                0x000038c5   Thumb Code   132  glcd_spi_lpc1700.o(i.rd_id_man)
    i.rd_reg                                 0x00003950   Section        0  glcd_spi_lpc1700.o(i.rd_reg)
    rd_reg                                   0x00003951   Thumb Code    66  glcd_spi_lpc1700.o(i.rd_reg)
    i.sendchar                               0x00003998   Section        0  retarget.o(i.sendchar)
    i.setup_INT0                             0x000039c4   Section        0  pushbutton.o(i.setup_INT0)
    i.sin                                    0x000039f8   Section        0  sin.o(i.sin)
    i.spi_tran                               0x00003a98   Section        0  glcd_spi_lpc1700.o(i.spi_tran)
    spi_tran                                 0x00003a99   Thumb Code    28  glcd_spi_lpc1700.o(i.spi_tran)
    i.spi_tran_man                           0x00003ab8   Section        0  glcd_spi_lpc1700.o(i.spi_tran_man)
    spi_tran_man                             0x00003ab9   Thumb Code   124  glcd_spi_lpc1700.o(i.spi_tran_man)
    i.wr_cmd                                 0x00003b38   Section        0  glcd_spi_lpc1700.o(i.wr_cmd)
    wr_cmd                                   0x00003b39   Thumb Code    36  glcd_spi_lpc1700.o(i.wr_cmd)
    i.wr_dat                                 0x00003b60   Section        0  glcd_spi_lpc1700.o(i.wr_dat)
    wr_dat                                   0x00003b61   Thumb Code    36  glcd_spi_lpc1700.o(i.wr_dat)
    i.wr_dat_only                            0x00003b88   Section        0  glcd_spi_lpc1700.o(i.wr_dat_only)
    wr_dat_only                              0x00003b89   Thumb Code    18  glcd_spi_lpc1700.o(i.wr_dat_only)
    i.wr_dat_start                           0x00003b9c   Section        0  glcd_spi_lpc1700.o(i.wr_dat_start)
    wr_dat_start                             0x00003b9d   Thumb Code    16  glcd_spi_lpc1700.o(i.wr_dat_start)
    i.wr_dat_stop                            0x00003bb0   Section        0  glcd_spi_lpc1700.o(i.wr_dat_stop)
    wr_dat_stop                              0x00003bb1   Thumb Code     8  glcd_spi_lpc1700.o(i.wr_dat_stop)
    i.wr_reg                                 0x00003bbc   Section        0  glcd_spi_lpc1700.o(i.wr_reg)
    wr_reg                                   0x00003bbd   Thumb Code    20  glcd_spi_lpc1700.o(i.wr_reg)
    x$fpl$dadd                               0x00003bd0   Section      336  daddsub_clz.o(x$fpl$dadd)
    _dadd1                                   0x00003be1   Thumb Code     0  daddsub_clz.o(x$fpl$dadd)
    x$fpl$dcheck1                            0x00003d20   Section       16  dcheck1.o(x$fpl$dcheck1)
    x$fpl$ddiv                               0x00003d30   Section      688  ddiv.o(x$fpl$ddiv)
    ddiv_entry                               0x00003d37   Thumb Code     0  ddiv.o(x$fpl$ddiv)
    x$fpl$dfix                               0x00003fe0   Section       94  dfix.o(x$fpl$dfix)
    x$fpl$dflt                               0x0000403e   Section       46  dflt_clz.o(x$fpl$dflt)
    x$fpl$dfltu                              0x0000406c   Section       38  dflt_clz.o(x$fpl$dfltu)
    x$fpl$dmul                               0x00004094   Section      340  dmul.o(x$fpl$dmul)
    x$fpl$dnaninf                            0x000041e8   Section      156  dnaninf.o(x$fpl$dnaninf)
    x$fpl$dretinf                            0x00004284   Section       12  dretinf.o(x$fpl$dretinf)
    x$fpl$drsb                               0x00004290   Section       22  daddsub_clz.o(x$fpl$drsb)
    x$fpl$dsub                               0x000042a8   Section      468  daddsub_clz.o(x$fpl$dsub)
    _dsub1                                   0x000042b9   Thumb Code     0  daddsub_clz.o(x$fpl$dsub)
    x$fpl$retnan                             0x0000447c   Section      100  retnan.o(x$fpl$retnan)
    x$fpl$scalbn                             0x000044e0   Section       92  scalbn.o(x$fpl$scalbn)
    x$fpl$trapveneer                         0x0000453c   Section       48  trapv.o(x$fpl$trapveneer)
    .constdata                               0x0000456c   Section     6272  glcd_spi_lpc1700.o(.constdata)
    x$fpl$usenofp                            0x0000456c   Section        0  usenofp.o(x$fpl$usenofp)
    .constdata                               0x00005dec   Section     1801  bitmaps.o(.constdata)
    .constdata                               0x000064f8   Section      100  rtx_lib.o(.constdata)
    os_idle_thread_attr                      0x000064f8   Data          36  rtx_lib.o(.constdata)
    os_timer_thread_attr                     0x0000651c   Data          36  rtx_lib.o(.constdata)
    os_timer_mq_attr                         0x00006540   Data          24  rtx_lib.o(.constdata)
    .constdata                               0x0000655c   Section        1  irq_cm3.o(.constdata)
    .constdata                               0x00006560   Section       48  cos_i.o(.constdata)
    C                                        0x00006560   Data          48  cos_i.o(.constdata)
    .constdata                               0x00006590   Section      200  rred.o(.constdata)
    pio2s                                    0x00006590   Data          48  rred.o(.constdata)
    twooverpi                                0x000065c0   Data         152  rred.o(.constdata)
    .constdata                               0x00006658   Section       40  sin_i.o(.constdata)
    S                                        0x00006658   Data          40  sin_i.o(.constdata)
    .rodata                                  0x00006680   Section      104  rtx_lib.o(.rodata)
    __tagsym$$used                           0x00006680   Number         0  rtx_lib.o(.rodata)
    [Anonymous Symbol]                       0x000066e8   Section        0  rtx_kernel.o(.rodata.str1.4)
    .L.str                                   0x000066e8   Data          11  rtx_kernel.o(.rodata.str1.4)
    .bss.os                                  0x10000000   Section     4160  rtx_lib.o(.bss.os)
    os_mem                                   0x10000000   Data        4096  rtx_lib.o(.bss.os)
    os_isr_queue                             0x10001000   Data          64  rtx_lib.o(.bss.os)
    .bss.os.libspace                         0x10001040   Section      496  rtx_lib.o(.bss.os.libspace)
    os_libspace                              0x10001040   Data         480  rtx_lib.o(.bss.os.libspace)
    os_libspace_id                           0x10001220   Data          16  rtx_lib.o(.bss.os.libspace)
    .bss.os.msgqueue.cb                      0x10001230   Section       52  rtx_lib.o(.bss.os.msgqueue.cb)
    os_timer_mq_cb                           0x10001230   Data          52  rtx_lib.o(.bss.os.msgqueue.cb)
    .bss.os.msgqueue.mem                     0x10001264   Section       80  rtx_lib.o(.bss.os.msgqueue.mem)
    os_timer_mq_data                         0x10001264   Data          80  rtx_lib.o(.bss.os.msgqueue.mem)
    .bss.os.thread.cb                        0x100012b4   Section      136  rtx_lib.o(.bss.os.thread.cb)
    os_idle_thread_cb                        0x100012b4   Data          68  rtx_lib.o(.bss.os.thread.cb)
    os_timer_thread_cb                       0x100012f8   Data          68  rtx_lib.o(.bss.os.thread.cb)
    .bss.os.thread.stack                     0x10001340   Section      512  rtx_lib.o(.bss.os.thread.stack)
    os_idle_thread_stack                     0x10001340   Data         256  rtx_lib.o(.bss.os.thread.stack)
    os_timer_thread_stack                    0x10001440   Data         256  rtx_lib.o(.bss.os.thread.stack)
    .data                                    0x10001540   Section        5  glcd_spi_lpc1700.o(.data)
    Color                                    0x10001540   Data           4  glcd_spi_lpc1700.o(.data)
    Himax                                    0x10001544   Data           1  glcd_spi_lpc1700.o(.data)
    .data                                    0x10001548   Section       32  uart.o(.data)
    .data                                    0x10001568   Section       20  main.o(.data)
    .data                                    0x1000157c   Section        9  gui.o(.data)
    .data                                    0x10001588   Section        8  joy.o(.data)
    .data                                    0x10001590   Section        8  pot.o(.data)
    .data                                    0x10001598   Section        1  pushbutton.o(.data)
    .data                                    0x1000159c   Section        8  enemy.o(.data)
    .data                                    0x100015a4   Section        8  player.o(.data)
    .data                                    0x100015ac   Section        5  rtx_lib.o(.data)
    os_kernel_active                         0x100015b0   Data           1  rtx_lib.o(.data)
    .data                                    0x100015b4   Section        4  system_lpc17xx.o(.data)
    .bss                                     0x1000165c   Section      128  uart.o(.bss)
    .bss                                     0x100016dc   Section       12  enemy.o(.bss)
    .bss                                     0x100016e8   Section       96  libspace.o(.bss)
    [Anonymous Symbol]                       0x10001748   Section        0  os_systick.o(.bss.PendST)
    PendST                                   0x10001748   Data           1  os_systick.o(.bss.PendST)
    HEAP                                     0x10001750   Section     8192  startup_lpc17xx.o(HEAP)
    Heap_Mem                                 0x10001750   Data        8192  startup_lpc17xx.o(HEAP)
    STACK                                    0x10003750   Section     8192  startup_lpc17xx.o(STACK)
    Stack_Mem                                0x10003750   Data        8192  startup_lpc17xx.o(STACK)
    __initial_sp                             0x10005750   Data           0  startup_lpc17xx.o(STACK)

    Global Symbols

    Symbol Name                              Value     Ov Type        Size  Object(Section)

    BuildAttributes$$THM_ISAv4$P$D$K$B$S$PE$A:L22UL41UL21$X:L11$S22US41US21$IEEE1$IW$~IW$USESV6$~STKCKD$USESV7$~SHL$OTIME$ROPI$IEEEX$EBA8$UX$STANDARDLIB$REQ8$PRES8$EABIv2 0x00000000   Number         0  anon$$obj.o ABSOLUTE
    __ARM_use_no_argv                        0x00000000   Number         0  main.o ABSOLUTE
    __Vectors                                0x00000000   Data           4  startup_lpc17xx.o(RESET)
    .bss.os.evflags.cb$$Base                  - Undefined Weak Reference
    .bss.os.evflags.cb$$Limit                 - Undefined Weak Reference
    .bss.os.mempool.cb$$Base                  - Undefined Weak Reference
    .bss.os.mempool.cb$$Limit                 - Undefined Weak Reference
    .bss.os.mutex.cb$$Base                    - Undefined Weak Reference
    .bss.os.mutex.cb$$Limit                   - Undefined Weak Reference
    .bss.os.semaphore.cb$$Base                - Undefined Weak Reference
    .bss.os.semaphore.cb$$Limit               - Undefined Weak Reference
    .bss.os.timer.cb$$Base                    - Undefined Weak Reference
    .bss.os.timer.cb$$Limit                   - Undefined Weak Reference
    __ARM_exceptions_init                     - Undefined Weak Reference
    __alloca_initialize                       - Undefined Weak Reference
    __arm_preinit_                            - Undefined Weak Reference
    __cpp_initialize__aeabi_                  - Undefined Weak Reference
    __cxa_finalize                            - Undefined Weak Reference
    __rt_locale                               - Undefined Weak Reference
    __sigvec_lookup                           - Undefined Weak Reference
    __user_heap_extent                        - Undefined Weak Reference
    _atexit_init                              - Undefined Weak Reference
    _call_atexit_fns                          - Undefined Weak Reference
    _clock_init                               - Undefined Weak Reference
    _fp_trap_init                             - Undefined Weak Reference
    _fp_trap_shutdown                         - Undefined Weak Reference
    _get_lc_collate                           - Undefined Weak Reference
    _get_lc_ctype                             - Undefined Weak Reference
    _get_lc_monetary                          - Undefined Weak Reference
    _get_lc_numeric                           - Undefined Weak Reference
    _get_lc_time                              - Undefined Weak Reference
    _getenv_init                              - Undefined Weak Reference
    _handle_redirection                       - Undefined Weak Reference
    _initio                                   - Undefined Weak Reference
    _rand_init                                - Undefined Weak Reference
    _signal_finish                            - Undefined Weak Reference
    _signal_init                              - Undefined Weak Reference
    _terminateio                              - Undefined Weak Reference
    __main                                   0x000000cd   Thumb Code     8  __main.o(!!!main)
    __scatterload                            0x000000d5   Thumb Code     0  __scatter.o(!!!scatter)
    __scatterload_rt2                        0x000000d5   Thumb Code    44  __scatter.o(!!!scatter)
    __scatterload_rt2_thumb_only             0x000000d5   Thumb Code     0  __scatter.o(!!!scatter)
    __scatterload_null                       0x000000e3   Thumb Code     0  __scatter.o(!!!scatter)
    __decompress                             0x00000109   Thumb Code    58  __dczerorl.o(!!dczerorl)
    __decompress0                            0x00000109   Thumb Code     0  __dczerorl.o(!!dczerorl)
    __scatterload_zeroinit                   0x00000145   Thumb Code    28  __scatter_zi.o(!!handler_zi)
    __rt_lib_init                            0x00000161   Thumb Code     0  libinit.o(.ARM.Collect$$libinit$$00000000)
    __rt_lib_init_fp_1                       0x00000163   Thumb Code     0  libinit2.o(.ARM.Collect$$libinit$$00000002)
    __rt_lib_init_heap_2                     0x00000163   Thumb Code     0  libinit2.o(.ARM.Collect$$libinit$$00000005)
    __rt_lib_init_preinit_1                  0x00000163   Thumb Code     0  libinit2.o(.ARM.Collect$$libinit$$00000004)
    __rt_lib_init_alloca_1                   0x0000016b   Thumb Code     0  libinit2.o(.ARM.Collect$$libinit$$0000002E)
    __rt_lib_init_argv_1                     0x0000016b   Thumb Code     0  libinit2.o(.ARM.Collect$$libinit$$0000002C)
    __rt_lib_init_atexit_1                   0x0000016b   Thumb Code     0  libinit2.o(.ARM.Collect$$libinit$$0000001B)
    __rt_lib_init_clock_1                    0x0000016b   Thumb Code     0  libinit2.o(.ARM.Collect$$libinit$$00000021)
    __rt_lib_init_cpp_1                      0x0000016b   Thumb Code     0  libinit2.o(.ARM.Collect$$libinit$$00000032)
    __rt_lib_init_exceptions_1               0x0000016b   Thumb Code     0  libinit2.o(.ARM.Collect$$libinit$$00000030)
    __rt_lib_init_fp_trap_1                  0x0000016b   Thumb Code     0  libinit2.o(.ARM.Collect$$libinit$$0000001F)
    __rt_lib_init_getenv_1                   0x0000016b   Thumb Code     0  libinit2.o(.ARM.Collect$$libinit$$00000023)
    __rt_lib_init_heap_1                     0x0000016b   Thumb Code     0  libinit2.o(.ARM.Collect$$libinit$$0000000A)
    __rt_lib_init_lc_collate_1               0x0000016b   Thumb Code     0  libinit2.o(.ARM.Collect$$libinit$$00000011)
    __rt_lib_init_lc_ctype_1                 0x0000016b   Thumb Code     0  libinit2.o(.ARM.Collect$$libinit$$00000013)
    __rt_lib_init_lc_monetary_1              0x0000016b   Thumb Code     0  libinit2.o(.ARM.Collect$$libinit$$00000015)
    __rt_lib_init_lc_numeric_1               0x0000016b   Thumb Code     0  libinit2.o(.ARM.Collect$$libinit$$00000017)
    __rt_lib_init_lc_time_1                  0x0000016b   Thumb Code     0  libinit2.o(.ARM.Collect$$libinit$$00000019)
    __rt_lib_init_rand_1                     0x0000016b   Thumb Code     0  libinit2.o(.ARM.Collect$$libinit$$0000000E)
    __rt_lib_init_return                     0x0000016b   Thumb Code     0  libinit2.o(.ARM.Collect$$libinit$$00000033)
    __rt_lib_init_signal_1                   0x0000016b   Thumb Code     0  libinit2.o(.ARM.Collect$$libinit$$0000001D)
    __rt_lib_init_stdio_1                    0x0000016b   Thumb Code     0  libinit2.o(.ARM.Collect$$libinit$$00000025)
    __rt_lib_init_user_alloc_1               0x0000016b   Thumb Code     0  libinit2.o(.ARM.Collect$$libinit$$0000000C)
    __rt_lib_shutdown                        0x0000016d   Thumb Code     0  libshutdown.o(.ARM.Collect$$libshutdown$$00000000)
    __rt_lib_shutdown_cpp_1                  0x0000016f   Thumb Code     0  libshutdown2.o(.ARM.Collect$$libshutdown$$00000002)
    __rt_lib_shutdown_fp_trap_1              0x0000016f   Thumb Code     0  libshutdown2.o(.ARM.Collect$$libshutdown$$00000007)
    __rt_lib_shutdown_heap_2                 0x0000016f   Thumb Code     0  libshutdown2.o(.ARM.Collect$$libshutdown$$0000000D)
    __rt_lib_shutdown_signal_1               0x0000016f   Thumb Code     0  libshutdown2.o(.ARM.Collect$$libshutdown$$0000000A)
    __rt_lib_shutdown_stdio_1                0x0000016f   Thumb Code     0  libshutdown2.o(.ARM.Collect$$libshutdown$$00000004)
    __rt_lib_shutdown_user_alloc_1           0x0000016f   Thumb Code     0  libshutdown2.o(.ARM.Collect$$libshutdown$$0000000C)
    __rt_lib_shutdown_heap_1                 0x00000173   Thumb Code     0  libshutdown2.o(.ARM.Collect$$libshutdown$$0000000F)
    __rt_lib_shutdown_return                 0x00000173   Thumb Code     0  libshutdown2.o(.ARM.Collect$$libshutdown$$00000010)
    __rt_entry                               0x00000175   Thumb Code     0  __rtentry.o(.ARM.Collect$$rtentry$$00000000)
    __rt_entry_presh_1                       0x00000175   Thumb Code     0  __rtentry2.o(.ARM.Collect$$rtentry$$00000002)
    __rt_entry_sh                            0x00000175   Thumb Code     0  __rtentry4.o(.ARM.Collect$$rtentry$$00000004)
    __rt_entry_postsh_1                      0x0000017b   Thumb Code     0  __rtentry2.o(.ARM.Collect$$rtentry$$00000008)
    __rt_entry_li                            0x00000183   Thumb Code     0  __rtentry2.o(.ARM.Collect$$rtentry$$0000000A)
    __rt_entry_main                          0x00000187   Thumb Code     0  __rtentry2.o(.ARM.Collect$$rtentry$$0000000D)
    __rt_entry_postli_1                      0x00000187   Thumb Code     0  __rtentry2.o(.ARM.Collect$$rtentry$$0000000C)
    __rt_exit                                0x0000018f   Thumb Code     0  rtexit.o(.ARM.Collect$$rtexit$$00000000)
    __rt_exit_ls                             0x00000191   Thumb Code     0  rtexit2.o(.ARM.Collect$$rtexit$$00000003)
    __rt_exit_prels_1                        0x00000191   Thumb Code     0  rtexit2.o(.ARM.Collect$$rtexit$$00000002)
    __rt_exit_exit                           0x00000195   Thumb Code     0  rtexit2.o(.ARM.Collect$$rtexit$$00000004)
    Reset_Handler                            0x0000019d   Thumb Code     8  startup_lpc17xx.o(.text)
    _maybe_terminate_alloc                   0x0000019d   Thumb Code     0  maybetermalloc2.o(.emb_text)
    NMI_Handler                              0x000001a5   Thumb Code     2  startup_lpc17xx.o(.text)
    HardFault_Handler                        0x000001a7   Thumb Code     2  startup_lpc17xx.o(.text)
    MemManage_Handler                        0x000001a9   Thumb Code     2  startup_lpc17xx.o(.text)
    BusFault_Handler                         0x000001ab   Thumb Code     2  startup_lpc17xx.o(.text)
    UsageFault_Handler                       0x000001ad   Thumb Code     2  startup_lpc17xx.o(.text)
    DebugMon_Handler                         0x000001b1   Thumb Code     2  startup_lpc17xx.o(.text)
    ADC_IRQHandler                           0x000001b7   Thumb Code     0  startup_lpc17xx.o(.text)
    BOD_IRQHandler                           0x000001b7   Thumb Code     0  startup_lpc17xx.o(.text)
    CANActivity_IRQHandler                   0x000001b7   Thumb Code     0  startup_lpc17xx.o(.text)
    CAN_IRQHandler                           0x000001b7   Thumb Code     0  startup_lpc17xx.o(.text)
    DMA_IRQHandler                           0x000001b7   Thumb Code     0  startup_lpc17xx.o(.text)
    EINT0_IRQHandler                         0x000001b7   Thumb Code     0  startup_lpc17xx.o(.text)
    EINT1_IRQHandler                         0x000001b7   Thumb Code     0  startup_lpc17xx.o(.text)
    EINT2_IRQHandler                         0x000001b7   Thumb Code     0  startup_lpc17xx.o(.text)
    ENET_IRQHandler                          0x000001b7   Thumb Code     0  startup_lpc17xx.o(.text)
    I2C0_IRQHandler                          0x000001b7   Thumb Code     0  startup_lpc17xx.o(.text)
    I2C1_IRQHandler                          0x000001b7   Thumb Code     0  startup_lpc17xx.o(.text)
    I2C2_IRQHandler                          0x000001b7   Thumb Code     0  startup_lpc17xx.o(.text)
    I2S_IRQHandler                           0x000001b7   Thumb Code     0  startup_lpc17xx.o(.text)
    MCPWM_IRQHandler                         0x000001b7   Thumb Code     0  startup_lpc17xx.o(.text)
    PLL0_IRQHandler                          0x000001b7   Thumb Code     0  startup_lpc17xx.o(.text)
    PLL1_IRQHandler                          0x000001b7   Thumb Code     0  startup_lpc17xx.o(.text)
    PWM1_IRQHandler                          0x000001b7   Thumb Code     0  startup_lpc17xx.o(.text)
    QEI_IRQHandler                           0x000001b7   Thumb Code     0  startup_lpc17xx.o(.text)
    RIT_IRQHandler                           0x000001b7   Thumb Code     0  startup_lpc17xx.o(.text)
    RTC_IRQHandler                           0x000001b7   Thumb Code     0  startup_lpc17xx.o(.text)
    SPI_IRQHandler                           0x000001b7   Thumb Code     0  startup_lpc17xx.o(.text)
    SSP0_IRQHandler                          0x000001b7   Thumb Code     0  startup_lpc17xx.o(.text)
    SSP1_IRQHandler                          0x000001b7   Thumb Code     0  startup_lpc17xx.o(.text)
    TIMER0_IRQHandler                        0x000001b7   Thumb Code     0  startup_lpc17xx.o(.text)
    TIMER1_IRQHandler                        0x000001b7   Thumb Code     0  startup_lpc17xx.o(.text)
    TIMER2_IRQHandler                        0x000001b7   Thumb Code     0  startup_lpc17xx.o(.text)
    TIMER3_IRQHandler                        0x000001b7   Thumb Code     0  startup_lpc17xx.o(.text)
    UART2_IRQHandler                         0x000001b7   Thumb Code     0  startup_lpc17xx.o(.text)
    UART3_IRQHandler                         0x000001b7   Thumb Code     0  startup_lpc17xx.o(.text)
    USBActivity_IRQHandler                   0x000001b7   Thumb Code     0  startup_lpc17xx.o(.text)
    USB_IRQHandler                           0x000001b7   Thumb Code     0  startup_lpc17xx.o(.text)
    WDT_IRQHandler                           0x000001b7   Thumb Code     0  startup_lpc17xx.o(.text)
    __user_initial_stackheap                 0x000001b9   Thumb Code     0  startup_lpc17xx.o(.text)
    SVC_Handler                              0x000001dd   Thumb Code   108  irq_cm3.o(.text)
    PendSV_Handler                           0x00000249   Thumb Code    16  irq_cm3.o(.text)
    SysTick_Handler                          0x00000259   Thumb Code    16  irq_cm3.o(.text)
    _free_internal                           0x00000271   Thumb Code    98  h1_free_mt.o(.text)
    free                                     0x000002d3   Thumb Code    20  h1_free_mt.o(.text)
    __use_two_region_memory                  0x000002e7   Thumb Code     2  heapauxi.o(.text)
    __rt_heap_escrow                         0x000002e9   Thumb Code     2  heapauxi.o(.text)
    __rt_heap_expand                         0x000002eb   Thumb Code     2  heapauxi.o(.text)
    __rt_heap_descriptor                     0x000002ed   Thumb Code    10  rt_heap_descriptor_twolibspace.o(.text)
    __use_no_heap                            0x000002f7   Thumb Code     2  hguard.o(.text)
    __heap$guard                             0x000002f9   Thumb Code     2  hguard.o(.text)
    osRtxKernelPreInit                       0x000002fb   Thumb Code     2  rtx_kernel.o(.text.osRtxKernelPreInit)
    _malloc_internal                         0x00000309   Thumb Code   130  h1_alloc_mt.o(.text)
    malloc                                   0x0000038b   Thumb Code    20  h1_alloc_mt.o(.text)
    __aeabi_memcpy                           0x0000039f   Thumb Code     0  rt_memcpy_v6.o(.text)
    __rt_memcpy                              0x0000039f   Thumb Code   138  rt_memcpy_v6.o(.text)
    _memcpy_lastbytes                        0x00000405   Thumb Code     0  rt_memcpy_v6.o(.text)
    __aeabi_memclr                           0x00000429   Thumb Code     0  rt_memclr.o(.text)
    __rt_memclr                              0x00000429   Thumb Code    68  rt_memclr.o(.text)
    _memset                                  0x0000042d   Thumb Code     0  rt_memclr.o(.text)
    __aeabi_memclr4                          0x0000046d   Thumb Code     0  rt_memclr_w.o(.text)
    __aeabi_memclr8                          0x0000046d   Thumb Code     0  rt_memclr_w.o(.text)
    __rt_memclr_w                            0x0000046d   Thumb Code    78  rt_memclr_w.o(.text)
    _memset_w                                0x00000471   Thumb Code     0  rt_memclr_w.o(.text)
    _terminate_user_alloc                    0x000004bb   Thumb Code     2  init_alloc.o(.text)
    _init_user_alloc                         0x000004bd   Thumb Code     2  init_alloc.o(.text)
    __Heap_Full                              0x000004bf   Thumb Code    34  init_alloc.o(.text)
    __Heap_Broken                            0x000004e1   Thumb Code     6  init_alloc.o(.text)
    _init_alloc                              0x000004e7   Thumb Code    94  init_alloc.o(.text)
    __Heap_Initialize                        0x00000545   Thumb Code    14  h1_init_mt.o(.text)
    __Heap_DescSize                          0x00000553   Thumb Code     4  h1_init_mt.o(.text)
    __read_errno                             0x00000557   Thumb Code    10  _rserrno.o(.text)
    __set_errno                              0x00000561   Thumb Code    12  _rserrno.o(.text)
    __aeabi_memcpy4                          0x0000056d   Thumb Code     0  rt_memcpy_w.o(.text)
    __aeabi_memcpy8                          0x0000056d   Thumb Code     0  rt_memcpy_w.o(.text)
    __rt_memcpy_w                            0x0000056d   Thumb Code   100  rt_memcpy_w.o(.text)
    _memcpy_lastbytes_aligned                0x000005b5   Thumb Code     0  rt_memcpy_w.o(.text)
    __user_libspace                          0x000005d1   Thumb Code     8  libspace.o(.text)
    __user_perproc_libspace                  0x000005d1   Thumb Code     0  libspace.o(.text)
    __aeabi_errno_addr                       0x000005d9   Thumb Code     4  rt_errno_addr_twolibspace.o(.text)
    __errno$twolibspace                      0x000005d9   Thumb Code     0  rt_errno_addr_twolibspace.o(.text)
    __rt_errno_addr$twolibspace              0x000005d9   Thumb Code     0  rt_errno_addr_twolibspace.o(.text)
    __Heap_ProvideMemory                     0x000005dd   Thumb Code    62  h1_extend_mt.o(.text)
    __rt_SIGRTMEM                            0x0000061b   Thumb Code    14  defsig_rtmem_outer.o(.text)
    __user_setup_stackheap                   0x00000629   Thumb Code    74  sys_stackheap_outer.o(.text)
    _terminate_alloc                         0x00000673   Thumb Code    16  term_alloc.o(.text)
    exit                                     0x00000683   Thumb Code    18  exit.o(.text)
    __sig_exit                               0x00000695   Thumb Code    10  defsig_exit.o(.text)
    __rt_SIGRTMEM_inner                      0x000006a1   Thumb Code    22  defsig_rtmem_inner.o(.text)
    __Heap_Finalize                          0x000006f1   Thumb Code    10  h1_final_mt.o(.text)
    __default_signal_display                 0x000006fb   Thumb Code    50  defsig_general.o(.text)
    OS_Tick_AcknowledgeIRQ                   0x000007f1   Thumb Code    12  os_systick.o(.text.OS_Tick_AcknowledgeIRQ)
    OS_Tick_Enable                           0x000007fd   Thumb Code    44  os_systick.o(.text.OS_Tick_Enable)
    OS_Tick_GetIRQn                          0x00000829   Thumb Code     6  os_systick.o(.text.OS_Tick_GetIRQn)
    OS_Tick_Setup                            0x00000831   Thumb Code    64  os_systick.o(.text.OS_Tick_Setup)
    osKernelGetState                         0x0000092d   Thumb Code    48  rtx_kernel.o(.text.osKernelGetState)
    osKernelInitialize                       0x0000095d   Thumb Code    44  rtx_kernel.o(.text.osKernelInitialize)
    osKernelStart                            0x00000989   Thumb Code    36  rtx_kernel.o(.text.osKernelStart)
    osMessageQueueGet                        0x000009ad   Thumb Code   108  rtx_msgqueue.o(.text.osMessageQueueGet)
    osMessageQueueNew                        0x00000a19   Thumb Code    36  rtx_msgqueue.o(.text.osMessageQueueNew)
    osMessageQueuePut                        0x00000a3d   Thumb Code   120  rtx_msgqueue.o(.text.osMessageQueuePut)
    osMutexAcquire                           0x00000ab5   Thumb Code    36  rtx_mutex.o(.text.osMutexAcquire)
    osMutexDelete                            0x00000ad9   Thumb Code    36  rtx_mutex.o(.text.osMutexDelete)
    osMutexNew                               0x00000afd   Thumb Code    36  rtx_mutex.o(.text.osMutexNew)
    osMutexRelease                           0x00000b21   Thumb Code    36  rtx_mutex.o(.text.osMutexRelease)
    osRtxMemoryAlloc                         0x00000b45   Thumb Code   124  rtx_memory.o(.text.osRtxMemoryAlloc)
    osRtxMemoryFree                          0x00000bc1   Thumb Code    82  rtx_memory.o(.text.osRtxMemoryFree)
    osRtxMemoryInit                          0x00000c13   Thumb Code    54  rtx_memory.o(.text.osRtxMemoryInit)
    osRtxMemoryPoolAlloc                     0x00000c49   Thumb Code    56  rtx_mempool.o(.text.osRtxMemoryPoolAlloc)
    osRtxMemoryPoolFree                      0x00000c81   Thumb Code    72  rtx_mempool.o(.text.osRtxMemoryPoolFree)
    osRtxMemoryPoolInit                      0x00000cc9   Thumb Code    84  rtx_mempool.o(.text.osRtxMemoryPoolInit)
    osRtxMutexOwnerRelease                   0x00000dd7   Thumb Code    68  rtx_mutex.o(.text.osRtxMutexOwnerRelease)
    osRtxPendSV_Handler                      0x00000e1d   Thumb Code   140  rtx_system.o(.text.osRtxPendSV_Handler)
    osRtxPostProcess                         0x00000ea9   Thumb Code   116  rtx_system.o(.text.osRtxPostProcess)
    osRtxThreadDelayTick                     0x00001029   Thumb Code    52  rtx_thread.o(.text.osRtxThreadDelayTick)
    osRtxThreadDispatch                      0x0000105d   Thumb Code    92  rtx_thread.o(.text.osRtxThreadDispatch)
    osRtxThreadListGet                       0x0000110d   Thumb Code    20  rtx_thread.o(.text.osRtxThreadListGet)
    osRtxThreadListPut                       0x00001121   Thumb Code    42  rtx_thread.o(.text.osRtxThreadListPut)
    osRtxThreadListRemove                    0x0000114b   Thumb Code    20  rtx_thread.o(.text.osRtxThreadListRemove)
    osRtxThreadListSort                      0x0000115f   Thumb Code    40  rtx_thread.o(.text.osRtxThreadListSort)
    osRtxThreadReadyPut                      0x000011b1   Thumb Code    20  rtx_thread.o(.text.osRtxThreadReadyPut)
    osRtxThreadRegPtr                        0x000011c5   Thumb Code     6  rtx_thread.o(.text.osRtxThreadRegPtr)
    osRtxThreadStackCheck                    0x000011cd   Thumb Code    40  rtx_thread.o(.text.osRtxThreadStackCheck)
    osRtxThreadStartup                       0x000011f5   Thumb Code    64  rtx_thread.o(.text.osRtxThreadStartup)
    osRtxThreadSwitch                        0x00001235   Thumb Code    16  rtx_thread.o(.text.osRtxThreadSwitch)
    osRtxThreadWaitEnter                     0x00001245   Thumb Code    60  rtx_thread.o(.text.osRtxThreadWaitEnter)
    osRtxThreadWaitExit                      0x00001281   Thumb Code    36  rtx_thread.o(.text.osRtxThreadWaitExit)
    osRtxTick_Handler                        0x000012a5   Thumb Code   112  rtx_system.o(.text.osRtxTick_Handler)
    osRtxTimerThread                         0x00001315   Thumb Code    60  rtx_timer.o(.text.osRtxTimerThread)
    osThreadExit                             0x000013a9   Thumb Code    12  rtx_thread.o(.text.osThreadExit)
    osThreadGetId                            0x000013b5   Thumb Code    40  rtx_thread.o(.text.osThreadGetId)
    osThreadNew                              0x000013dd   Thumb Code    36  rtx_thread.o(.text.osThreadNew)
    osThreadYield                            0x00001401   Thumb Code    36  rtx_thread.o(.text.osThreadYield)
    EINT3_IRQHandler                         0x00001ded   Thumb Code    24  pushbutton.o(i.EINT3_IRQHandler)
    GLCD_Bitmap                              0x00001e0d   Thumb Code    82  glcd_spi_lpc1700.o(i.GLCD_Bitmap)
    GLCD_Clear                               0x00001e5f   Thumb Code    42  glcd_spi_lpc1700.o(i.GLCD_Clear)
    GLCD_DisplayChar                         0x00001e89   Thumb Code    84  glcd_spi_lpc1700.o(i.GLCD_DisplayChar)
    GLCD_DisplayString                       0x00001ee5   Thumb Code    40  glcd_spi_lpc1700.o(i.GLCD_DisplayString)
    GLCD_DrawChar                            0x00001f0d   Thumb Code   150  glcd_spi_lpc1700.o(i.GLCD_DrawChar)
    GLCD_Init                                0x00001fa9   Thumb Code  1506  glcd_spi_lpc1700.o(i.GLCD_Init)
    GLCD_SetWindow                           0x00002591   Thumb Code   168  glcd_spi_lpc1700.o(i.GLCD_SetWindow)
    GLCD_WindowMax                           0x0000263d   Thumb Code    18  glcd_spi_lpc1700.o(i.GLCD_WindowMax)
    GUI_Level_1                              0x00002651   Thumb Code    38  gui.o(i.GUI_Level_1)
    GUI_Level_Menu                           0x00002681   Thumb Code   222  gui.o(i.GUI_Level_Menu)
    GUI_Start                                0x0000278d   Thumb Code    76  gui.o(i.GUI_Start)
    GUI_Task                                 0x000027fd   Thumb Code    90  gui.o(i.GUI_Task)
    Joy_Task                                 0x000028a9   Thumb Code   130  joy.o(i.Joy_Task)
    Joy_init                                 0x00002939   Thumb Code    24  joy.o(i.Joy_init)
    Pot_Task                                 0x00002959   Thumb Code   108  pot.o(i.Pot_Task)
    SystemInit                               0x000029dd   Thumb Code   302  system_lpc17xx.o(i.SystemInit)
    UART0_IRQHandler                         0x00002b1d   Thumb Code    88  uart.o(i.UART0_IRQHandler)
    UART1_IRQHandler                         0x00002b85   Thumb Code    90  uart.o(i.UART1_IRQHandler)
    UARTSendChar                             0x00002bf5   Thumb Code    52  uart.o(i.UARTSendChar)
    __ARM_fpclassify                         0x00002c2d   Thumb Code    40  fpclassify.o(i.__ARM_fpclassify)
    __ieee754_rem_pio2                       0x00002c55   Thumb Code   828  rred.o(i.__ieee754_rem_pio2)
    __kernel_cos                             0x00002fdd   Thumb Code   230  cos_i.o(i.__kernel_cos)
    __kernel_poly                            0x000030d9   Thumb Code   170  poly.o(i.__kernel_poly)
    __kernel_sin                             0x00003185   Thumb Code   224  sin_i.o(i.__kernel_sin)
    __mathlib_dbl_infnan                     0x00003271   Thumb Code     6  dunder.o(i.__mathlib_dbl_infnan)
    __mathlib_dbl_invalid                    0x00003277   Thumb Code    12  dunder.o(i.__mathlib_dbl_invalid)
    __mathlib_dbl_underflow                  0x00003285   Thumb Code    10  dunder.o(i.__mathlib_dbl_underflow)
    __user_perthread_libspace                0x00003295   Thumb Code    80  rtx_lib.o(i.__user_perthread_libspace)
    _mutex_acquire                           0x000032ed   Thumb Code    22  rtx_lib.o(i._mutex_acquire)
    _mutex_free                              0x00003303   Thumb Code    12  rtx_lib.o(i._mutex_free)
    _mutex_initialize                        0x0000330f   Thumb Code    34  rtx_lib.o(i._mutex_initialize)
    _mutex_release                           0x00003331   Thumb Code    18  rtx_lib.o(i._mutex_release)
    _platform_post_stackheap_init            0x00003343   Thumb Code     8  rtx_lib.o(i._platform_post_stackheap_init)
    _sys_exit                                0x0000334b   Thumb Code     4  retarget.o(i._sys_exit)
    _ttywrch                                 0x0000334f   Thumb Code    12  retarget.o(i._ttywrch)
    animate_enemy                            0x0000335d   Thumb Code    74  gui.o(i.animate_enemy)
    animate_player                           0x000033b1   Thumb Code   112  gui.o(i.animate_player)
    enemy_init                               0x0000343d   Thumb Code   130  enemy.o(i.enemy_init)
    enemy_path                               0x000034cd   Thumb Code   184  enemy.o(i.enemy_path)
    enemy_task                               0x00003591   Thumb Code   160  enemy.o(i.enemy_task)
    init                                     0x00003645   Thumb Code    28  main.o(i.init)
    ladder_avaliable                         0x00003661   Thumb Code    26  player.o(i.ladder_avaliable)
    legalize                                 0x00003681   Thumb Code    58  player.o(i.legalize)
    main                                     0x000036bd   Thumb Code    86  main.o(i.main)
    osRtxErrorNotify                         0x0000373d   Thumb Code    32  rtx_config.o(i.osRtxErrorNotify)
    osRtxIdleThread                          0x0000375d   Thumb Code     4  rtx_config.o(i.osRtxIdleThread)
    player_init                              0x00003781   Thumb Code    80  player.o(i.player_init)
    player_task                              0x000037d9   Thumb Code   214  player.o(i.player_task)
    sendchar                                 0x00003999   Thumb Code    42  retarget.o(i.sendchar)
    setup_INT0                               0x000039c5   Thumb Code    46  pushbutton.o(i.setup_INT0)
    sin                                      0x000039f9   Thumb Code   150  sin.o(i.sin)
    __aeabi_dadd                             0x00003bd1   Thumb Code     0  daddsub_clz.o(x$fpl$dadd)
    _dadd                                    0x00003bd1   Thumb Code   332  daddsub_clz.o(x$fpl$dadd)
    __fpl_dcheck_NaN1                        0x00003d21   Thumb Code    10  dcheck1.o(x$fpl$dcheck1)
    __aeabi_ddiv                             0x00003d31   Thumb Code     0  ddiv.o(x$fpl$ddiv)
    _ddiv                                    0x00003d31   Thumb Code   552  ddiv.o(x$fpl$ddiv)
    __aeabi_d2iz                             0x00003fe1   Thumb Code     0  dfix.o(x$fpl$dfix)
    _dfix                                    0x00003fe1   Thumb Code    94  dfix.o(x$fpl$dfix)
    __aeabi_i2d                              0x0000403f   Thumb Code     0  dflt_clz.o(x$fpl$dflt)
    _dflt                                    0x0000403f   Thumb Code    46  dflt_clz.o(x$fpl$dflt)
    __aeabi_ui2d                             0x0000406d   Thumb Code     0  dflt_clz.o(x$fpl$dfltu)
    _dfltu                                   0x0000406d   Thumb Code    38  dflt_clz.o(x$fpl$dfltu)
    __aeabi_dmul                             0x00004095   Thumb Code     0  dmul.o(x$fpl$dmul)
    _dmul                                    0x00004095   Thumb Code   332  dmul.o(x$fpl$dmul)
    __fpl_dnaninf                            0x000041e9   Thumb Code   156  dnaninf.o(x$fpl$dnaninf)
    __fpl_dretinf                            0x00004285   Thumb Code    12  dretinf.o(x$fpl$dretinf)
    __aeabi_drsub                            0x00004291   Thumb Code     0  daddsub_clz.o(x$fpl$drsb)
    _drsb                                    0x00004291   Thumb Code    22  daddsub_clz.o(x$fpl$drsb)
    __aeabi_dsub                             0x000042a9   Thumb Code     0  daddsub_clz.o(x$fpl$dsub)
    _dsub                                    0x000042a9   Thumb Code   464  daddsub_clz.o(x$fpl$dsub)
    __fpl_return_NaN                         0x0000447d   Thumb Code   100  retnan.o(x$fpl$retnan)
    __ARM_scalbn                             0x000044e1   Thumb Code    92  scalbn.o(x$fpl$scalbn)
    __fpl_cmpreturn                          0x0000453d   Thumb Code    48  trapv.o(x$fpl$trapveneer)
    Font_6x8_h                               0x0000456c   Data         896  glcd_spi_lpc1700.o(.constdata)
    __I$use$fp                               0x0000456c   Number         0  usenofp.o(x$fpl$usenofp)
    Font_16x24_h                             0x000048ec   Data        5376  glcd_spi_lpc1700.o(.constdata)
    enemy_map                                0x00005dec   Data        1801  bitmaps.o(.constdata)
    osRtxUserSVC                             0x00006558   Data           4  rtx_lib.o(.constdata)
    irqRtxLib                                0x0000655c   Data           1  irq_cm3.o(.constdata)
    osRtxConfig                              0x00006680   Data         104  rtx_lib.o(.rodata)
    Region$$Table$$Base                      0x000066f4   Number         0  anon$$obj.o(Region$$Table)
    Region$$Table$$Limit                     0x00006714   Number         0  anon$$obj.o(Region$$Table)
    .bss.os.msgqueue.cb$$Base                0x10001230   Number         0  rtx_lib.o(.bss.os.msgqueue.cb)
    .bss.os.msgqueue.cb$$Limit               0x10001264   Number         0  rtx_lib.o(.bss.os.msgqueue.cb)
    .bss.os.thread.cb$$Base                  0x100012b4   Number         0  rtx_lib.o(.bss.os.thread.cb)
    .bss.os.thread.cb$$Limit                 0x1000133c   Number         0  rtx_lib.o(.bss.os.thread.cb)
    ITM_RxBuffer                             0x10001548   Data           4  uart.o(.data)
    UART0Status                              0x1000154c   Data           4  uart.o(.data)
    UART1Status                              0x10001550   Data           4  uart.o(.data)
    UART0TxEmpty                             0x10001554   Data           1  uart.o(.data)
    UART1TxEmpty                             0x10001555   Data           1  uart.o(.data)
    UART0Count                               0x10001558   Data           4  uart.o(.data)
    UART1Count                               0x1000155c   Data           4  uart.o(.data)
    RcvLock0                                 0x10001560   Data           1  uart.o(.data)
    SndLock0                                 0x10001561   Data           1  uart.o(.data)
    RcvLock1                                 0x10001562   Data           1  uart.o(.data)
    SndLock1                                 0x10001563   Data           1  uart.o(.data)
    i                                        0x10001564   Data           4  uart.o(.data)
    GUI_Thread                               0x10001568   Data           4  main.o(.data)
    Pot_Thread                               0x1000156c   Data           4  main.o(.data)
    Joy_Thread                               0x10001570   Data           4  main.o(.data)
    Enemy_Thread                             0x10001574   Data           4  main.o(.data)
    Player_Thread                            0x10001578   Data           4  main.o(.data)
    sel_lev                                  0x1000157c   Data           1  gui.o(.data)
    game_state_id                            0x10001580   Data           4  gui.o(.data)
    game_state                               0x10001584   Data           1  gui.o(.data)
    joy_in                                   0x10001588   Data           4  joy.o(.data)
    joy_val_id                               0x1000158c   Data           4  joy.o(.data)
    pot_val                                  0x10001590   Data           4  pot.o(.data)
    pot_val_id                               0x10001594   Data           4  pot.o(.data)
    button_pushed                            0x10001598   Data           1  pushbutton.o(.data)
    enemy_loc_id                             0x1000159c   Data           4  enemy.o(.data)
    enemy_time                               0x100015a0   Data           4  enemy.o(.data)
    player_info                              0x100015a4   Data           4  player.o(.data)
    player_loc_id                            0x100015a8   Data           4  player.o(.data)
    irqRtxLibRef                             0x100015ac   Data           4  rtx_lib.o(.data)
    SystemCoreClock                          0x100015b4   Data           4  system_lpc17xx.o(.data)
    osRtxInfo                                0x100015b8   Data         164  rtx_kernel.o(.data.os)
    UART0Buffer                              0x1000165c   Data          64  uart.o(.bss)
    UART1Buffer                              0x1000169c   Data          64  uart.o(.bss)
    enemies                                  0x100016dc   Data          12  enemy.o(.bss)
    __libspace_start                         0x100016e8   Data          96  libspace.o(.bss)
    __temporary_stack_top$libspace           0x10001748   Data           0  libspace.o(.bss)



==============================================================================

Memory Map of the image

  Image Entry point : 0x0000019d

  Load Region LR_1 (Base: 0x00000000, Size: 0x00007d70, Max: 0xffffffff, ABSOLUTE, COMPRESSED[0x0000675c])

    Execution Region ER_RO (Exec base: 0x00000000, Load base: 0x00000000, Size: 0x00006714, Max: 0xffffffff, ABSOLUTE)

    Exec Addr    Load Addr    Size         Type   Attr      Idx    E Section Name        Object

    0x00000000   0x00000000   0x000000cc   Data   RO         1014    RESET               startup_lpc17xx.o
    0x000000cc   0x000000cc   0x00000008   Code   RO         1579  * !!!main             c_w.l(__main.o)
    0x000000d4   0x000000d4   0x00000034   Code   RO         1872    !!!scatter          c_w.l(__scatter.o)
    0x00000108   0x00000108   0x0000003a   Code   RO         1870    !!dczerorl          c_w.l(__dczerorl.o)
    0x00000142   0x00000142   0x00000002   PAD
    0x00000144   0x00000144   0x0000001c   Code   RO         1874    !!handler_zi        c_w.l(__scatter_zi.o)
    0x00000160   0x00000160   0x00000002   Code   RO         1807    .ARM.Collect$$libinit$$00000000  c_w.l(libinit.o)
    0x00000162   0x00000162   0x00000000   Code   RO         1646    .ARM.Collect$$libinit$$00000002  c_w.l(libinit2.o)
    0x00000162   0x00000162   0x00000000   Code   RO         1648    .ARM.Collect$$libinit$$00000004  c_w.l(libinit2.o)
    0x00000162   0x00000162   0x00000008   Code   RO         1649    .ARM.Collect$$libinit$$00000005  c_w.l(libinit2.o)
    0x0000016a   0x0000016a   0x00000000   Code   RO         1651    .ARM.Collect$$libinit$$0000000A  c_w.l(libinit2.o)
    0x0000016a   0x0000016a   0x00000000   Code   RO         1653    .ARM.Collect$$libinit$$0000000C  c_w.l(libinit2.o)
    0x0000016a   0x0000016a   0x00000000   Code   RO         1655    .ARM.Collect$$libinit$$0000000E  c_w.l(libinit2.o)
    0x0000016a   0x0000016a   0x00000000   Code   RO         1658    .ARM.Collect$$libinit$$00000011  c_w.l(libinit2.o)
    0x0000016a   0x0000016a   0x00000000   Code   RO         1660    .ARM.Collect$$libinit$$00000013  c_w.l(libinit2.o)
    0x0000016a   0x0000016a   0x00000000   Code   RO         1662    .ARM.Collect$$libinit$$00000015  c_w.l(libinit2.o)
    0x0000016a   0x0000016a   0x00000000   Code   RO         1664    .ARM.Collect$$libinit$$00000017  c_w.l(libinit2.o)
    0x0000016a   0x0000016a   0x00000000   Code   RO         1666    .ARM.Collect$$libinit$$00000019  c_w.l(libinit2.o)
    0x0000016a   0x0000016a   0x00000000   Code   RO         1668    .ARM.Collect$$libinit$$0000001B  c_w.l(libinit2.o)
    0x0000016a   0x0000016a   0x00000000   Code   RO         1670    .ARM.Collect$$libinit$$0000001D  c_w.l(libinit2.o)
    0x0000016a   0x0000016a   0x00000000   Code   RO         1672    .ARM.Collect$$libinit$$0000001F  c_w.l(libinit2.o)
    0x0000016a   0x0000016a   0x00000000   Code   RO         1674    .ARM.Collect$$libinit$$00000021  c_w.l(libinit2.o)
    0x0000016a   0x0000016a   0x00000000   Code   RO         1676    .ARM.Collect$$libinit$$00000023  c_w.l(libinit2.o)
    0x0000016a   0x0000016a   0x00000000   Code   RO         1678    .ARM.Collect$$libinit$$00000025  c_w.l(libinit2.o)
    0x0000016a   0x0000016a   0x00000000   Code   RO         1682    .ARM.Collect$$libinit$$0000002C  c_w.l(libinit2.o)
    0x0000016a   0x0000016a   0x00000000   Code   RO         1684    .ARM.Collect$$libinit$$0000002E  c_w.l(libinit2.o)
    0x0000016a   0x0000016a   0x00000000   Code   RO         1686    .ARM.Collect$$libinit$$00000030  c_w.l(libinit2.o)
    0x0000016a   0x0000016a   0x00000000   Code   RO         1688    .ARM.Collect$$libinit$$00000032  c_w.l(libinit2.o)
    0x0000016a   0x0000016a   0x00000002   Code   RO         1689    .ARM.Collect$$libinit$$00000033  c_w.l(libinit2.o)
    0x0000016c   0x0000016c   0x00000002   Code   RO         1867    .ARM.Collect$$libshutdown$$00000000  c_w.l(libshutdown.o)
    0x0000016e   0x0000016e   0x00000000   Code   RO         1823    .ARM.Collect$$libshutdown$$00000002  c_w.l(libshutdown2.o)
    0x0000016e   0x0000016e   0x00000000   Code   RO         1825    .ARM.Collect$$libshutdown$$00000004  c_w.l(libshutdown2.o)
    0x0000016e   0x0000016e   0x00000000   Code   RO         1828    .ARM.Collect$$libshutdown$$00000007  c_w.l(libshutdown2.o)
    0x0000016e   0x0000016e   0x00000000   Code   RO         1831    .ARM.Collect$$libshutdown$$0000000A  c_w.l(libshutdown2.o)
    0x0000016e   0x0000016e   0x00000000   Code   RO         1833    .ARM.Collect$$libshutdown$$0000000C  c_w.l(libshutdown2.o)
    0x0000016e   0x0000016e   0x00000004   Code   RO         1834    .ARM.Collect$$libshutdown$$0000000D  c_w.l(libshutdown2.o)
    0x00000172   0x00000172   0x00000000   Code   RO         1836    .ARM.Collect$$libshutdown$$0000000F  c_w.l(libshutdown2.o)
    0x00000172   0x00000172   0x00000002   Code   RO         1837    .ARM.Collect$$libshutdown$$00000010  c_w.l(libshutdown2.o)
    0x00000174   0x00000174   0x00000000   Code   RO         1607    .ARM.Collect$$rtentry$$00000000  c_w.l(__rtentry.o)
    0x00000174   0x00000174   0x00000000   Code   RO         1729    .ARM.Collect$$rtentry$$00000002  c_w.l(__rtentry2.o)
    0x00000174   0x00000174   0x00000006   Code   RO         1741    .ARM.Collect$$rtentry$$00000004  c_w.l(__rtentry4.o)
    0x0000017a   0x0000017a   0x00000008   Code   RO         1730    .ARM.Collect$$rtentry$$00000008  c_w.l(__rtentry2.o)
    0x00000182   0x00000182   0x00000004   Code   RO         1732    .ARM.Collect$$rtentry$$0000000A  c_w.l(__rtentry2.o)
    0x00000186   0x00000186   0x00000000   Code   RO         1734    .ARM.Collect$$rtentry$$0000000C  c_w.l(__rtentry2.o)
    0x00000186   0x00000186   0x00000008   Code   RO         1735    .ARM.Collect$$rtentry$$0000000D  c_w.l(__rtentry2.o)
    0x0000018e   0x0000018e   0x00000002   Code   RO         1810    .ARM.Collect$$rtexit$$00000000  c_w.l(rtexit.o)
    0x00000190   0x00000190   0x00000000   Code   RO         1841    .ARM.Collect$$rtexit$$00000002  c_w.l(rtexit2.o)
    0x00000190   0x00000190   0x00000004   Code   RO         1842    .ARM.Collect$$rtexit$$00000003  c_w.l(rtexit2.o)
    0x00000194   0x00000194   0x00000006   Code   RO         1843    .ARM.Collect$$rtexit$$00000004  c_w.l(rtexit2.o)
    0x0000019a   0x0000019a   0x00000002   PAD
    0x0000019c   0x0000019c   0x00000000   Code   RO         1755    .emb_text           c_w.l(maybetermalloc2.o)
    0x0000019c   0x0000019c   0x00000040   Code   RO         1016  * .text               startup_lpc17xx.o
    0x000001dc   0x000001dc   0x00000094   Code   RO         1292    .text               RTX_CM3.lib(irq_cm3.o)
    0x00000270   0x00000270   0x00000076   Code   RO         1517    .text               c_w.l(h1_free_mt.o)
    0x000002e6   0x000002e6   0x00000006   Code   RO         1577    .text               c_w.l(heapauxi.o)
    0x000002ec   0x000002ec   0x0000000a   Code   RO         1617    .text               c_w.l(rt_heap_descriptor_twolibspace.o)
    0x000002f6   0x000002f6   0x00000004   Code   RO         1619    .text               c_w.l(hguard.o)
    0x000002fa   0x000002fa   0x00000002   Code   RO         1059    .text.osRtxKernelPreInit  RTX_CM3.lib(rtx_kernel.o)
    0x000002fc   0x000002fc   0x00000004   Code   RO         1015    .ARM.__at_0x02FC    startup_lpc17xx.o
    0x00000300   0x00000300   0x0000009e   Code   RO         1515    .text               c_w.l(h1_alloc_mt.o)
    0x0000039e   0x0000039e   0x0000008a   Code   RO         1571    .text               c_w.l(rt_memcpy_v6.o)
    0x00000428   0x00000428   0x00000044   Code   RO         1573    .text               c_w.l(rt_memclr.o)
    0x0000046c   0x0000046c   0x0000004e   Code   RO         1575    .text               c_w.l(rt_memclr_w.o)
    0x000004ba   0x000004ba   0x0000008a   Code   RO         1621    .text               c_w.l(init_alloc.o)
    0x00000544   0x00000544   0x00000012   Code   RO         1627    .text               c_w.l(h1_init_mt.o)
    0x00000556   0x00000556   0x00000016   Code   RO         1639    .text               c_w.l(_rserrno.o)
    0x0000056c   0x0000056c   0x00000064   Code   RO         1641    .text               c_w.l(rt_memcpy_w.o)
    0x000005d0   0x000005d0   0x00000008   Code   RO         1725    .text               c_w.l(libspace.o)
    0x000005d8   0x000005d8   0x00000004   Code   RO         1750    .text               c_w.l(rt_errno_addr_twolibspace.o)
    0x000005dc   0x000005dc   0x0000003e   Code   RO         1758    .text               c_w.l(h1_extend_mt.o)
    0x0000061a   0x0000061a   0x0000000e   Code   RO         1760    .text               c_w.l(defsig_rtmem_outer.o)
    0x00000628   0x00000628   0x0000004a   Code   RO         1784    .text               c_w.l(sys_stackheap_outer.o)
    0x00000672   0x00000672   0x00000010   Code   RO         1788    .text               c_w.l(term_alloc.o)
    0x00000682   0x00000682   0x00000012   Code   RO         1790    .text               c_w.l(exit.o)
    0x00000694   0x00000694   0x0000000a   Code   RO         1792    .text               c_w.l(defsig_exit.o)
    0x0000069e   0x0000069e   0x00000002   PAD
    0x000006a0   0x000006a0   0x00000050   Code   RO         1798    .text               c_w.l(defsig_rtmem_inner.o)
    0x000006f0   0x000006f0   0x0000000a   Code   RO         1814    .text               c_w.l(h1_final_mt.o)
    0x000006fa   0x000006fa   0x00000032   Code   RO         1818    .text               c_w.l(defsig_general.o)
    0x0000072c   0x0000072c   0x00000044   Code   RO         1489    .text.MessageQueueGet  RTX_CM3.lib(rtx_msgqueue.o)
    0x00000770   0x00000770   0x00000062   Code   RO         1483    .text.MessageQueuePut  RTX_CM3.lib(rtx_msgqueue.o)
    0x000007d2   0x000007d2   0x0000001c   Code   RO         1481    .text.MessageQueueRemove  RTX_CM3.lib(rtx_msgqueue.o)
    0x000007ee   0x000007ee   0x00000002   PAD
    0x000007f0   0x000007f0   0x0000000c   Code   RO         1427    .text.OS_Tick_AcknowledgeIRQ  RTX_CM3.lib(os_systick.o)
    0x000007fc   0x000007fc   0x0000002c   Code   RO         1423    .text.OS_Tick_Enable  RTX_CM3.lib(os_systick.o)
    0x00000828   0x00000828   0x00000006   Code   RO         1429    .text.OS_Tick_GetIRQn  RTX_CM3.lib(os_systick.o)
    0x0000082e   0x0000082e   0x00000002   PAD
    0x00000830   0x00000830   0x00000040   Code   RO         1421    .text.OS_Tick_Setup  RTX_CM3.lib(os_systick.o)
    0x00000870   0x00000870   0x0000006c   Code   RO         1204    .text.ThreadFlagsCheck  RTX_CM3.lib(rtx_thread.o)
    0x000008dc   0x000008dc   0x00000050   Code   RO         1313    .text.TimerInsert   RTX_CM3.lib(rtx_timer.o)
    0x0000092c   0x0000092c   0x00000030   Code   RO         1067    .text.osKernelGetState  RTX_CM3.lib(rtx_kernel.o)
    0x0000095c   0x0000095c   0x0000002c   Code   RO         1061    .text.osKernelInitialize  RTX_CM3.lib(rtx_kernel.o)
    0x00000988   0x00000988   0x00000024   Code   RO         1071    .text.osKernelStart  RTX_CM3.lib(rtx_kernel.o)
    0x000009ac   0x000009ac   0x0000006c   Code   RO         1455    .text.osMessageQueueGet  RTX_CM3.lib(rtx_msgqueue.o)
    0x00000a18   0x00000a18   0x00000024   Code   RO         1449    .text.osMessageQueueNew  RTX_CM3.lib(rtx_msgqueue.o)
    0x00000a3c   0x00000a3c   0x00000078   Code   RO         1453    .text.osMessageQueuePut  RTX_CM3.lib(rtx_msgqueue.o)
    0x00000ab4   0x00000ab4   0x00000024   Code   RO         1263    .text.osMutexAcquire  RTX_CM3.lib(rtx_mutex.o)
    0x00000ad8   0x00000ad8   0x00000024   Code   RO         1269    .text.osMutexDelete  RTX_CM3.lib(rtx_mutex.o)
    0x00000afc   0x00000afc   0x00000024   Code   RO         1259    .text.osMutexNew    RTX_CM3.lib(rtx_mutex.o)
    0x00000b20   0x00000b20   0x00000024   Code   RO         1265    .text.osMutexRelease  RTX_CM3.lib(rtx_mutex.o)
    0x00000b44   0x00000b44   0x0000007c   Code   RO         1340    .text.osRtxMemoryAlloc  RTX_CM3.lib(rtx_memory.o)
    0x00000bc0   0x00000bc0   0x00000052   Code   RO         1342    .text.osRtxMemoryFree  RTX_CM3.lib(rtx_memory.o)
    0x00000c12   0x00000c12   0x00000036   Code   RO         1338    .text.osRtxMemoryInit  RTX_CM3.lib(rtx_memory.o)
    0x00000c48   0x00000c48   0x00000038   Code   RO         1355    .text.osRtxMemoryPoolAlloc  RTX_CM3.lib(rtx_mempool.o)
    0x00000c80   0x00000c80   0x00000048   Code   RO         1357    .text.osRtxMemoryPoolFree  RTX_CM3.lib(rtx_mempool.o)
    0x00000cc8   0x00000cc8   0x00000054   Code   RO         1353    .text.osRtxMemoryPoolInit  RTX_CM3.lib(rtx_mempool.o)
    0x00000d1c   0x00000d1c   0x000000ba   Code   RO         1479    .text.osRtxMessageQueuePostProcess  RTX_CM3.lib(rtx_msgqueue.o)
    0x00000dd6   0x00000dd6   0x00000044   Code   RO         1257    .text.osRtxMutexOwnerRelease  RTX_CM3.lib(rtx_mutex.o)
    0x00000e1a   0x00000e1a   0x00000002   PAD
    0x00000e1c   0x00000e1c   0x0000008c   Code   RO         1408    .text.osRtxPendSV_Handler  RTX_CM3.lib(rtx_system.o)
    0x00000ea8   0x00000ea8   0x00000074   Code   RO         1410    .text.osRtxPostProcess  RTX_CM3.lib(rtx_system.o)
    0x00000f1c   0x00000f1c   0x00000038   Code   RO         1144    .text.osRtxThreadBlock  RTX_CM3.lib(rtx_thread.o)
    0x00000f54   0x00000f54   0x00000088   Code   RO         1152    .text.osRtxThreadDelayInsert  RTX_CM3.lib(rtx_thread.o)
    0x00000fdc   0x00000fdc   0x0000004c   Code   RO         1148    .text.osRtxThreadDelayRemove  RTX_CM3.lib(rtx_thread.o)
    0x00001028   0x00001028   0x00000034   Code   RO         1134    .text.osRtxThreadDelayTick  RTX_CM3.lib(rtx_thread.o)
    0x0000105c   0x0000105c   0x0000005c   Code   RO         1142    .text.osRtxThreadDispatch  RTX_CM3.lib(rtx_thread.o)
    0x000010b8   0x000010b8   0x00000054   Code   RO         1228    .text.osRtxThreadFree  RTX_CM3.lib(rtx_thread.o)
    0x0000110c   0x0000110c   0x00000014   Code   RO         1126    .text.osRtxThreadListGet  RTX_CM3.lib(rtx_thread.o)
    0x00001120   0x00001120   0x0000002a   Code   RO         1124    .text.osRtxThreadListPut  RTX_CM3.lib(rtx_thread.o)
    0x0000114a   0x0000114a   0x00000014   Code   RO         1130    .text.osRtxThreadListRemove  RTX_CM3.lib(rtx_thread.o)
    0x0000115e   0x0000115e   0x00000028   Code   RO         1128    .text.osRtxThreadListSort  RTX_CM3.lib(rtx_thread.o)
    0x00001186   0x00001186   0x0000002a   Code   RO         1202    .text.osRtxThreadPostProcess  RTX_CM3.lib(rtx_thread.o)
    0x000011b0   0x000011b0   0x00000014   Code   RO         1132    .text.osRtxThreadReadyPut  RTX_CM3.lib(rtx_thread.o)
    0x000011c4   0x000011c4   0x00000006   Code   RO         1136    .text.osRtxThreadRegPtr  RTX_CM3.lib(rtx_thread.o)
    0x000011ca   0x000011ca   0x00000002   PAD
    0x000011cc   0x000011cc   0x00000028   Code   RO         1140    .text.osRtxThreadStackCheck  RTX_CM3.lib(rtx_thread.o)
    0x000011f4   0x000011f4   0x00000040   Code   RO         1154    .text.osRtxThreadStartup  RTX_CM3.lib(rtx_thread.o)
    0x00001234   0x00001234   0x00000010   Code   RO         1138    .text.osRtxThreadSwitch  RTX_CM3.lib(rtx_thread.o)
    0x00001244   0x00001244   0x0000003c   Code   RO         1150    .text.osRtxThreadWaitEnter  RTX_CM3.lib(rtx_thread.o)
    0x00001280   0x00001280   0x00000024   Code   RO         1146    .text.osRtxThreadWaitExit  RTX_CM3.lib(rtx_thread.o)
    0x000012a4   0x000012a4   0x00000070   Code   RO         1406    .text.osRtxTick_Handler  RTX_CM3.lib(rtx_system.o)
    0x00001314   0x00001314   0x0000003c   Code   RO         1297    .text.osRtxTimerThread  RTX_CM3.lib(rtx_timer.o)
    0x00001350   0x00001350   0x00000058   Code   RO         1299    .text.osRtxTimerTick  RTX_CM3.lib(rtx_timer.o)
    0x000013a8   0x000013a8   0x0000000c   Code   RO         1186    .text.osThreadExit  RTX_CM3.lib(rtx_thread.o)
    0x000013b4   0x000013b4   0x00000028   Code   RO         1162    .text.osThreadGetId  RTX_CM3.lib(rtx_thread.o)
    0x000013dc   0x000013dc   0x00000024   Code   RO         1158    .text.osThreadNew   RTX_CM3.lib(rtx_thread.o)
    0x00001400   0x00001400   0x00000024   Code   RO         1176    .text.osThreadYield  RTX_CM3.lib(rtx_thread.o)
    0x00001424   0x00001424   0x0000000c   Code   RO         1069    .text.svcRtxKernelGetState  RTX_CM3.lib(rtx_kernel.o)
    0x00001430   0x00001430   0x00000154   Code   RO         1099    .text.svcRtxKernelInitialize  RTX_CM3.lib(rtx_kernel.o)
    0x00001584   0x00001584   0x00000088   Code   RO         1101    .text.svcRtxKernelStart  RTX_CM3.lib(rtx_kernel.o)
    0x0000160c   0x0000160c   0x000000e4   Code   RO         1491    .text.svcRtxMessageQueueGet  RTX_CM3.lib(rtx_msgqueue.o)
    0x000016f0   0x000016f0   0x00000134   Code   RO         1477    .text.svcRtxMessageQueueNew  RTX_CM3.lib(rtx_msgqueue.o)
    0x00001824   0x00001824   0x000000c0   Code   RO         1487    .text.svcRtxMessageQueuePut  RTX_CM3.lib(rtx_msgqueue.o)
    0x000018e4   0x000018e4   0x00000090   Code   RO         1275    .text.svcRtxMutexAcquire  RTX_CM3.lib(rtx_mutex.o)
    0x00001974   0x00001974   0x000000c4   Code   RO         1281    .text.svcRtxMutexDelete  RTX_CM3.lib(rtx_mutex.o)
    0x00001a38   0x00001a38   0x0000006c   Code   RO         1271    .text.svcRtxMutexNew  RTX_CM3.lib(rtx_mutex.o)
    0x00001aa4   0x00001aa4   0x000000b4   Code   RO         1277    .text.svcRtxMutexRelease  RTX_CM3.lib(rtx_mutex.o)
    0x00001b58   0x00001b58   0x00000074   Code   RO         1232    .text.svcRtxThreadExit  RTX_CM3.lib(rtx_thread.o)
    0x00001bcc   0x00001bcc   0x0000000c   Code   RO         1164    .text.svcRtxThreadGetId  RTX_CM3.lib(rtx_thread.o)
    0x00001bd8   0x00001bd8   0x000001dc   Code   RO         1156    .text.svcRtxThreadNew  RTX_CM3.lib(rtx_thread.o)
    0x00001db4   0x00001db4   0x00000038   Code   RO         1218    .text.svcRtxThreadYield  RTX_CM3.lib(rtx_thread.o)
    0x00001dec   0x00001dec   0x00000020   Code   RO          724    i.EINT3_IRQHandler  pushbutton.o
    0x00001e0c   0x00001e0c   0x00000052   Code   RO          143    i.GLCD_Bitmap       glcd_spi_lpc1700.o
    0x00001e5e   0x00001e5e   0x0000002a   Code   RO          144    i.GLCD_Clear        glcd_spi_lpc1700.o
    0x00001e88   0x00001e88   0x0000005c   Code   RO          146    i.GLCD_DisplayChar  glcd_spi_lpc1700.o
    0x00001ee4   0x00001ee4   0x00000028   Code   RO          147    i.GLCD_DisplayString  glcd_spi_lpc1700.o
    0x00001f0c   0x00001f0c   0x0000009c   Code   RO          148    i.GLCD_DrawChar     glcd_spi_lpc1700.o
    0x00001fa8   0x00001fa8   0x000005e8   Code   RO          149    i.GLCD_Init         glcd_spi_lpc1700.o
    0x00002590   0x00002590   0x000000ac   Code   RO          154    i.GLCD_SetWindow    glcd_spi_lpc1700.o
    0x0000263c   0x0000263c   0x00000012   Code   RO          155    i.GLCD_WindowMax    glcd_spi_lpc1700.o
    0x0000264e   0x0000264e   0x00000002   PAD
    0x00002650   0x00002650   0x00000030   Code   RO          587    i.GUI_Level_1       gui.o
    0x00002680   0x00002680   0x0000010c   Code   RO          588    i.GUI_Level_Menu    gui.o
    0x0000278c   0x0000278c   0x00000070   Code   RO          589    i.GUI_Start         gui.o
    0x000027fc   0x000027fc   0x000000ac   Code   RO          590    i.GUI_Task          gui.o
    0x000028a8   0x000028a8   0x00000090   Code   RO          656    i.Joy_Task          joy.o
    0x00002938   0x00002938   0x00000020   Code   RO          657    i.Joy_init          joy.o
    0x00002958   0x00002958   0x00000084   Code   RO          693    i.Pot_Task          pot.o
    0x000029dc   0x000029dc   0x00000140   Code   RO         1026    i.SystemInit        system_lpc17xx.o
    0x00002b1c   0x00002b1c   0x00000068   Code   RO          401    i.UART0_IRQHandler  uart.o
    0x00002b84   0x00002b84   0x00000070   Code   RO          402    i.UART1_IRQHandler  uart.o
    0x00002bf4   0x00002bf4   0x00000038   Code   RO          407    i.UARTSendChar      uart.o
    0x00002c2c   0x00002c2c   0x00000028   Code   RO         1777    i.__ARM_fpclassify  m_ws.l(fpclassify.o)
    0x00002c54   0x00002c54   0x00000388   Code   RO         1712    i.__ieee754_rem_pio2  m_ws.l(rred.o)
    0x00002fdc   0x00002fdc   0x000000fc   Code   RO         1695    i.__kernel_cos      m_ws.l(cos_i.o)
    0x000030d8   0x000030d8   0x000000aa   Code   RO         1779    i.__kernel_poly     m_ws.l(poly.o)
    0x00003182   0x00003182   0x00000002   PAD
    0x00003184   0x00003184   0x000000ec   Code   RO         1717    i.__kernel_sin      m_ws.l(sin_i.o)
    0x00003270   0x00003270   0x00000006   Code   RO         1699    i.__mathlib_dbl_infnan  m_ws.l(dunder.o)
    0x00003276   0x00003276   0x0000000c   Code   RO         1701    i.__mathlib_dbl_invalid  m_ws.l(dunder.o)
    0x00003282   0x00003282   0x00000002   PAD
    0x00003284   0x00003284   0x00000010   Code   RO         1704    i.__mathlib_dbl_underflow  m_ws.l(dunder.o)
    0x00003294   0x00003294   0x00000058   Code   RO          891    i.__user_perthread_libspace  rtx_lib.o
    0x000032ec   0x000032ec   0x00000016   Code   RO          892    i._mutex_acquire    rtx_lib.o
    0x00003302   0x00003302   0x0000000c   Code   RO          893    i._mutex_free       rtx_lib.o
    0x0000330e   0x0000330e   0x00000022   Code   RO          894    i._mutex_initialize  rtx_lib.o
    0x00003330   0x00003330   0x00000012   Code   RO          895    i._mutex_release    rtx_lib.o
    0x00003342   0x00003342   0x00000008   Code   RO          896    i._platform_post_stackheap_init  rtx_lib.o
    0x0000334a   0x0000334a   0x00000004   Code   RO          328    i._sys_exit         retarget.o
    0x0000334e   0x0000334e   0x0000000c   Code   RO          329    i._ttywrch          retarget.o
    0x0000335a   0x0000335a   0x00000002   PAD
    0x0000335c   0x0000335c   0x00000054   Code   RO          591    i.animate_enemy     gui.o
    0x000033b0   0x000033b0   0x0000007c   Code   RO          592    i.animate_player    gui.o
    0x0000342c   0x0000342c   0x0000000e   Code   RO          158    i.delay             glcd_spi_lpc1700.o
    0x0000343a   0x0000343a   0x00000002   PAD
    0x0000343c   0x0000343c   0x00000090   Code   RO          769    i.enemy_init        enemy.o
    0x000034cc   0x000034cc   0x000000c4   Code   RO          770    i.enemy_path        enemy.o
    0x00003590   0x00003590   0x000000b4   Code   RO          771    i.enemy_task        enemy.o
    0x00003644   0x00003644   0x0000001c   Code   RO          509    i.init              main.o
    0x00003660   0x00003660   0x00000020   Code   RO          825    i.ladder_avaliable  player.o
    0x00003680   0x00003680   0x0000003a   Code   RO          826    i.legalize          player.o
    0x000036ba   0x000036ba   0x00000002   PAD
    0x000036bc   0x000036bc   0x00000080   Code   RO          510    i.main              main.o
    0x0000373c   0x0000373c   0x00000020   Code   RO          981    i.osRtxErrorNotify  rtx_config.o
    0x0000375c   0x0000375c   0x00000004   Code   RO          982    i.osRtxIdleThread   rtx_config.o
    0x00003760   0x00003760   0x00000020   Code   RO          897    i.os_kernel_is_active  rtx_lib.o
    0x00003780   0x00003780   0x00000058   Code   RO          827    i.player_init       player.o
    0x000037d8   0x000037d8   0x000000ec   Code   RO          828    i.player_task       player.o
    0x000038c4   0x000038c4   0x0000008c   Code   RO          159    i.rd_id_man         glcd_spi_lpc1700.o
    0x00003950   0x00003950   0x00000048   Code   RO          160    i.rd_reg            glcd_spi_lpc1700.o
    0x00003998   0x00003998   0x0000002a   Code   RO          334    i.sendchar          retarget.o
    0x000039c2   0x000039c2   0x00000002   PAD
    0x000039c4   0x000039c4   0x00000034   Code   RO          725    i.setup_INT0        pushbutton.o
    0x000039f8   0x000039f8   0x000000a0   Code   RO         1600    i.sin               m_ws.l(sin.o)
    0x00003a98   0x00003a98   0x00000020   Code   RO          161    i.spi_tran          glcd_spi_lpc1700.o
    0x00003ab8   0x00003ab8   0x00000080   Code   RO          162    i.spi_tran_man      glcd_spi_lpc1700.o
    0x00003b38   0x00003b38   0x00000028   Code   RO          163    i.wr_cmd            glcd_spi_lpc1700.o
    0x00003b60   0x00003b60   0x00000028   Code   RO          164    i.wr_dat            glcd_spi_lpc1700.o
    0x00003b88   0x00003b88   0x00000012   Code   RO          165    i.wr_dat_only       glcd_spi_lpc1700.o
    0x00003b9a   0x00003b9a   0x00000002   PAD
    0x00003b9c   0x00003b9c   0x00000014   Code   RO          166    i.wr_dat_start      glcd_spi_lpc1700.o
    0x00003bb0   0x00003bb0   0x0000000c   Code   RO          167    i.wr_dat_stop       glcd_spi_lpc1700.o
    0x00003bbc   0x00003bbc   0x00000014   Code   RO          168    i.wr_reg            glcd_spi_lpc1700.o
    0x00003bd0   0x00003bd0   0x00000150   Code   RO         1581    x$fpl$dadd          fz_ws.l(daddsub_clz.o)
    0x00003d20   0x00003d20   0x00000010   Code   RO         1808    x$fpl$dcheck1       fz_ws.l(dcheck1.o)
    0x00003d30   0x00003d30   0x000002b0   Code   RO         1770    x$fpl$ddiv          fz_ws.l(ddiv.o)
    0x00003fe0   0x00003fe0   0x0000005e   Code   RO         1587    x$fpl$dfix          fz_ws.l(dfix.o)
    0x0000403e   0x0000403e   0x0000002e   Code   RO         1592    x$fpl$dflt          fz_ws.l(dflt_clz.o)
    0x0000406c   0x0000406c   0x00000026   Code   RO         1591    x$fpl$dfltu         fz_ws.l(dflt_clz.o)
    0x00004092   0x00004092   0x00000002   PAD
    0x00004094   0x00004094   0x00000154   Code   RO         1597    x$fpl$dmul          fz_ws.l(dmul.o)
    0x000041e8   0x000041e8   0x0000009c   Code   RO         1690    x$fpl$dnaninf       fz_ws.l(dnaninf.o)
    0x00004284   0x00004284   0x0000000c   Code   RO         1692    x$fpl$dretinf       fz_ws.l(dretinf.o)
    0x00004290   0x00004290   0x00000016   Code   RO         1582    x$fpl$drsb          fz_ws.l(daddsub_clz.o)
    0x000042a6   0x000042a6   0x00000002   PAD
    0x000042a8   0x000042a8   0x000001d4   Code   RO         1583    x$fpl$dsub          fz_ws.l(daddsub_clz.o)
    0x0000447c   0x0000447c   0x00000064   Code   RO         1838    x$fpl$retnan        fz_ws.l(retnan.o)
    0x000044e0   0x000044e0   0x0000005c   Code   RO         1775    x$fpl$scalbn        fz_ws.l(scalbn.o)
    0x0000453c   0x0000453c   0x00000030   Code   RO         1849    x$fpl$trapveneer    fz_ws.l(trapv.o)
    0x0000456c   0x0000456c   0x00000000   Code   RO         1694    x$fpl$usenofp       fz_ws.l(usenofp.o)
    0x0000456c   0x0000456c   0x00001880   Data   RO          169    .constdata          glcd_spi_lpc1700.o
    0x00005dec   0x00005dec   0x00000709   Data   RO          878    .constdata          bitmaps.o
    0x000064f5   0x000064f5   0x00000003   PAD
    0x000064f8   0x000064f8   0x00000064   Data   RO          904    .constdata          rtx_lib.o
    0x0000655c   0x0000655c   0x00000001   Data   RO         1291    .constdata          RTX_CM3.lib(irq_cm3.o)
    0x0000655d   0x0000655d   0x00000003   PAD
    0x00006560   0x00006560   0x00000030   Data   RO         1696    .constdata          m_ws.l(cos_i.o)
    0x00006590   0x00006590   0x000000c8   Data   RO         1714    .constdata          m_ws.l(rred.o)
    0x00006658   0x00006658   0x00000028   Data   RO         1718    .constdata          m_ws.l(sin_i.o)
    0x00006680   0x00006680   0x00000068   Data   RO          906    .rodata             rtx_lib.o
    0x000066e8   0x000066e8   0x0000000b   Data   RO         1113    .rodata.str1.4      RTX_CM3.lib(rtx_kernel.o)
    0x000066f3   0x000066f3   0x00000001   PAD
    0x000066f4   0x000066f4   0x00000020   Data   RO         1868    Region$$Table       anon$$obj.o


    Execution Region ER_RW (Exec base: 0x10000000, Load base: 0x00006714, Size: 0x0000165c, Max: 0xffffffff, ABSOLUTE, COMPRESSED[0x00000048])

    Exec Addr    Load Addr    Size         Type   Attr      Idx    E Section Name        Object

    0x10000000   COMPRESSED   0x00001040   Data   RW          898    .bss.os             rtx_lib.o
    0x10001040   COMPRESSED   0x000001f0   Data   RW          899    .bss.os.libspace    rtx_lib.o
    0x10001230   COMPRESSED   0x00000034   Data   RW          900    .bss.os.msgqueue.cb  rtx_lib.o
    0x10001264   COMPRESSED   0x00000050   Data   RW          901    .bss.os.msgqueue.mem  rtx_lib.o
    0x100012b4   COMPRESSED   0x00000088   Data   RW          902    .bss.os.thread.cb   rtx_lib.o
    0x1000133c   COMPRESSED   0x00000004   PAD
    0x10001340   COMPRESSED   0x00000200   Data   RW          903    .bss.os.thread.stack  rtx_lib.o
    0x10001540   COMPRESSED   0x00000005   Data   RW          170    .data               glcd_spi_lpc1700.o
    0x10001545   COMPRESSED   0x00000003   PAD
    0x10001548   COMPRESSED   0x00000020   Data   RW          411    .data               uart.o
    0x10001568   COMPRESSED   0x00000014   Data   RW          511    .data               main.o
    0x1000157c   COMPRESSED   0x00000009   Data   RW          593    .data               gui.o
    0x10001585   COMPRESSED   0x00000003   PAD
    0x10001588   COMPRESSED   0x00000008   Data   RW          658    .data               joy.o
    0x10001590   COMPRESSED   0x00000008   Data   RW          694    .data               pot.o
    0x10001598   COMPRESSED   0x00000001   Data   RW          726    .data               pushbutton.o
    0x10001599   COMPRESSED   0x00000003   PAD
    0x1000159c   COMPRESSED   0x00000008   Data   RW          773    .data               enemy.o
    0x100015a4   COMPRESSED   0x00000008   Data   RW          829    .data               player.o
    0x100015ac   COMPRESSED   0x00000005   Data   RW          905    .data               rtx_lib.o
    0x100015b1   COMPRESSED   0x00000003   PAD
    0x100015b4   COMPRESSED   0x00000004   Data   RW         1027    .data               system_lpc17xx.o
    0x100015b8   COMPRESSED   0x000000a4   Data   RW         1114    .data.os            RTX_CM3.lib(rtx_kernel.o)


    Execution Region ER_ZI (Exec base: 0x1000165c, Load base: 0x0000675c, Size: 0x000040f4, Max: 0xffffffff, ABSOLUTE)

    Exec Addr    Load Addr    Size         Type   Attr      Idx    E Section Name        Object

    0x1000165c        -       0x00000080   Zero   RW          410    .bss                uart.o
    0x100016dc        -       0x0000000c   Zero   RW          772    .bss                enemy.o
    0x100016e8        -       0x00000060   Zero   RW         1726    .bss                c_w.l(libspace.o)
    0x10001748        -       0x00000001   Zero   RW         1439    .bss.PendST         RTX_CM3.lib(os_systick.o)
    0x10001749   0x0000675c   0x00000007   PAD
    0x10001750        -       0x00002000   Zero   RW         1013    HEAP                startup_lpc17xx.o
    0x10003750        -       0x00002000   Zero   RW         1012    STACK               startup_lpc17xx.o


==============================================================================

Image component sizes


      Code (inc. data)   RO Data    RW Data    ZI Data      Debug   Object Name

         0          0       1801          0          0        696   bitmaps.o
       520         46          0          8         12       3903   enemy.o
         0          0          0          0          0      21336   glcd_scroll.o
      2650         82       6272          5          0      32859   glcd_spi_lpc1700.o
       808        196          0          9          0       5376   gui.o
       176         22          0          8          0       2783   joy.o
       156         42          0         20          0       5048   main.o
       414         36          0          8          0       4491   player.o
       132         24          0          8          0        832   pot.o
        84         14          0          1          0      27859   pushbutton.o
        58          0          0          0          0       1714   retarget.o
        36          6          0          0          0       1117   rtx_config.o
       214         12        204       5441          0      16627   rtx_lib.o
        68         30        204          0      16384       1156   startup_lpc17xx.o
       320         18          0          4          0        963   system_lpc17xx.o
       272         42          0         32        128      29998   uart.o

    ----------------------------------------------------------------------
      5920        570       8516       5560      16524     156758   Object Totals
         0          0         32          0          0          0   (incl. Generated)
        12          0          3         16          0          0   (incl. Padding)

    ----------------------------------------------------------------------

      Code (inc. data)   RO Data    RW Data    ZI Data      Debug   Library Member Name

       148         10          1          0          0        484   irq_cm3.o
       126         32          0          0          1       3092   os_systick.o
       618         48         11        164          0      17153   rtx_kernel.o
       260          0          0          0          0       2439   rtx_memory.o
       212          0          0          0          0      15974   rtx_mempool.o
      1372         28          0          0          0      18500   rtx_msgqueue.o
       840         32          0          0          0       9376   rtx_mutex.o
       368         26          0          0          0       5321   rtx_system.o
      1794        112          0          0          0      32263   rtx_thread.o
       228         20          0          0          0      10209   rtx_timer.o
        58          0          0          0          0          0   __dczerorl.o
         8          0          0          0          0         68   __main.o
         0          0          0          0          0          0   __rtentry.o
        20          0          0          0          0          0   __rtentry2.o
         6          0          0          0          0          0   __rtentry4.o
        52          8          0          0          0          0   __scatter.o
        28          0          0          0          0          0   __scatter_zi.o
        22          0          0          0          0        100   _rserrno.o
        10          0          0          0          0         68   defsig_exit.o
        50          0          0          0          0         88   defsig_general.o
        80         58          0          0          0         76   defsig_rtmem_inner.o
        14          0          0          0          0         80   defsig_rtmem_outer.o
        18          0          0          0          0         80   exit.o
       158          0          0          0          0        128   h1_alloc_mt.o
        62          0          0          0          0         80   h1_extend_mt.o
        10          0          0          0          0         76   h1_final_mt.o
       118          0          0          0          0        108   h1_free_mt.o
        18          0          0          0          0         84   h1_init_mt.o
         6          0          0          0          0        152   heapauxi.o
         4          0          0          0          0        136   hguard.o
       138          0          0          0          0        168   init_alloc.o
         2          0          0          0          0          0   libinit.o
        10          0          0          0          0          0   libinit2.o
         2          0          0          0          0          0   libshutdown.o
         6          0          0          0          0          0   libshutdown2.o
         8          4          0          0         96         68   libspace.o
         0          0          0          0          0          0   maybetermalloc2.o
         4          0          0          0          0         68   rt_errno_addr_twolibspace.o
        10          0          0          0          0         76   rt_heap_descriptor_twolibspace.o
        68          0          0          0          0         68   rt_memclr.o
        78          0          0          0          0         80   rt_memclr_w.o
       138          0          0          0          0         68   rt_memcpy_v6.o
       100          0          0          0          0         80   rt_memcpy_w.o
         2          0          0          0          0          0   rtexit.o
        10          0          0          0          0          0   rtexit2.o
        74          0          0          0          0         80   sys_stackheap_outer.o
        16          0          0          0          0         80   term_alloc.o
       826         16          0          0          0        348   daddsub_clz.o
        16          4          0          0          0         68   dcheck1.o
       688        140          0          0          0        208   ddiv.o
        94          4          0          0          0         92   dfix.o
        84          0          0          0          0        136   dflt_clz.o
       340         12          0          0          0        104   dmul.o
       156          4          0          0          0         92   dnaninf.o
        12          0          0          0          0         68   dretinf.o
       100          0          0          0          0         68   retnan.o
        92          0          0          0          0         68   scalbn.o
        48          0          0          0          0         68   trapv.o
         0          0          0          0          0          0   usenofp.o
       252         22         48          0          0        124   cos_i.o
        34          6          0          0          0        204   dunder.o
        40          0          0          0          0         68   fpclassify.o
       170          0          0          0          0         96   poly.o
       904         76        200          0          0        140   rred.o
       160         10          0          0          0        108   sin.o
       236         12         40          0          0        128   sin_i.o

    ----------------------------------------------------------------------
     11648        684        304        164        104     119159   Library Totals
        22          0          4          0          7          0   (incl. Padding)

    ----------------------------------------------------------------------

      Code (inc. data)   RO Data    RW Data    ZI Data      Debug   Library Name

      5966        308         12        164          1     114811   RTX_CM3.lib
      1408         70          0          0         96       2160   c_w.l
      2456        180          0          0          0       1320   fz_ws.l
      1796        126        288          0          0        868   m_ws.l

    ----------------------------------------------------------------------
     11648        684        304        164        104     119159   Library Totals

    ----------------------------------------------------------------------

==============================================================================


      Code (inc. data)   RO Data    RW Data    ZI Data      Debug   

     17568       1254       8820       5724      16628     270793   Grand Totals
     17568       1254       8820         72      16628     270793   ELF Image Totals (compressed)
     17568       1254       8820         72          0          0   ROM Totals

==============================================================================

    Total RO  Size (Code + RO Data)                26388 (  25.77kB)
    Total RW  Size (RW Data + ZI Data)             22352 (  21.83kB)
    Total ROM Size (Code + RO Data + RW Data)      26460 (  25.84kB)

==============================================================================

