Component: ARM Compiler 5.06 update 6 (build 750) Tool: armlink [4d35ed]

==============================================================================

Section Cross References

    glcd_scroll.o(i.append_char) refers to glcd_scroll.o(i.refresh_lcd) for refresh_lcd
    glcd_scroll.o(i.append_char) refers to glcd_spi_lpc1700.o(i.GLCD_DisplayChar) for GLCD_DisplayChar
    glcd_scroll.o(i.append_char) refers to glcd_scroll.o(i.last_line) for last_line
    glcd_scroll.o(i.append_char) refers to glcd_scroll.o(.data) for last_col_cahche
    glcd_scroll.o(i.append_char) refers to glcd_scroll.o(.bss) for chache
    glcd_scroll.o(i.init_scroll) refers to glcd_spi_lpc1700.o(i.GLCD_Init) for GLCD_Init
    glcd_scroll.o(i.init_scroll) refers to glcd_spi_lpc1700.o(i.GLCD_Clear) for GLCD_Clear
    glcd_scroll.o(i.init_scroll) refers to glcd_spi_lpc1700.o(i.GLCD_SetBackColor) for GLCD_SetBackColor
    glcd_scroll.o(i.init_scroll) refers to glcd_spi_lpc1700.o(i.GLCD_SetTextColor) for GLCD_SetTextColor
    glcd_scroll.o(i.init_scroll) refers to glcd_scroll.o(.data) for cache_start
    glcd_scroll.o(i.joyStickBusyWaitingMonitor) refers to glcd_scroll.o(i.moveUp) for moveUp
    glcd_scroll.o(i.joyStickBusyWaitingMonitor) refers to glcd_scroll.o(i.moveDown) for moveDown
    glcd_scroll.o(i.joyStickBusyWaitingMonitor) refers to glcd_scroll.o(i.moveFirst) for moveFirst
    glcd_scroll.o(i.joyStickBusyWaitingMonitor) refers to glcd_scroll.o(i.moveLast) for moveLast
    glcd_scroll.o(i.last_line) refers to glcd_scroll.o(.data) for cache_start
    glcd_scroll.o(i.last_window_line) refers to glcd_scroll.o(.data) for window_start
    glcd_scroll.o(i.moveDown) refers to glcd_scroll.o(i.last_line) for last_line
    glcd_scroll.o(i.moveDown) refers to glcd_scroll.o(i.last_window_line) for last_window_line
    glcd_scroll.o(i.moveDown) refers to glcd_scroll.o(i.refresh_lcd) for refresh_lcd
    glcd_scroll.o(i.moveDown) refers to glcd_scroll.o(.data) for window_start
    glcd_scroll.o(i.moveFirst) refers to glcd_scroll.o(i.refresh_lcd) for refresh_lcd
    glcd_scroll.o(i.moveFirst) refers to glcd_scroll.o(.data) for window_start
    glcd_scroll.o(i.moveLast) refers to glcd_scroll.o(i.last_line) for last_line
    glcd_scroll.o(i.moveLast) refers to glcd_scroll.o(i.last_window_line) for last_window_line
    glcd_scroll.o(i.moveLast) refers to glcd_scroll.o(i.refresh_lcd) for refresh_lcd
    glcd_scroll.o(i.moveLast) refers to glcd_scroll.o(.data) for cache_size
    glcd_scroll.o(i.moveUp) refers to glcd_scroll.o(i.refresh_lcd) for refresh_lcd
    glcd_scroll.o(i.moveUp) refers to glcd_scroll.o(.data) for window_start
    glcd_scroll.o(i.print_string) refers to glcd_scroll.o(i.print_text) for print_text
    glcd_scroll.o(i.print_text) refers to glcd_scroll.o(i.append_char) for append_char
    glcd_scroll.o(i.refresh_lcd) refers to glcd_spi_lpc1700.o(i.GLCD_Clear) for GLCD_Clear
    glcd_scroll.o(i.refresh_lcd) refers to glcd_spi_lpc1700.o(i.GLCD_DisplayString) for GLCD_DisplayString
    glcd_scroll.o(i.refresh_lcd) refers to glcd_scroll.o(.data) for window_start
    glcd_scroll.o(i.refresh_lcd) refers to glcd_scroll.o(.bss) for chache
    glcd_spi_lpc1700.o(i.GLCD_Bargraph) refers to glcd_spi_lpc1700.o(i.GLCD_SetWindow) for GLCD_SetWindow
    glcd_spi_lpc1700.o(i.GLCD_Bargraph) refers to glcd_spi_lpc1700.o(i.wr_cmd) for wr_cmd
    glcd_spi_lpc1700.o(i.GLCD_Bargraph) refers to glcd_spi_lpc1700.o(i.wr_dat_start) for wr_dat_start
    glcd_spi_lpc1700.o(i.GLCD_Bargraph) refers to glcd_spi_lpc1700.o(i.wr_dat_only) for wr_dat_only
    glcd_spi_lpc1700.o(i.GLCD_Bargraph) refers to glcd_spi_lpc1700.o(i.wr_dat_stop) for wr_dat_stop
    glcd_spi_lpc1700.o(i.GLCD_Bargraph) refers to glcd_spi_lpc1700.o(.data) for Color
    glcd_spi_lpc1700.o(i.GLCD_Bitmap) refers to glcd_spi_lpc1700.o(i.GLCD_SetWindow) for GLCD_SetWindow
    glcd_spi_lpc1700.o(i.GLCD_Bitmap) refers to glcd_spi_lpc1700.o(i.wr_cmd) for wr_cmd
    glcd_spi_lpc1700.o(i.GLCD_Bitmap) refers to glcd_spi_lpc1700.o(i.wr_dat_start) for wr_dat_start
    glcd_spi_lpc1700.o(i.GLCD_Bitmap) refers to glcd_spi_lpc1700.o(i.wr_dat_only) for wr_dat_only
    glcd_spi_lpc1700.o(i.GLCD_Bitmap) refers to glcd_spi_lpc1700.o(i.wr_dat_stop) for wr_dat_stop
    glcd_spi_lpc1700.o(i.GLCD_Clear) refers to glcd_spi_lpc1700.o(i.GLCD_WindowMax) for GLCD_WindowMax
    glcd_spi_lpc1700.o(i.GLCD_Clear) refers to glcd_spi_lpc1700.o(i.wr_cmd) for wr_cmd
    glcd_spi_lpc1700.o(i.GLCD_Clear) refers to glcd_spi_lpc1700.o(i.wr_dat_start) for wr_dat_start
    glcd_spi_lpc1700.o(i.GLCD_Clear) refers to glcd_spi_lpc1700.o(i.wr_dat_only) for wr_dat_only
    glcd_spi_lpc1700.o(i.GLCD_Clear) refers to glcd_spi_lpc1700.o(i.wr_dat_stop) for wr_dat_stop
    glcd_spi_lpc1700.o(i.GLCD_ClearLn) refers to glcd_spi_lpc1700.o(i.GLCD_WindowMax) for GLCD_WindowMax
    glcd_spi_lpc1700.o(i.GLCD_ClearLn) refers to glcd_spi_lpc1700.o(i.GLCD_DisplayString) for GLCD_DisplayString
[...]
    .ARM.Collect$$rtentry$$00000000          0x00000174   Section        0  __rtentry.o(.ARM.Collect$$rtentry$$00000000)
    .ARM.Collect$$rtentry$$00000002          0x00000174   Section        0  __rtentry2.o(.ARM.Collect$$rtentry$$00000002)
    .ARM.Collect$$rtentry$$00000004          0x00000174   Section        6  __rtentry4.o(.ARM.Collect$$rtentry$$00000004)
    .ARM.Collect$$rtentry$$00000008          0x0000017a   Section        8  __rtentry2.o(.ARM.Collect$$rtentry$$00000008)
    .ARM.Collect$$rtentry$$0000000A          0x00000182   Section        4  __rtentry2.o(.ARM.Collect$$rtentry$$0000000A)
    .ARM.Collect$$rtentry$$0000000C          0x00000186   Section        0  __rtentry2.o(.ARM.Collect$$rtentry$$0000000C)
    .ARM.Collect$$rtentry$$0000000D          0x00000186   Section        8  __rtentry2.o(.ARM.Collect$$rtentry$$0000000D)
    .ARM.Collect$$rtexit$$00000000           0x0000018e   Section        2  rtexit.o(.ARM.Collect$$rtexit$$00000000)
    .ARM.Collect$$rtexit$$00000002           0x00000190   Section        0  rtexit2.o(.ARM.Collect$$rtexit$$00000002)
    .ARM.Collect$$rtexit$$00000003           0x00000190   Section        4  rtexit2.o(.ARM.Collect$$rtexit$$00000003)
    .ARM.Collect$$rtexit$$00000004           0x00000194   Section        6  rtexit2.o(.ARM.Collect$$rtexit$$00000004)
    .emb_text                                0x0000019c   Section        0  maybetermalloc2.o(.emb_text)
    .text                                    0x0000019c   Section       64  startup_lpc17xx.o(.text)
    .text                                    0x000001dc   Section      148  irq_cm3.o(.text)
    .text                                    0x00000270   Section      138  rt_memcpy_v6.o(.text)
    [Anonymous Symbol]                       0x000002fa   Section        0  rtx_kernel.o(.text.osRtxKernelPreInit)
    .ARM.__at_0x02FC                         0x000002fc   Section        4  startup_lpc17xx.o(.ARM.__at_0x02FC)
    .text                                    0x00000300   Section        0  h1_alloc_mt.o(.text)
    Heap1_SizeAdjust                         0x00000301   Thumb Code     8  h1_alloc_mt.o(.text)
    .text                                    0x0000039e   Section       68  rt_memclr.o(.text)
    .text                                    0x000003e2   Section       78  rt_memclr_w.o(.text)
    .text                                    0x00000430   Section        0  heapauxi.o(.text)
    .text                                    0x00000436   Section       10  rt_heap_descriptor_twolibspace.o(.text)
    .text                                    0x00000440   Section        0  hguard.o(.text)
    .text                                    0x00000444   Section        0  init_alloc.o(.text)
    .text                                    0x000004ce   Section        0  h1_init_mt.o(.text)
    .text                                    0x000004e0   Section        0  h1_free_mt.o(.text)
    .text                                    0x00000556   Section      100  rt_memcpy_w.o(.text)
    .text                                    0x000005bc   Section        8  libspace.o(.text)
    .text                                    0x000005c4   Section        0  h1_extend_mt.o(.text)
    .text                                    0x00000602   Section        0  defsig_rtmem_outer.o(.text)
    .text                                    0x00000610   Section       74  sys_stackheap_outer.o(.text)
    .text                                    0x0000065a   Section        0  term_alloc.o(.text)
    .text                                    0x0000066a   Section        0  exit.o(.text)
    .text                                    0x0000067c   Section        0  defsig_exit.o(.text)
    .text                                    0x00000688   Section        0  defsig_rtmem_inner.o(.text)
    .text                                    0x000006d8   Section        0  h1_final_mt.o(.text)
    .text                                    0x000006e2   Section        0  defsig_general.o(.text)
    [Anonymous Symbol]                       0x00000714   Section        0  rtx_msgqueue.o(.text.MessageQueueGet)
    MessageQueueGet                          0x00000715   Thumb Code    68  rtx_msgqueue.o(.text.MessageQueueGet)
    [Anonymous Symbol]                       0x00000758   Section        0  rtx_msgqueue.o(.text.MessageQueuePut)
    MessageQueuePut                          0x00000759   Thumb Code    98  rtx_msgqueue.o(.text.MessageQueuePut)
    [Anonymous Symbol]                       0x000007ba   Section        0  rtx_msgqueue.o(.text.MessageQueueRemove)
    MessageQueueRemove                       0x000007bb   Thumb Code    28  rtx_msgqueue.o(.text.MessageQueueRemove)
    [Anonymous Symbol]                       0x000007d8   Section        0  os_systick.o(.text.OS_Tick_AcknowledgeIRQ)
    __arm_cp.3_0                             0x000007e0   Number         4  os_systick.o(.text.OS_Tick_AcknowledgeIRQ)
    [Anonymous Symbol]                       0x000007e4   Section        0  os_systick.o(.text.OS_Tick_Enable)
    __arm_cp.1_0                             0x00000804   Number         4  os_systick.o(.text.OS_Tick_Enable)
    __arm_cp.1_1                             0x00000808   Number         4  os_systick.o(.text.OS_Tick_Enable)
    __arm_cp.1_2                             0x0000080c   Number         4  os_systick.o(.text.OS_Tick_Enable)
    [Anonymous Symbol]                       0x00000810   Section        0  os_systick.o(.text.OS_Tick_GetIRQn)
    [Anonymous Symbol]                       0x00000818   Section        0  os_systick.o(.text.OS_Tick_Setup)
    __arm_cp.0_0                             0x00000848   Number         4  os_systick.o(.text.OS_Tick_Setup)
    __arm_cp.0_1                             0x0000084c   Number         4  os_systick.o(.text.OS_Tick_Setup)
    __arm_cp.0_2                             0x00000850   Number         4  os_systick.o(.text.OS_Tick_Setup)
    __arm_cp.0_3                             0x00000854   Number         4  os_systick.o(.text.OS_Tick_Setup)
    [Anonymous Symbol]                       0x00000858   Section        0  rtx_thread.o(.text.ThreadFlagsCheck)
    ThreadFlagsCheck                         0x00000859   Thumb Code   108  rtx_thread.o(.text.ThreadFlagsCheck)
    [Anonymous Symbol]                       0x000008c4   Section        0  rtx_timer.o(.text.TimerInsert)
    TimerInsert                              0x000008c5   Thumb Code    80  rtx_timer.o(.text.TimerInsert)
    __arm_cp.8_0                             0x00000910   Number         4  rtx_timer.o(.text.TimerInsert)
    [Anonymous Symbol]                       0x00000914   Section        0  rtx_kernel.o(.text.osKernelGetState)
    __arm_cp.4_0                             0x0000093c   Number         4  rtx_kernel.o(.text.osKernelGetState)
    __arm_cp.4_1                             0x00000940   Number         4  rtx_kernel.o(.text.osKernelGetState)
    [Anonymous Symbol]                       0x00000944   Section        0  rtx_kernel.o(.text.osKernelInitialize)
    __arm_cp.1_0                             0x0000096c   Number         4  rtx_kernel.o(.text.osKernelInitialize)
    [Anonymous Symbol]                       0x00000970   Section        0  rtx_kernel.o(.text.osKernelStart)
    __arm_cp.6_0                             0x00000990   Number         4  rtx_kernel.o(.text.osKernelStart)
    [Anonymous Symbol]                       0x00000994   Section        0  rtx_msgqueue.o(.text.osMessageQueueGet)
    __arm_cp.3_0                             0x000009fc   Number         4  rtx_msgqueue.o(.text.osMessageQueueGet)
    [Anonymous Symbol]                       0x00000a00   Section        0  rtx_msgqueue.o(.text.osMessageQueueNew)
    __arm_cp.0_0                             0x00000a20   Number         4  rtx_msgqueue.o(.text.osMessageQueueNew)
    [Anonymous Symbol]                       0x00000a24   Section        0  rtx_msgqueue.o(.text.osMessageQueuePut)
    __arm_cp.2_0                             0x00000a98   Number         4  rtx_msgqueue.o(.text.osMessageQueuePut)
    [Anonymous Symbol]                       0x00000a9c   Section        0  rtx_mutex.o(.text.osMutexAcquire)
    __arm_cp.3_0                             0x00000abc   Number         4  rtx_mutex.o(.text.osMutexAcquire)
    [Anonymous Symbol]                       0x00000ac0   Section        0  rtx_mutex.o(.text.osMutexDelete)
    __arm_cp.6_0                             0x00000ae0   Number         4  rtx_mutex.o(.text.osMutexDelete)
    [Anonymous Symbol]                       0x00000ae4   Section        0  rtx_mutex.o(.text.osMutexNew)
    __arm_cp.1_0                             0x00000b04   Number         4  rtx_mutex.o(.text.osMutexNew)
    [Anonymous Symbol]                       0x00000b08   Section        0  rtx_mutex.o(.text.osMutexRelease)
    __arm_cp.4_0                             0x00000b28   Number         4  rtx_mutex.o(.text.osMutexRelease)
    [Anonymous Symbol]                       0x00000b2c   Section        0  rtx_memory.o(.text.osRtxMemoryAlloc)
    [Anonymous Symbol]                       0x00000ba8   Section        0  rtx_memory.o(.text.osRtxMemoryFree)
    [Anonymous Symbol]                       0x00000bfa   Section        0  rtx_memory.o(.text.osRtxMemoryInit)
    [Anonymous Symbol]                       0x00000c30   Section        0  rtx_mempool.o(.text.osRtxMemoryPoolAlloc)
    [Anonymous Symbol]                       0x00000c68   Section        0  rtx_mempool.o(.text.osRtxMemoryPoolFree)
    [Anonymous Symbol]                       0x00000cb0   Section        0  rtx_mempool.o(.text.osRtxMemoryPoolInit)
    [Anonymous Symbol]                       0x00000d04   Section        0  rtx_msgqueue.o(.text.osRtxMessageQueuePostProcess)
    osRtxMessageQueuePostProcess             0x00000d05   Thumb Code   186  rtx_msgqueue.o(.text.osRtxMessageQueuePostProcess)
    [Anonymous Symbol]                       0x00000dbe   Section        0  rtx_mutex.o(.text.osRtxMutexOwnerRelease)
    [Anonymous Symbol]                       0x00000e04   Section        0  rtx_system.o(.text.osRtxPendSV_Handler)
    __arm_cp.1_0                             0x00000e8c   Number         4  rtx_system.o(.text.osRtxPendSV_Handler)
    [Anonymous Symbol]                       0x00000e90   Section        0  rtx_system.o(.text.osRtxPostProcess)
    __arm_cp.2_0                             0x00000efc   Number         4  rtx_system.o(.text.osRtxPostProcess)
    __arm_cp.2_1                             0x00000f00   Number         4  rtx_system.o(.text.osRtxPostProcess)
    [Anonymous Symbol]                       0x00000f04   Section        0  rtx_thread.o(.text.osRtxThreadBlock)
    osRtxThreadBlock                         0x00000f05   Thumb Code    56  rtx_thread.o(.text.osRtxThreadBlock)
    __arm_cp.10_0                            0x00000f38   Number         4  rtx_thread.o(.text.osRtxThreadBlock)
    [Anonymous Symbol]                       0x00000f3c   Section        0  rtx_thread.o(.text.osRtxThreadDelayInsert)
    osRtxThreadDelayInsert                   0x00000f3d   Thumb Code   136  rtx_thread.o(.text.osRtxThreadDelayInsert)
    __arm_cp.14_0                            0x00000fc0   Number         4  rtx_thread.o(.text.osRtxThreadDelayInsert)
    [Anonymous Symbol]                       0x00000fc4   Section        0  rtx_thread.o(.text.osRtxThreadDelayRemove)
    osRtxThreadDelayRemove                   0x00000fc5   Thumb Code    76  rtx_thread.o(.text.osRtxThreadDelayRemove)
    __arm_cp.12_0                            0x0000100c   Number         4  rtx_thread.o(.text.osRtxThreadDelayRemove)
    [Anonymous Symbol]                       0x00001010   Section        0  rtx_thread.o(.text.osRtxThreadDelayTick)
    __arm_cp.5_0                             0x00001040   Number         4  rtx_thread.o(.text.osRtxThreadDelayTick)
    [Anonymous Symbol]                       0x00001044   Section        0  rtx_thread.o(.text.osRtxThreadDispatch)
    __arm_cp.9_0                             0x0000109c   Number         4  rtx_thread.o(.text.osRtxThreadDispatch)
    [Anonymous Symbol]                       0x000010a0   Section        0  rtx_thread.o(.text.osRtxThreadFree)
    osRtxThreadFree                          0x000010a1   Thumb Code    84  rtx_thread.o(.text.osRtxThreadFree)
    __arm_cp.52_0                            0x000010f0   Number         4  rtx_thread.o(.text.osRtxThreadFree)
    [Anonymous Symbol]                       0x000010f4   Section        0  rtx_thread.o(.text.osRtxThreadListGet)
    [Anonymous Symbol]                       0x00001108   Section        0  rtx_thread.o(.text.osRtxThreadListPut)
    [Anonymous Symbol]                       0x00001132   Section        0  rtx_thread.o(.text.osRtxThreadListRemove)
    [Anonymous Symbol]                       0x00001146   Section        0  rtx_thread.o(.text.osRtxThreadListSort)
    [Anonymous Symbol]                       0x0000116e   Section        0  rtx_thread.o(.text.osRtxThreadPostProcess)
    osRtxThreadPostProcess                   0x0000116f   Thumb Code    42  rtx_thread.o(.text.osRtxThreadPostProcess)
    [Anonymous Symbol]                       0x00001198   Section        0  rtx_thread.o(.text.osRtxThreadReadyPut)
    __arm_cp.4_0                             0x000011a8   Number         4  rtx_thread.o(.text.osRtxThreadReadyPut)
    [Anonymous Symbol]                       0x000011ac   Section        0  rtx_thread.o(.text.osRtxThreadRegPtr)
    [Anonymous Symbol]                       0x000011b4   Section        0  rtx_thread.o(.text.osRtxThreadStackCheck)
    __arm_cp.8_0                             0x000011d4   Number         4  rtx_thread.o(.text.osRtxThreadStackCheck)
    __arm_cp.8_1                             0x000011d8   Number         4  rtx_thread.o(.text.osRtxThreadStackCheck)
    [Anonymous Symbol]                       0x000011dc   Section        0  rtx_thread.o(.text.osRtxThreadStartup)
    __arm_cp.15_0                            0x0000120c   Number         4  rtx_thread.o(.text.osRtxThreadStartup)
    __arm_cp.15_1                            0x00001210   Number         4  rtx_thread.o(.text.osRtxThreadStartup)
    __arm_cp.15_2                            0x00001214   Number         4  rtx_thread.o(.text.osRtxThreadStartup)
    __arm_cp.15_3                            0x00001218   Number         4  rtx_thread.o(.text.osRtxThreadStartup)
    [Anonymous Symbol]                       0x0000121c   Section        0  rtx_thread.o(.text.osRtxThreadSwitch)
    __arm_cp.7_0                             0x00001228   Number         4  rtx_thread.o(.text.osRtxThreadSwitch)
    [Anonymous Symbol]                       0x0000122c   Section        0  rtx_thread.o(.text.osRtxThreadWaitEnter)
    __arm_cp.13_0                            0x00001264   Number         4  rtx_thread.o(.text.osRtxThreadWaitEnter)
    [Anonymous Symbol]                       0x00001268   Section        0  rtx_thread.o(.text.osRtxThreadWaitExit)
    [Anonymous Symbol]                       0x0000128c   Section        0  rtx_system.o(.text.osRtxTick_Handler)
    __arm_cp.0_0                             0x000012f8   Number         4  rtx_system.o(.text.osRtxTick_Handler)
    [Anonymous Symbol]                       0x000012fc   Section        0  rtx_timer.o(.text.osRtxTimerThread)
    __arm_cp.0_0                             0x0000132c   Number         4  rtx_timer.o(.text.osRtxTimerThread)
    __arm_cp.0_1                             0x00001330   Number         4  rtx_timer.o(.text.osRtxTimerThread)
    __arm_cp.0_2                             0x00001334   Number         4  rtx_timer.o(.text.osRtxTimerThread)
    [Anonymous Symbol]                       0x00001338   Section        0  rtx_timer.o(.text.osRtxTimerTick)
    osRtxTimerTick                           0x00001339   Thumb Code    88  rtx_timer.o(.text.osRtxTimerTick)
    __arm_cp.1_0                             0x0000138c   Number         4  rtx_timer.o(.text.osRtxTimerTick)
    [Anonymous Symbol]                       0x00001390   Section        0  rtx_thread.o(.text.osThreadExit)
    __arm_cp.31_0                            0x00001398   Number         4  rtx_thread.o(.text.osThreadExit)
    [Anonymous Symbol]                       0x0000139c   Section        0  rtx_thread.o(.text.osThreadNew)
    __arm_cp.17_0                            0x000013bc   Number         4  rtx_thread.o(.text.osThreadNew)
    [Anonymous Symbol]                       0x000013c0   Section        0  rtx_thread.o(.text.osThreadYield)
    __arm_cp.26_0                            0x000013e0   Number         4  rtx_thread.o(.text.osThreadYield)
    [Anonymous Symbol]                       0x000013e4   Section        0  rtx_kernel.o(.text.svcRtxKernelGetState)
    svcRtxKernelGetState                     0x000013e5   Thumb Code    12  rtx_kernel.o(.text.svcRtxKernelGetState)
    __arm_cp.5_0                             0x000013ec   Number         4  rtx_kernel.o(.text.svcRtxKernelGetState)
    [Anonymous Symbol]                       0x000013f0   Section        0  rtx_kernel.o(.text.svcRtxKernelInitialize)
    svcRtxKernelInitialize                   0x000013f1   Thumb Code   340  rtx_kernel.o(.text.svcRtxKernelInitialize)
    __arm_cp.20_0                            0x00001538   Number         4  rtx_kernel.o(.text.svcRtxKernelInitialize)
    __arm_cp.20_1                            0x0000153c   Number         4  rtx_kernel.o(.text.svcRtxKernelInitialize)
    __arm_cp.20_2                            0x00001540   Number         4  rtx_kernel.o(.text.svcRtxKernelInitialize)
    [Anonymous Symbol]                       0x00001544   Section        0  rtx_kernel.o(.text.svcRtxKernelStart)
    svcRtxKernelStart                        0x00001545   Thumb Code   136  rtx_kernel.o(.text.svcRtxKernelStart)
    __arm_cp.21_0                            0x000015bc   Number         4  rtx_kernel.o(.text.svcRtxKernelStart)
    __arm_cp.21_1                            0x000015c0   Number         4  rtx_kernel.o(.text.svcRtxKernelStart)
    __arm_cp.21_2                            0x000015c4   Number         4  rtx_kernel.o(.text.svcRtxKernelStart)
    __arm_cp.21_3                            0x000015c8   Number         4  rtx_kernel.o(.text.svcRtxKernelStart)
    [Anonymous Symbol]                       0x000015cc   Section        0  rtx_msgqueue.o(.text.svcRtxMessageQueueGet)
    svcRtxMessageQueueGet                    0x000015cd   Thumb Code   228  rtx_msgqueue.o(.text.svcRtxMessageQueueGet)
    __arm_cp.21_0                            0x000016ac   Number         4  rtx_msgqueue.o(.text.svcRtxMessageQueueGet)
    [Anonymous Symbol]                       0x000016b0   Section        0  rtx_msgqueue.o(.text.svcRtxMessageQueueNew)
    svcRtxMessageQueueNew                    0x000016b1   Thumb Code   308  rtx_msgqueue.o(.text.svcRtxMessageQueueNew)
    __arm_cp.14_0                            0x000017dc   Number         4  rtx_msgqueue.o(.text.svcRtxMessageQueueNew)
    __arm_cp.14_1                            0x000017e0   Number         4  rtx_msgqueue.o(.text.svcRtxMessageQueueNew)
    [Anonymous Symbol]                       0x000017e4   Section        0  rtx_msgqueue.o(.text.svcRtxMessageQueuePut)
    svcRtxMessageQueuePut                    0x000017e5   Thumb Code   192  rtx_msgqueue.o(.text.svcRtxMessageQueuePut)
    __arm_cp.19_0                            0x000018a0   Number         4  rtx_msgqueue.o(.text.svcRtxMessageQueuePut)
    [Anonymous Symbol]                       0x000018a4   Section        0  rtx_mutex.o(.text.svcRtxMutexAcquire)
    svcRtxMutexAcquire                       0x000018a5   Thumb Code   144  rtx_mutex.o(.text.svcRtxMutexAcquire)
    __arm_cp.9_0                             0x00001930   Number         4  rtx_mutex.o(.text.svcRtxMutexAcquire)
    [Anonymous Symbol]                       0x00001934   Section        0  rtx_mutex.o(.text.svcRtxMutexDelete)
    svcRtxMutexDelete                        0x00001935   Thumb Code   196  rtx_mutex.o(.text.svcRtxMutexDelete)
    __arm_cp.12_0                            0x000019f4   Number         4  rtx_mutex.o(.text.svcRtxMutexDelete)
    [Anonymous Symbol]                       0x000019f8   Section        0  rtx_mutex.o(.text.svcRtxMutexNew)
    svcRtxMutexNew                           0x000019f9   Thumb Code   108  rtx_mutex.o(.text.svcRtxMutexNew)
    __arm_cp.7_0                             0x00001a60   Number         4  rtx_mutex.o(.text.svcRtxMutexNew)
    [Anonymous Symbol]                       0x00001a64   Section        0  rtx_mutex.o(.text.svcRtxMutexRelease)
    svcRtxMutexRelease                       0x00001a65   Thumb Code   180  rtx_mutex.o(.text.svcRtxMutexRelease)
    __arm_cp.10_0                            0x00001b14   Number         4  rtx_mutex.o(.text.svcRtxMutexRelease)
    [Anonymous Symbol]                       0x00001b18   Section        0  rtx_thread.o(.text.svcRtxThreadExit)
    svcRtxThreadExit                         0x00001b19   Thumb Code   116  rtx_thread.o(.text.svcRtxThreadExit)
    __arm_cp.54_0                            0x00001b88   Number         4  rtx_thread.o(.text.svcRtxThreadExit)
    [Anonymous Symbol]                       0x00001b8c   Section        0  rtx_thread.o(.text.svcRtxThreadNew)
    svcRtxThreadNew                          0x00001b8d   Thumb Code   476  rtx_thread.o(.text.svcRtxThreadNew)
    __arm_cp.16_0                            0x00001d54   Number         4  rtx_thread.o(.text.svcRtxThreadNew)
    __arm_cp.16_1                            0x00001d58   Number         4  rtx_thread.o(.text.svcRtxThreadNew)
    __arm_cp.16_2                            0x00001d5c   Number         4  rtx_thread.o(.text.svcRtxThreadNew)
    __arm_cp.16_3                            0x00001d60   Number         4  rtx_thread.o(.text.svcRtxThreadNew)
    __arm_cp.16_4                            0x00001d64   Number         4  rtx_thread.o(.text.svcRtxThreadNew)
    [Anonymous Symbol]                       0x00001d68   Section        0  rtx_thread.o(.text.svcRtxThreadYield)
    svcRtxThreadYield                        0x00001d69   Thumb Code    56  rtx_thread.o(.text.svcRtxThreadYield)
    __arm_cp.47_0                            0x00001d9c   Number         4  rtx_thread.o(.text.svcRtxThreadYield)
    i.EINT3_IRQHandler                       0x00001da0   Section        0  pushbutton.o(i.EINT3_IRQHandler)
    i.GLCD_Clear                             0x00001dc0   Section        0  glcd_spi_lpc1700.o(i.GLCD_Clear)
    i.GLCD_DisplayChar                       0x00001dec   Section        0  glcd_spi_lpc1700.o(i.GLCD_DisplayChar)
    i.GLCD_DisplayString                     0x00001e48   Section        0  glcd_spi_lpc1700.o(i.GLCD_DisplayString)
    i.GLCD_DrawChar                          0x00001e70   Section        0  glcd_spi_lpc1700.o(i.GLCD_DrawChar)
    i.GLCD_Init                              0x00001f0c   Section        0  glcd_spi_lpc1700.o(i.GLCD_Init)
    i.GLCD_SetWindow                         0x000024f4   Section        0  glcd_spi_lpc1700.o(i.GLCD_SetWindow)
    i.GLCD_WindowMax                         0x000025a0   Section        0  glcd_spi_lpc1700.o(i.GLCD_WindowMax)
    i.GUI_Level_Menu                         0x000025b4   Section        0  gui.o(i.GUI_Level_Menu)
    i.GUI_Start                              0x000026c0   Section        0  gui.o(i.GUI_Start)
    i.GUI_Task                               0x00002720   Section        0  gui.o(i.GUI_Task)
    i.Joy_Task                               0x00002788   Section        0  joy.o(i.Joy_Task)
    i.Joy_init                               0x00002818   Section        0  joy.o(i.Joy_init)
    i.Pot_Task                               0x0000282c   Section        0  pot.o(i.Pot_Task)
    i.SystemInit                             0x000028b0   Section        0  system_lpc17xx.o(i.SystemInit)
    i.UART0_IRQHandler                       0x000029f0   Section        0  uart.o(i.UART0_IRQHandler)
    i.UART1_IRQHandler                       0x00002a58   Section        0  uart.o(i.UART1_IRQHandler)
    i.UARTSendChar                           0x00002ac8   Section        0  uart.o(i.UARTSendChar)
    i._mutex_acquire                         0x00002b00   Section        0  rtx_lib.o(i._mutex_acquire)
    __tagsym$$used                           0x00002b01   Number         0  rtx_lib.o(i._mutex_acquire)
    i._mutex_free                            0x00002b16   Section        0  rtx_lib.o(i._mutex_free)
    __tagsym$$used                           0x00002b17   Number         0  rtx_lib.o(i._mutex_free)
    i._mutex_initialize                      0x00002b22   Section        0  rtx_lib.o(i._mutex_initialize)
    __tagsym$$used                           0x00002b23   Number         0  rtx_lib.o(i._mutex_initialize)
    i._mutex_release                         0x00002b44   Section        0  rtx_lib.o(i._mutex_release)
    __tagsym$$used                           0x00002b45   Number         0  rtx_lib.o(i._mutex_release)
    i._platform_post_stackheap_init          0x00002b56   Section        0  rtx_lib.o(i._platform_post_stackheap_init)
    i._sys_exit                              0x00002b5e   Section        0  retarget.o(i._sys_exit)
    i._ttywrch                               0x00002b62   Section        0  retarget.o(i._ttywrch)
    i.delay                                  0x00002b6e   Section        0  glcd_spi_lpc1700.o(i.delay)
    delay                                    0x00002b6f   Thumb Code    14  glcd_spi_lpc1700.o(i.delay)
    i.init                                   0x00002b7c   Section        0  main.o(i.init)
    i.main                                   0x00002b8c   Section        0  main.o(i.main)
    i.osRtxErrorNotify                       0x00002be0   Section        0  rtx_config.o(i.osRtxErrorNotify)
    i.osRtxIdleThread                        0x00002c00   Section        0  rtx_config.o(i.osRtxIdleThread)
    i.os_kernel_is_active                    0x00002c04   Section        0  rtx_lib.o(i.os_kernel_is_active)
    os_kernel_is_active                      0x00002c05   Thumb Code    28  rtx_lib.o(i.os_kernel_is_active)
    i.rd_id_man                              0x00002c24   Section        0  glcd_spi_lpc1700.o(i.rd_id_man)
    rd_id_man                                0x00002c25   Thumb Code   132  glcd_spi_lpc1700.o(i.rd_id_man)
    i.rd_reg                                 0x00002cb0   Section        0  glcd_spi_lpc1700.o(i.rd_reg)
    rd_reg                                   0x00002cb1   Thumb Code    66  glcd_spi_lpc1700.o(i.rd_reg)
    i.sendchar                               0x00002cf8   Section        0  retarget.o(i.sendchar)
    i.setup_INT0                             0x00002d24   Section        0  pushbutton.o(i.setup_INT0)
    i.spi_tran                               0x00002d58   Section        0  glcd_spi_lpc1700.o(i.spi_tran)
    spi_tran                                 0x00002d59   Thumb Code    28  glcd_spi_lpc1700.o(i.spi_tran)
    i.spi_tran_man                           0x00002d78   Section        0  glcd_spi_lpc1700.o(i.spi_tran_man)
    spi_tran_man                             0x00002d79   Thumb Code   124  glcd_spi_lpc1700.o(i.spi_tran_man)
    i.wr_cmd                                 0x00002df8   Section        0  glcd_spi_lpc1700.o(i.wr_cmd)
    wr_cmd                                   0x00002df9   Thumb Code    36  glcd_spi_lpc1700.o(i.wr_cmd)
    i.wr_dat                                 0x00002e20   Section        0  glcd_spi_lpc1700.o(i.wr_dat)
    wr_dat                                   0x00002e21   Thumb Code    36  glcd_spi_lpc1700.o(i.wr_dat)
    i.wr_dat_only                            0x00002e48   Section        0  glcd_spi_lpc1700.o(i.wr_dat_only)
    wr_dat_only                              0x00002e49   Thumb Code    18  glcd_spi_lpc1700.o(i.wr_dat_only)
    i.wr_dat_start                           0x00002e5c   Section        0  glcd_spi_lpc1700.o(i.wr_dat_start)
    wr_dat_start                             0x00002e5d   Thumb Code    16  glcd_spi_lpc1700.o(i.wr_dat_start)
    i.wr_dat_stop                            0x00002e70   Section        0  glcd_spi_lpc1700.o(i.wr_dat_stop)
    wr_dat_stop                              0x00002e71   Thumb Code     8  glcd_spi_lpc1700.o(i.wr_dat_stop)
    i.wr_reg                                 0x00002e7c   Section        0  glcd_spi_lpc1700.o(i.wr_reg)
    wr_reg                                   0x00002e7d   Thumb Code    20  glcd_spi_lpc1700.o(i.wr_reg)
    .constdata                               0x00002e90   Section     6272  glcd_spi_lpc1700.o(.constdata)
    .constdata                               0x00004710   Section      100  rtx_lib.o(.constdata)
    os_idle_thread_attr                      0x00004710   Data          36  rtx_lib.o(.constdata)
    os_timer_thread_attr                     0x00004734   Data          36  rtx_lib.o(.constdata)
    os_timer_mq_attr                         0x00004758   Data          24  rtx_lib.o(.constdata)
    .constdata                               0x00004774   Section        1  irq_cm3.o(.constdata)
    .rodata                                  0x00004778   Section      104  rtx_lib.o(.rodata)
    __tagsym$$used                           0x00004778   Number         0  rtx_lib.o(.rodata)
    [Anonymous Symbol]                       0x000047e0   Section        0  rtx_kernel.o(.rodata.str1.4)
    .L.str                                   0x000047e0   Data          11  rtx_kernel.o(.rodata.str1.4)
    .bss.os                                  0x10000000   Section     4160  rtx_lib.o(.bss.os)
    os_mem                                   0x10000000   Data        4096  rtx_lib.o(.bss.os)
    os_isr_queue                             0x10001000   Data          64  rtx_lib.o(.bss.os)
    .bss.os.msgqueue.cb                      0x10001040   Section       52  rtx_lib.o(.bss.os.msgqueue.cb)
    os_timer_mq_cb                           0x10001040   Data          52  rtx_lib.o(.bss.os.msgqueue.cb)
    .bss.os.msgqueue.mem                     0x10001074   Section       80  rtx_lib.o(.bss.os.msgqueue.mem)
    os_timer_mq_data                         0x10001074   Data          80  rtx_lib.o(.bss.os.msgqueue.mem)
    .bss.os.thread.cb                        0x100010c4   Section      136  rtx_lib.o(.bss.os.thread.cb)
    os_idle_thread_cb                        0x100010c4   Data          68  rtx_lib.o(.bss.os.thread.cb)
    os_timer_thread_cb                       0x10001108   Data          68  rtx_lib.o(.bss.os.thread.cb)
    .bss.os.thread.stack                     0x10001150   Section      512  rtx_lib.o(.bss.os.thread.stack)
    os_idle_thread_stack                     0x10001150   Data         256  rtx_lib.o(.bss.os.thread.stack)
    os_timer_thread_stack                    0x10001250   Data         256  rtx_lib.o(.bss.os.thread.stack)
    .data                                    0x10001350   Section        5  glcd_spi_lpc1700.o(.data)
    Color                                    0x10001350   Data           4  glcd_spi_lpc1700.o(.data)
    Himax                                    0x10001354   Data           1  glcd_spi_lpc1700.o(.data)
    .data                                    0x10001358   Section       32  uart.o(.data)
    .data                                    0x10001378   Section       12  main.o(.data)
    .data                                    0x10001384   Section        9  gui.o(.data)
    .data                                    0x10001390   Section        8  joy.o(.data)
    .data                                    0x10001398   Section        8  pot.o(.data)
    .data                                    0x100013a0   Section        1  pushbutton.o(.data)
    .data                                    0x100013a4   Section        5  rtx_lib.o(.data)
    os_kernel_active                         0x100013a8   Data           1  rtx_lib.o(.data)
    .data                                    0x100013ac   Section        4  system_lpc17xx.o(.data)
    .bss                                     0x10001454   Section      128  uart.o(.bss)
    .bss                                     0x100014d4   Section       96  libspace.o(.bss)
    [Anonymous Symbol]                       0x10001534   Section        0  os_systick.o(.bss.PendST)
    PendST                                   0x10001534   Data           1  os_systick.o(.bss.PendST)
    HEAP                                     0x10001538   Section     8192  startup_lpc17xx.o(HEAP)
    Heap_Mem                                 0x10001538   Data        8192  startup_lpc17xx.o(HEAP)
    STACK                                    0x10003538   Section     8192  startup_lpc17xx.o(STACK)
    Stack_Mem                                0x10003538   Data        8192  startup_lpc17xx.o(STACK)
    __initial_sp                             0x10005538   Data           0  startup_lpc17xx.o(STACK)

    Global Symbols

    Symbol Name                              Value     Ov Type        Size  Object(Section)

    BuildAttributes$$THM_ISAv4$P$D$K$B$S$PE$A:L22UL41UL21$X:L11$S22US41US21$IEEE1$IW$~IW$USESV6$~STKCKD$USESV7$~SHL$OTIME$ROPI$EBA8$UX$STANDARDLIB$REQ8$PRES8$EABIv2 0x00000000   Number         0  anon$$obj.o ABSOLUTE
    __ARM_use_no_argv                        0x00000000   Number         0  main.o ABSOLUTE
    __Vectors                                0x00000000   Data           4  startup_lpc17xx.o(RESET)
    .bss.os.evflags.cb$$Base                  - Undefined Weak Reference
    .bss.os.evflags.cb$$Limit                 - Undefined Weak Reference
    .bss.os.mempool.cb$$Base                  - Undefined Weak Reference
    .bss.os.mempool.cb$$Limit                 - Undefined Weak Reference
    .bss.os.mutex.cb$$Base                    - Undefined Weak Reference
    .bss.os.mutex.cb$$Limit                   - Undefined Weak Reference
    .bss.os.semaphore.cb$$Base                - Undefined Weak Reference
    .bss.os.semaphore.cb$$Limit               - Undefined Weak Reference
    .bss.os.timer.cb$$Base                    - Undefined Weak Reference
    .bss.os.timer.cb$$Limit                   - Undefined Weak Reference
    __ARM_exceptions_init                     - Undefined Weak Reference
    __alloca_initialize                       - Undefined Weak Reference
    __arm_preinit_                            - Undefined Weak Reference
    __cpp_initialize__aeabi_                  - Undefined Weak Reference
    __cxa_finalize                            - Undefined Weak Reference
    __rt_locale                               - Undefined Weak Reference
    __sigvec_lookup                           - Undefined Weak Reference
    __user_heap_extent                        - Undefined Weak Reference
    _atexit_init                              - Undefined Weak Reference
    _call_atexit_fns                          - Undefined Weak Reference
    _clock_init                               - Undefined Weak Reference
    _fp_trap_init                             - Undefined Weak Reference
    _fp_trap_shutdown                         - Undefined Weak Reference
    _get_lc_collate                           - Undefined Weak Reference
    _get_lc_ctype                             - Undefined Weak Reference
    _get_lc_monetary                          - Undefined Weak Reference
    _get_lc_numeric                           - Undefined Weak Reference
    _get_lc_time                              - Undefined Weak Reference
    _getenv_init                              - Undefined Weak Reference
    _handle_redirection                       - Undefined Weak Reference
    _initio                                   - Undefined Weak Reference
    _rand_init                                - Undefined Weak Reference
    _signal_finish                            - Undefined Weak Reference
    _signal_init                              - Undefined Weak Reference
    _terminateio                              - Undefined Weak Reference
    __main                                   0x000000cd   Thumb Code     8  __main.o(!!!main)
    __scatterload                            0x000000d5   Thumb Code     0  __scatter.o(!!!scatter)
    __scatterload_rt2                        0x000000d5   Thumb Code    44  __scatter.o(!!!scatter)
    __scatterload_rt2_thumb_only             0x000000d5   Thumb Code     0  __scatter.o(!!!scatter)
    __scatterload_null                       0x000000e3   Thumb Code     0  __scatter.o(!!!scatter)
    __decompress                             0x00000109   Thumb Code    58  __dczerorl.o(!!dczerorl)
    __decompress0                            0x00000109   Thumb Code     0  __dczerorl.o(!!dczerorl)
    __scatterload_zeroinit                   0x00000145   Thumb Code    28  __scatter_zi.o(!!handler_zi)
    __rt_lib_init                            0x00000161   Thumb Code     0  libinit.o(.ARM.Collect$$libinit$$00000000)
    __rt_lib_init_fp_1                       0x00000163   Thumb Code     0  libinit2.o(.ARM.Collect$$libinit$$00000002)
    __rt_lib_init_heap_2                     0x00000163   Thumb Code     0  libinit2.o(.ARM.Collect$$libinit$$00000005)
    __rt_lib_init_preinit_1                  0x00000163   Thumb Code     0  libinit2.o(.ARM.Collect$$libinit$$00000004)
    __rt_lib_init_alloca_1                   0x0000016b   Thumb Code     0  libinit2.o(.ARM.Collect$$libinit$$0000002E)
    __rt_lib_init_argv_1                     0x0000016b   Thumb Code     0  libinit2.o(.ARM.Collect$$libinit$$0000002C)
    __rt_lib_init_atexit_1                   0x0000016b   Thumb Code     0  libinit2.o(.ARM.Collect$$libinit$$0000001B)
    __rt_lib_init_clock_1                    0x0000016b   Thumb Code     0  libinit2.o(.ARM.Collect$$libinit$$00000021)
    __rt_lib_init_cpp_1                      0x0000016b   Thumb Code     0  libinit2.o(.ARM.Collect$$libinit$$00000032)
    __rt_lib_init_exceptions_1               0x0000016b   Thumb Code     0  libinit2.o(.ARM.Collect$$libinit$$00000030)
    __rt_lib_init_fp_trap_1                  0x0000016b   Thumb Code     0  libinit2.o(.ARM.Collect$$libinit$$0000001F)
    __rt_lib_init_getenv_1                   0x0000016b   Thumb Code     0  libinit2.o(.ARM.Collect$$libinit$$00000023)
    __rt_lib_init_heap_1                     0x0000016b   Thumb Code     0  libinit2.o(.ARM.Collect$$libinit$$0000000A)
    __rt_lib_init_lc_collate_1               0x0000016b   Thumb Code     0  libinit2.o(.ARM.Collect$$libinit$$00000011)
    __rt_lib_init_lc_ctype_1                 0x0000016b   Thumb Code     0  libinit2.o(.ARM.Collect$$libinit$$00000013)
    __rt_lib_init_lc_monetary_1              0x0000016b   Thumb Code     0  libinit2.o(.ARM.Collect$$libinit$$00000015)
    __rt_lib_init_lc_numeric_1               0x0000016b   Thumb Code     0  libinit2.o(.ARM.Collect$$libinit$$00000017)
    __rt_lib_init_lc_time_1                  0x0000016b   Thumb Code     0  libinit2.o(.ARM.Collect$$libinit$$00000019)
    __rt_lib_init_rand_1                     0x0000016b   Thumb Code     0  libinit2.o(.ARM.Collect$$libinit$$0000000E)
    __rt_lib_init_return                     0x0000016b   Thumb Code     0  libinit2.o(.ARM.Collect$$libinit$$00000033)
    __rt_lib_init_signal_1                   0x0000016b   Thumb Code     0  libinit2.o(.ARM.Collect$$libinit$$0000001D)
    __rt_lib_init_stdio_1                    0x0000016b   Thumb Code     0  libinit2.o(.ARM.Collect$$libinit$$00000025)
    __rt_lib_init_user_alloc_1               0x0000016b   Thumb Code     0  libinit2.o(.ARM.Collect$$libinit$$0000000C)
    __rt_lib_shutdown                        0x0000016d   Thumb Code     0  libshutdown.o(.ARM.Collect$$libshutdown$$00000000)
    __rt_lib_shutdown_cpp_1                  0x0000016f   Thumb Code     0  libshutdown2.o(.ARM.Collect$$libshutdown$$00000002)
    __rt_lib_shutdown_fp_trap_1              0x0000016f   Thumb Code     0  libshutdown2.o(.ARM.Collect$$libshutdown$$00000007)
    __rt_lib_shutdown_heap_2                 0x0000016f   Thumb Code     0  libshutdown2.o(.ARM.Collect$$libshutdown$$0000000D)
    __rt_lib_shutdown_signal_1               0x0000016f   Thumb Code     0  libshutdown2.o(.ARM.Collect$$libshutdown$$0000000A)
    __rt_lib_shutdown_stdio_1                0x0000016f   Thumb Code     0  libshutdown2.o(.ARM.Collect$$libshutdown$$00000004)
    __rt_lib_shutdown_user_alloc_1           0x0000016f   Thumb Code     0  libshutdown2.o(.ARM.Collect$$libshutdown$$0000000C)
    __rt_lib_shutdown_heap_1                 0x00000173   Thumb Code     0  libshutdown2.o(.ARM.Collect$$libshutdown$$0000000F)
    __rt_lib_shutdown_return                 0x00000173   Thumb Code     0  libshutdown2.o(.ARM.Collect$$libshutdown$$00000010)
    __rt_entry                               0x00000175   Thumb Code     0  __rtentry.o(.ARM.Collect$$rtentry$$00000000)
    __rt_entry_presh_1                       0x00000175   Thumb Code     0  __rtentry2.o(.ARM.Collect$$rtentry$$00000002)
    __rt_entry_sh                            0x00000175   Thumb Code     0  __rtentry4.o(.ARM.Collect$$rtentry$$00000004)
    __rt_entry_postsh_1                      0x0000017b   Thumb Code     0  __rtentry2.o(.ARM.Collect$$rtentry$$00000008)
    __rt_entry_li                            0x00000183   Thumb Code     0  __rtentry2.o(.ARM.Collect$$rtentry$$0000000A)
    __rt_entry_main                          0x00000187   Thumb Code     0  __rtentry2.o(.ARM.Collect$$rtentry$$0000000D)
    __rt_entry_postli_1                      0x00000187   Thumb Code     0  __rtentry2.o(.ARM.Collect$$rtentry$$0000000C)
    __rt_exit                                0x0000018f   Thumb Code     0  rtexit.o(.ARM.Collect$$rtexit$$00000000)
    __rt_exit_ls                             0x00000191   Thumb Code     0  rtexit2.o(.ARM.Collect$$rtexit$$00000003)
    __rt_exit_prels_1                        0x00000191   Thumb Code     0  rtexit2.o(.ARM.Collect$$rtexit$$00000002)
    __rt_exit_exit                           0x00000195   Thumb Code     0  rtexit2.o(.ARM.Collect$$rtexit$$00000004)
    Reset_Handler                            0x0000019d   Thumb Code     8  startup_lpc17xx.o(.text)
    _maybe_terminate_alloc                   0x0000019d   Thumb Code     0  maybetermalloc2.o(.emb_text)
    NMI_Handler                              0x000001a5   Thumb Code     2  startup_lpc17xx.o(.text)
    HardFault_Handler                        0x000001a7   Thumb Code     2  startup_lpc17xx.o(.text)
    MemManage_Handler                        0x000001a9   Thumb Code     2  startup_lpc17xx.o(.text)
    BusFault_Handler                         0x000001ab   Thumb Code     2  startup_lpc17xx.o(.text)
    UsageFault_Handler                       0x000001ad   Thumb Code     2  startup_lpc17xx.o(.text)
    DebugMon_Handler                         0x000001b1   Thumb Code     2  startup_lpc17xx.o(.text)
    ADC_IRQHandler                           0x000001b7   Thumb Code     0  startup_lpc17xx.o(.text)
    BOD_IRQHandler                           0x000001b7   Thumb Code     0  startup_lpc17xx.o(.text)
    CANActivity_IRQHandler                   0x000001b7   Thumb Code     0  startup_lpc17xx.o(.text)
    CAN_IRQHandler                           0x000001b7   Thumb Code     0  startup_lpc17xx.o(.text)
    DMA_IRQHandler                           0x000001b7   Thumb Code     0  startup_lpc17xx.o(.text)
    EINT0_IRQHandler                         0x000001b7   Thumb Code     0  startup_lpc17xx.o(.text)
    EINT1_IRQHandler                         0x000001b7   Thumb Code     0  startup_lpc17xx.o(.text)
    EINT2_IRQHandler                         0x000001b7   Thumb Code     0  startup_lpc17xx.o(.text)
    ENET_IRQHandler                          0x000001b7   Thumb Code     0  startup_lpc17xx.o(.text)
    I2C0_IRQHandler                          0x000001b7   Thumb Code     0  startup_lpc17xx.o(.text)
    I2C1_IRQHandler                          0x000001b7   Thumb Code     0  startup_lpc17xx.o(.text)
    I2C2_IRQHandler                          0x000001b7   Thumb Code     0  startup_lpc17xx.o(.text)
    I2S_IRQHandler                           0x000001b7   Thumb Code     0  startup_lpc17xx.o(.text)
    MCPWM_IRQHandler                         0x000001b7   Thumb Code     0  startup_lpc17xx.o(.text)
    PLL0_IRQHandler                          0x000001b7   Thumb Code     0  startup_lpc17xx.o(.text)
    PLL1_IRQHandler                          0x000001b7   Thumb Code     0  startup_lpc17xx.o(.text)
    PWM1_IRQHandler                          0x000001b7   Thumb Code     0  startup_lpc17xx.o(.text)
    QEI_IRQHandler                           0x000001b7   Thumb Code     0  startup_lpc17xx.o(.text)
    RIT_IRQHandler                           0x000001b7   Thumb Code     0  startup_lpc17xx.o(.text)
    RTC_IRQHandler                           0x000001b7   Thumb Code     0  startup_lpc17xx.o(.text)
    SPI_IRQHandler                           0x000001b7   Thumb Code     0  startup_lpc17xx.o(.text)
    SSP0_IRQHandler                          0x000001b7   Thumb Code     0  startup_lpc17xx.o(.text)
    SSP1_IRQHandler                          0x000001b7   Thumb Code     0  startup_lpc17xx.o(.text)
    TIMER0_IRQHandler                        0x000001b7   Thumb Code     0  startup_lpc17xx.o(.text)
    TIMER1_IRQHandler                        0x000001b7   Thumb Code     0  startup_lpc17xx.o(.text)
    TIMER2_IRQHandler                        0x000001b7   Thumb Code     0  startup_lpc17xx.o(.text)
    TIMER3_IRQHandler                        0x000001b7   Thumb Code     0  startup_lpc17xx.o(.text)
    UART2_IRQHandler                         0x000001b7   Thumb Code     0  startup_lpc17xx.o(.text)
    UART3_IRQHandler                         0x000001b7   Thumb Code     0  startup_lpc17xx.o(.text)
    USBActivity_IRQHandler                   0x000001b7   Thumb Code     0  startup_lpc17xx.o(.text)
    USB_IRQHandler                           0x000001b7   Thumb Code     0  startup_lpc17xx.o(.text)
    WDT_IRQHandler                           0x000001b7   Thumb Code     0  startup_lpc17xx.o(.text)
    __user_initial_stackheap                 0x000001b9   Thumb Code     0  startup_lpc17xx.o(.text)
    SVC_Handler                              0x000001dd   Thumb Code   108  irq_cm3.o(.text)
    PendSV_Handler                           0x00000249   Thumb Code    16  irq_cm3.o(.text)
    SysTick_Handler                          0x00000259   Thumb Code    16  irq_cm3.o(.text)
    __aeabi_memcpy                           0x00000271   Thumb Code     0  rt_memcpy_v6.o(.text)
    __rt_memcpy                              0x00000271   Thumb Code   138  rt_memcpy_v6.o(.text)
    _memcpy_lastbytes                        0x000002d7   Thumb Code     0  rt_memcpy_v6.o(.text)
    osRtxKernelPreInit                       0x000002fb   Thumb Code     2  rtx_kernel.o(.text.osRtxKernelPreInit)
    _malloc_internal                         0x00000309   Thumb Code   130  h1_alloc_mt.o(.text)
    malloc                                   0x0000038b   Thumb Code    20  h1_alloc_mt.o(.text)
    __aeabi_memclr                           0x0000039f   Thumb Code     0  rt_memclr.o(.text)
    __rt_memclr                              0x0000039f   Thumb Code    68  rt_memclr.o(.text)
    _memset                                  0x000003a3   Thumb Code     0  rt_memclr.o(.text)
    __aeabi_memclr4                          0x000003e3   Thumb Code     0  rt_memclr_w.o(.text)
    __aeabi_memclr8                          0x000003e3   Thumb Code     0  rt_memclr_w.o(.text)
    __rt_memclr_w                            0x000003e3   Thumb Code    78  rt_memclr_w.o(.text)
    _memset_w                                0x000003e7   Thumb Code     0  rt_memclr_w.o(.text)
    __use_two_region_memory                  0x00000431   Thumb Code     2  heapauxi.o(.text)
    __rt_heap_escrow                         0x00000433   Thumb Code     2  heapauxi.o(.text)
    __rt_heap_expand                         0x00000435   Thumb Code     2  heapauxi.o(.text)
    __rt_heap_descriptor                     0x00000437   Thumb Code    10  rt_heap_descriptor_twolibspace.o(.text)
    __use_no_heap                            0x00000441   Thumb Code     2  hguard.o(.text)
    __heap$guard                             0x00000443   Thumb Code     2  hguard.o(.text)
    _terminate_user_alloc                    0x00000445   Thumb Code     2  init_alloc.o(.text)
    _init_user_alloc                         0x00000447   Thumb Code     2  init_alloc.o(.text)
    __Heap_Full                              0x00000449   Thumb Code    34  init_alloc.o(.text)
    __Heap_Broken                            0x0000046b   Thumb Code     6  init_alloc.o(.text)
    _init_alloc                              0x00000471   Thumb Code    94  init_alloc.o(.text)
    __Heap_Initialize                        0x000004cf   Thumb Code    14  h1_init_mt.o(.text)
    __Heap_DescSize                          0x000004dd   Thumb Code     4  h1_init_mt.o(.text)
    _free_internal                           0x000004e1   Thumb Code    98  h1_free_mt.o(.text)
    free                                     0x00000543   Thumb Code    20  h1_free_mt.o(.text)
    __aeabi_memcpy4                          0x00000557   Thumb Code     0  rt_memcpy_w.o(.text)
    __aeabi_memcpy8                          0x00000557   Thumb Code     0  rt_memcpy_w.o(.text)
    __rt_memcpy_w                            0x00000557   Thumb Code   100  rt_memcpy_w.o(.text)
    _memcpy_lastbytes_aligned                0x0000059f   Thumb Code     0  rt_memcpy_w.o(.text)
    __user_libspace                          0x000005bd   Thumb Code     8  libspace.o(.text)
    __user_perproc_libspace                  0x000005bd   Thumb Code     0  libspace.o(.text)
    __Heap_ProvideMemory                     0x000005c5   Thumb Code    62  h1_extend_mt.o(.text)
    __rt_SIGRTMEM                            0x00000603   Thumb Code    14  defsig_rtmem_outer.o(.text)
    __user_setup_stackheap                   0x00000611   Thumb Code    74  sys_stackheap_outer.o(.text)
    _terminate_alloc                         0x0000065b   Thumb Code    16  term_alloc.o(.text)
    exit                                     0x0000066b   Thumb Code    18  exit.o(.text)
    __sig_exit                               0x0000067d   Thumb Code    10  defsig_exit.o(.text)
    __rt_SIGRTMEM_inner                      0x00000689   Thumb Code    22  defsig_rtmem_inner.o(.text)
    __Heap_Finalize                          0x000006d9   Thumb Code    10  h1_final_mt.o(.text)
    __default_signal_display                 0x000006e3   Thumb Code    50  defsig_general.o(.text)
    OS_Tick_AcknowledgeIRQ                   0x000007d9   Thumb Code    12  os_systick.o(.text.OS_Tick_AcknowledgeIRQ)
    OS_Tick_Enable                           0x000007e5   Thumb Code    44  os_systick.o(.text.OS_Tick_Enable)
    OS_Tick_GetIRQn                          0x00000811   Thumb Code     6  os_systick.o(.text.OS_Tick_GetIRQn)
    OS_Tick_Setup                            0x00000819   Thumb Code    64  os_systick.o(.text.OS_Tick_Setup)
    osKernelGetState                         0x00000915   Thumb Code    48  rtx_kernel.o(.text.osKernelGetState)
    osKernelInitialize                       0x00000945   Thumb Code    44  rtx_kernel.o(.text.osKernelInitialize)
    osKernelStart                            0x00000971   Thumb Code    36  rtx_kernel.o(.text.osKernelStart)
    osMessageQueueGet                        0x00000995   Thumb Code   108  rtx_msgqueue.o(.text.osMessageQueueGet)
    osMessageQueueNew                        0x00000a01   Thumb Code    36  rtx_msgqueue.o(.text.osMessageQueueNew)
    osMessageQueuePut                        0x00000a25   Thumb Code   120  rtx_msgqueue.o(.text.osMessageQueuePut)
    osMutexAcquire                           0x00000a9d   Thumb Code    36  rtx_mutex.o(.text.osMutexAcquire)
    osMutexDelete                            0x00000ac1   Thumb Code    36  rtx_mutex.o(.text.osMutexDelete)
    osMutexNew                               0x00000ae5   Thumb Code    36  rtx_mutex.o(.text.osMutexNew)
    osMutexRelease                           0x00000b09   Thumb Code    36  rtx_mutex.o(.text.osMutexRelease)
    osRtxMemoryAlloc                         0x00000b2d   Thumb Code   124  rtx_memory.o(.text.osRtxMemoryAlloc)
    osRtxMemoryFree                          0x00000ba9   Thumb Code    82  rtx_memory.o(.text.osRtxMemoryFree)
    osRtxMemoryInit                          0x00000bfb   Thumb Code    54  rtx_memory.o(.text.osRtxMemoryInit)
    osRtxMemoryPoolAlloc                     0x00000c31   Thumb Code    56  rtx_mempool.o(.text.osRtxMemoryPoolAlloc)
    osRtxMemoryPoolFree                      0x00000c69   Thumb Code    72  rtx_mempool.o(.text.osRtxMemoryPoolFree)
    osRtxMemoryPoolInit                      0x00000cb1   Thumb Code    84  rtx_mempool.o(.text.osRtxMemoryPoolInit)
    osRtxMutexOwnerRelease                   0x00000dbf   Thumb Code    68  rtx_mutex.o(.text.osRtxMutexOwnerRelease)
    osRtxPendSV_Handler                      0x00000e05   Thumb Code   140  rtx_system.o(.text.osRtxPendSV_Handler)
    osRtxPostProcess                         0x00000e91   Thumb Code   116  rtx_system.o(.text.osRtxPostProcess)
    osRtxThreadDelayTick                     0x00001011   Thumb Code    52  rtx_thread.o(.text.osRtxThreadDelayTick)
    osRtxThreadDispatch                      0x00001045   Thumb Code    92  rtx_thread.o(.text.osRtxThreadDispatch)
    osRtxThreadListGet                       0x000010f5   Thumb Code    20  rtx_thread.o(.text.osRtxThreadListGet)
    osRtxThreadListPut                       0x00001109   Thumb Code    42  rtx_thread.o(.text.osRtxThreadListPut)
    osRtxThreadListRemove                    0x00001133   Thumb Code    20  rtx_thread.o(.text.osRtxThreadListRemove)
    osRtxThreadListSort                      0x00001147   Thumb Code    40  rtx_thread.o(.text.osRtxThreadListSort)
    osRtxThreadReadyPut                      0x00001199   Thumb Code    20  rtx_thread.o(.text.osRtxThreadReadyPut)
    osRtxThreadRegPtr                        0x000011ad   Thumb Code     6  rtx_thread.o(.text.osRtxThreadRegPtr)
    osRtxThreadStackCheck                    0x000011b5   Thumb Code    40  rtx_thread.o(.text.osRtxThreadStackCheck)
    osRtxThreadStartup                       0x000011dd   Thumb Code    64  rtx_thread.o(.text.osRtxThreadStartup)
    osRtxThreadSwitch                        0x0000121d   Thumb Code    16  rtx_thread.o(.text.osRtxThreadSwitch)
    osRtxThreadWaitEnter                     0x0000122d   Thumb Code    60  rtx_thread.o(.text.osRtxThreadWaitEnter)
    osRtxThreadWaitExit                      0x00001269   Thumb Code    36  rtx_thread.o(.text.osRtxThreadWaitExit)
    osRtxTick_Handler                        0x0000128d   Thumb Code   112  rtx_system.o(.text.osRtxTick_Handler)
    osRtxTimerThread                         0x000012fd   Thumb Code    60  rtx_timer.o(.text.osRtxTimerThread)
    osThreadExit                             0x00001391   Thumb Code    12  rtx_thread.o(.text.osThreadExit)
    osThreadNew                              0x0000139d   Thumb Code    36  rtx_thread.o(.text.osThreadNew)
    osThreadYield                            0x000013c1   Thumb Code    36  rtx_thread.o(.text.osThreadYield)
    EINT3_IRQHandler                         0x00001da1   Thumb Code    24  pushbutton.o(i.EINT3_IRQHandler)
    GLCD_Clear                               0x00001dc1   Thumb Code    42  glcd_spi_lpc1700.o(i.GLCD_Clear)
    GLCD_DisplayChar                         0x00001ded   Thumb Code    84  glcd_spi_lpc1700.o(i.GLCD_DisplayChar)
    GLCD_DisplayString                       0x00001e49   Thumb Code    40  glcd_spi_lpc1700.o(i.GLCD_DisplayString)
    GLCD_DrawChar                            0x00001e71   Thumb Code   150  glcd_spi_lpc1700.o(i.GLCD_DrawChar)
    GLCD_Init                                0x00001f0d   Thumb Code  1506  glcd_spi_lpc1700.o(i.GLCD_Init)
    GLCD_SetWindow                           0x000024f5   Thumb Code   168  glcd_spi_lpc1700.o(i.GLCD_SetWindow)
    GLCD_WindowMax                           0x000025a1   Thumb Code    18  glcd_spi_lpc1700.o(i.GLCD_WindowMax)
    GUI_Level_Menu                           0x000025b5   Thumb Code   222  gui.o(i.GUI_Level_Menu)
    GUI_Start                                0x000026c1   Thumb Code    62  gui.o(i.GUI_Start)
    GUI_Task                                 0x00002721   Thumb Code    58  gui.o(i.GUI_Task)
    Joy_Task                                 0x00002789   Thumb Code   130  joy.o(i.Joy_Task)
    Joy_init                                 0x00002819   Thumb Code    14  joy.o(i.Joy_init)
    Pot_Task                                 0x0000282d   Thumb Code   108  pot.o(i.Pot_Task)
    SystemInit                               0x000028b1   Thumb Code   302  system_lpc17xx.o(i.SystemInit)
    UART0_IRQHandler                         0x000029f1   Thumb Code    88  uart.o(i.UART0_IRQHandler)
    UART1_IRQHandler                         0x00002a59   Thumb Code    90  uart.o(i.UART1_IRQHandler)
    UARTSendChar                             0x00002ac9   Thumb Code    52  uart.o(i.UARTSendChar)
    _mutex_acquire                           0x00002b01   Thumb Code    22  rtx_lib.o(i._mutex_acquire)
    _mutex_free                              0x00002b17   Thumb Code    12  rtx_lib.o(i._mutex_free)
    _mutex_initialize                        0x00002b23   Thumb Code    34  rtx_lib.o(i._mutex_initialize)
    _mutex_release                           0x00002b45   Thumb Code    18  rtx_lib.o(i._mutex_release)
    _platform_post_stackheap_init            0x00002b57   Thumb Code     8  rtx_lib.o(i._platform_post_stackheap_init)
    _sys_exit                                0x00002b5f   Thumb Code     4  retarget.o(i._sys_exit)
    _ttywrch                                 0x00002b63   Thumb Code    12  retarget.o(i._ttywrch)
    init                                     0x00002b7d   Thumb Code    16  main.o(i.init)
    main                                     0x00002b8d   Thumb Code    58  main.o(i.main)
    osRtxErrorNotify                         0x00002be1   Thumb Code    32  rtx_config.o(i.osRtxErrorNotify)
    osRtxIdleThread                          0x00002c01   Thumb Code     4  rtx_config.o(i.osRtxIdleThread)
    sendchar                                 0x00002cf9   Thumb Code    42  retarget.o(i.sendchar)
    setup_INT0                               0x00002d25   Thumb Code    46  pushbutton.o(i.setup_INT0)
    Font_6x8_h                               0x00002e90   Data         896  glcd_spi_lpc1700.o(.constdata)
    Font_16x24_h                             0x00003210   Data        5376  glcd_spi_lpc1700.o(.constdata)
    osRtxUserSVC                             0x00004770   Data           4  rtx_lib.o(.constdata)
    irqRtxLib                                0x00004774   Data           1  irq_cm3.o(.constdata)
    osRtxConfig                              0x00004778   Data         104  rtx_lib.o(.rodata)
    Region$$Table$$Base                      0x000047ec   Number         0  anon$$obj.o(Region$$Table)
    Region$$Table$$Limit                     0x0000480c   Number         0  anon$$obj.o(Region$$Table)
    .bss.os.msgqueue.cb$$Base                0x10001040   Number         0  rtx_lib.o(.bss.os.msgqueue.cb)
    .bss.os.msgqueue.cb$$Limit               0x10001074   Number         0  rtx_lib.o(.bss.os.msgqueue.cb)
    .bss.os.thread.cb$$Base                  0x100010c4   Number         0  rtx_lib.o(.bss.os.thread.cb)
    .bss.os.thread.cb$$Limit                 0x1000114c   Number         0  rtx_lib.o(.bss.os.thread.cb)
    ITM_RxBuffer                             0x10001358   Data           4  uart.o(.data)
    UART0Status                              0x1000135c   Data           4  uart.o(.data)
    UART1Status                              0x10001360   Data           4  uart.o(.data)
    UART0TxEmpty                             0x10001364   Data           1  uart.o(.data)
    UART1TxEmpty                             0x10001365   Data           1  uart.o(.data)
    UART0Count                               0x10001368   Data           4  uart.o(.data)
    UART1Count                               0x1000136c   Data           4  uart.o(.data)
    RcvLock0                                 0x10001370   Data           1  uart.o(.data)
    SndLock0                                 0x10001371   Data           1  uart.o(.data)
    RcvLock1                                 0x10001372   Data           1  uart.o(.data)
    SndLock1                                 0x10001373   Data           1  uart.o(.data)
    i                                        0x10001374   Data           4  uart.o(.data)
    GUI_Thread                               0x10001378   Data           4  main.o(.data)
    Pot_Thread                               0x1000137c   Data           4  main.o(.data)
    Joy_Thread                               0x10001380   Data           4  main.o(.data)
    sel_lev                                  0x10001384   Data           1  gui.o(.data)
    game_state_id                            0x10001388   Data           4  gui.o(.data)
    game_state                               0x1000138c   Data           1  gui.o(.data)
    joy_in                                   0x10001390   Data           4  joy.o(.data)
    joy_val_id                               0x10001394   Data           4  joy.o(.data)
    pot_val                                  0x10001398   Data           4  pot.o(.data)
    pot_val_id                               0x1000139c   Data           4  pot.o(.data)
    button_pushed                            0x100013a0   Data           1  pushbutton.o(.data)
    irqRtxLibRef                             0x100013a4   Data           4  rtx_lib.o(.data)
    SystemCoreClock                          0x100013ac   Data           4  system_lpc17xx.o(.data)
    osRtxInfo                                0x100013b0   Data         164  rtx_kernel.o(.data.os)
    UART0Buffer                              0x10001454   Data          64  uart.o(.bss)
    UART1Buffer                              0x10001494   Data          64  uart.o(.bss)
    __libspace_start                         0x100014d4   Data          96  libspace.o(.bss)
    __temporary_stack_top$libspace           0x10001534   Data           0  libspace.o(.bss)



==============================================================================

Memory Map of the image

  Image Entry point : 0x0000019d

  Load Region LR_1 (Base: 0x00000000, Size: 0x00005c60, Max: 0xffffffff, ABSOLUTE, COMPRESSED[0x00004850])

    Execution Region ER_RO (Exec base: 0x00000000, Load base: 0x00000000, Size: 0x0000480c, Max: 0xffffffff, ABSOLUTE)

    Exec Addr    Load Addr    Size         Type   Attr      Idx    E Section Name        Object

    0x00000000   0x00000000   0x000000cc   Data   RO          855    RESET               startup_lpc17xx.o
    0x000000cc   0x000000cc   0x00000008   Code   RO         1414  * !!!main             c_w.l(__main.o)
    0x000000d4   0x000000d4   0x00000034   Code   RO         1629    !!!scatter          c_w.l(__scatter.o)
    0x00000108   0x00000108   0x0000003a   Code   RO         1627    !!dczerorl          c_w.l(__dczerorl.o)
    0x00000142   0x00000142   0x00000002   PAD
    0x00000144   0x00000144   0x0000001c   Code   RO         1631    !!handler_zi        c_w.l(__scatter_zi.o)
    0x00000160   0x00000160   0x00000002   Code   RO         1570    .ARM.Collect$$libinit$$00000000  c_w.l(libinit.o)
    0x00000162   0x00000162   0x00000000   Code   RO         1459    .ARM.Collect$$libinit$$00000002  c_w.l(libinit2.o)
    0x00000162   0x00000162   0x00000000   Code   RO         1461    .ARM.Collect$$libinit$$00000004  c_w.l(libinit2.o)
    0x00000162   0x00000162   0x00000008   Code   RO         1462    .ARM.Collect$$libinit$$00000005  c_w.l(libinit2.o)
    0x0000016a   0x0000016a   0x00000000   Code   RO         1464    .ARM.Collect$$libinit$$0000000A  c_w.l(libinit2.o)
    0x0000016a   0x0000016a   0x00000000   Code   RO         1466    .ARM.Collect$$libinit$$0000000C  c_w.l(libinit2.o)
    0x0000016a   0x0000016a   0x00000000   Code   RO         1468    .ARM.Collect$$libinit$$0000000E  c_w.l(libinit2.o)
    0x0000016a   0x0000016a   0x00000000   Code   RO         1471    .ARM.Collect$$libinit$$00000011  c_w.l(libinit2.o)
    0x0000016a   0x0000016a   0x00000000   Code   RO         1473    .ARM.Collect$$libinit$$00000013  c_w.l(libinit2.o)
    0x0000016a   0x0000016a   0x00000000   Code   RO         1475    .ARM.Collect$$libinit$$00000015  c_w.l(libinit2.o)
    0x0000016a   0x0000016a   0x00000000   Code   RO         1477    .ARM.Collect$$libinit$$00000017  c_w.l(libinit2.o)
    0x0000016a   0x0000016a   0x00000000   Code   RO         1479    .ARM.Collect$$libinit$$00000019  c_w.l(libinit2.o)
    0x0000016a   0x0000016a   0x00000000   Code   RO         1481    .ARM.Collect$$libinit$$0000001B  c_w.l(libinit2.o)
    0x0000016a   0x0000016a   0x00000000   Code   RO         1483    .ARM.Collect$$libinit$$0000001D  c_w.l(libinit2.o)
    0x0000016a   0x0000016a   0x00000000   Code   RO         1485    .ARM.Collect$$libinit$$0000001F  c_w.l(libinit2.o)
    0x0000016a   0x0000016a   0x00000000   Code   RO         1487    .ARM.Collect$$libinit$$00000021  c_w.l(libinit2.o)
    0x0000016a   0x0000016a   0x00000000   Code   RO         1489    .ARM.Collect$$libinit$$00000023  c_w.l(libinit2.o)
    0x0000016a   0x0000016a   0x00000000   Code   RO         1491    .ARM.Collect$$libinit$$00000025  c_w.l(libinit2.o)
    0x0000016a   0x0000016a   0x00000000   Code   RO         1495    .ARM.Collect$$libinit$$0000002C  c_w.l(libinit2.o)
    0x0000016a   0x0000016a   0x00000000   Code   RO         1497    .ARM.Collect$$libinit$$0000002E  c_w.l(libinit2.o)
    0x0000016a   0x0000016a   0x00000000   Code   RO         1499    .ARM.Collect$$libinit$$00000030  c_w.l(libinit2.o)
    0x0000016a   0x0000016a   0x00000000   Code   RO         1501    .ARM.Collect$$libinit$$00000032  c_w.l(libinit2.o)
    0x0000016a   0x0000016a   0x00000002   Code   RO         1502    .ARM.Collect$$libinit$$00000033  c_w.l(libinit2.o)
    0x0000016c   0x0000016c   0x00000002   Code   RO         1624    .ARM.Collect$$libshutdown$$00000000  c_w.l(libshutdown.o)
    0x0000016e   0x0000016e   0x00000000   Code   RO         1584    .ARM.Collect$$libshutdown$$00000002  c_w.l(libshutdown2.o)
    0x0000016e   0x0000016e   0x00000000   Code   RO         1586    .ARM.Collect$$libshutdown$$00000004  c_w.l(libshutdown2.o)
    0x0000016e   0x0000016e   0x00000000   Code   RO         1589    .ARM.Collect$$libshutdown$$00000007  c_w.l(libshutdown2.o)
    0x0000016e   0x0000016e   0x00000000   Code   RO         1592    .ARM.Collect$$libshutdown$$0000000A  c_w.l(libshutdown2.o)
    0x0000016e   0x0000016e   0x00000000   Code   RO         1594    .ARM.Collect$$libshutdown$$0000000C  c_w.l(libshutdown2.o)
    0x0000016e   0x0000016e   0x00000004   Code   RO         1595    .ARM.Collect$$libshutdown$$0000000D  c_w.l(libshutdown2.o)
    0x00000172   0x00000172   0x00000000   Code   RO         1597    .ARM.Collect$$libshutdown$$0000000F  c_w.l(libshutdown2.o)
    0x00000172   0x00000172   0x00000002   Code   RO         1598    .ARM.Collect$$libshutdown$$00000010  c_w.l(libshutdown2.o)
    0x00000174   0x00000174   0x00000000   Code   RO         1416    .ARM.Collect$$rtentry$$00000000  c_w.l(__rtentry.o)
    0x00000174   0x00000174   0x00000000   Code   RO         1509    .ARM.Collect$$rtentry$$00000002  c_w.l(__rtentry2.o)
    0x00000174   0x00000174   0x00000006   Code   RO         1521    .ARM.Collect$$rtentry$$00000004  c_w.l(__rtentry4.o)
    0x0000017a   0x0000017a   0x00000008   Code   RO         1510    .ARM.Collect$$rtentry$$00000008  c_w.l(__rtentry2.o)
    0x00000182   0x00000182   0x00000004   Code   RO         1512    .ARM.Collect$$rtentry$$0000000A  c_w.l(__rtentry2.o)
    0x00000186   0x00000186   0x00000000   Code   RO         1514    .ARM.Collect$$rtentry$$0000000C  c_w.l(__rtentry2.o)
    0x00000186   0x00000186   0x00000008   Code   RO         1515    .ARM.Collect$$rtentry$$0000000D  c_w.l(__rtentry2.o)
    0x0000018e   0x0000018e   0x00000002   Code   RO         1571    .ARM.Collect$$rtexit$$00000000  c_w.l(rtexit.o)
    0x00000190   0x00000190   0x00000000   Code   RO         1600    .ARM.Collect$$rtexit$$00000002  c_w.l(rtexit2.o)
    0x00000190   0x00000190   0x00000004   Code   RO         1601    .ARM.Collect$$rtexit$$00000003  c_w.l(rtexit2.o)
    0x00000194   0x00000194   0x00000006   Code   RO         1602    .ARM.Collect$$rtexit$$00000004  c_w.l(rtexit2.o)
    0x0000019a   0x0000019a   0x00000002   PAD
    0x0000019c   0x0000019c   0x00000000   Code   RO         1528    .emb_text           c_w.l(maybetermalloc2.o)
    0x0000019c   0x0000019c   0x00000040   Code   RO          857  * .text               startup_lpc17xx.o
    0x000001dc   0x000001dc   0x00000094   Code   RO         1133    .text               RTX_CM3.lib(irq_cm3.o)
    0x00000270   0x00000270   0x0000008a   Code   RO         1406    .text               c_w.l(rt_memcpy_v6.o)
    0x000002fa   0x000002fa   0x00000002   Code   RO          900    .text.osRtxKernelPreInit  RTX_CM3.lib(rtx_kernel.o)
    0x000002fc   0x000002fc   0x00000004   Code   RO          856    .ARM.__at_0x02FC    startup_lpc17xx.o
    0x00000300   0x00000300   0x0000009e   Code   RO         1352    .text               c_w.l(h1_alloc_mt.o)
    0x0000039e   0x0000039e   0x00000044   Code   RO         1408    .text               c_w.l(rt_memclr.o)
    0x000003e2   0x000003e2   0x0000004e   Code   RO         1410    .text               c_w.l(rt_memclr_w.o)
    0x00000430   0x00000430   0x00000006   Code   RO         1412    .text               c_w.l(heapauxi.o)
    0x00000436   0x00000436   0x0000000a   Code   RO         1426    .text               c_w.l(rt_heap_descriptor_twolibspace.o)
    0x00000440   0x00000440   0x00000004   Code   RO         1428    .text               c_w.l(hguard.o)
    0x00000444   0x00000444   0x0000008a   Code   RO         1430    .text               c_w.l(init_alloc.o)
    0x000004ce   0x000004ce   0x00000012   Code   RO         1440    .text               c_w.l(h1_init_mt.o)
    0x000004e0   0x000004e0   0x00000076   Code   RO         1442    .text               c_w.l(h1_free_mt.o)
    0x00000556   0x00000556   0x00000064   Code   RO         1454    .text               c_w.l(rt_memcpy_w.o)
    0x000005ba   0x000005ba   0x00000002   PAD
    0x000005bc   0x000005bc   0x00000008   Code   RO         1505    .text               c_w.l(libspace.o)
    0x000005c4   0x000005c4   0x0000003e   Code   RO         1531    .text               c_w.l(h1_extend_mt.o)
    0x00000602   0x00000602   0x0000000e   Code   RO         1533    .text               c_w.l(defsig_rtmem_outer.o)
    0x00000610   0x00000610   0x0000004a   Code   RO         1547    .text               c_w.l(sys_stackheap_outer.o)
    0x0000065a   0x0000065a   0x00000010   Code   RO         1551    .text               c_w.l(term_alloc.o)
    0x0000066a   0x0000066a   0x00000012   Code   RO         1553    .text               c_w.l(exit.o)
    0x0000067c   0x0000067c   0x0000000a   Code   RO         1555    .text               c_w.l(defsig_exit.o)
    0x00000686   0x00000686   0x00000002   PAD
    0x00000688   0x00000688   0x00000050   Code   RO         1561    .text               c_w.l(defsig_rtmem_inner.o)
    0x000006d8   0x000006d8   0x0000000a   Code   RO         1575    .text               c_w.l(h1_final_mt.o)
    0x000006e2   0x000006e2   0x00000032   Code   RO         1579    .text               c_w.l(defsig_general.o)
    0x00000714   0x00000714   0x00000044   Code   RO         1330    .text.MessageQueueGet  RTX_CM3.lib(rtx_msgqueue.o)
    0x00000758   0x00000758   0x00000062   Code   RO         1324    .text.MessageQueuePut  RTX_CM3.lib(rtx_msgqueue.o)
    0x000007ba   0x000007ba   0x0000001c   Code   RO         1322    .text.MessageQueueRemove  RTX_CM3.lib(rtx_msgqueue.o)
    0x000007d6   0x000007d6   0x00000002   PAD
    0x000007d8   0x000007d8   0x0000000c   Code   RO         1268    .text.OS_Tick_AcknowledgeIRQ  RTX_CM3.lib(os_systick.o)
    0x000007e4   0x000007e4   0x0000002c   Code   RO         1264    .text.OS_Tick_Enable  RTX_CM3.lib(os_systick.o)
    0x00000810   0x00000810   0x00000006   Code   RO         1270    .text.OS_Tick_GetIRQn  RTX_CM3.lib(os_systick.o)
    0x00000816   0x00000816   0x00000002   PAD
    0x00000818   0x00000818   0x00000040   Code   RO         1262    .text.OS_Tick_Setup  RTX_CM3.lib(os_systick.o)
    0x00000858   0x00000858   0x0000006c   Code   RO         1045    .text.ThreadFlagsCheck  RTX_CM3.lib(rtx_thread.o)
    0x000008c4   0x000008c4   0x00000050   Code   RO         1154    .text.TimerInsert   RTX_CM3.lib(rtx_timer.o)
    0x00000914   0x00000914   0x00000030   Code   RO          908    .text.osKernelGetState  RTX_CM3.lib(rtx_kernel.o)
    0x00000944   0x00000944   0x0000002c   Code   RO          902    .text.osKernelInitialize  RTX_CM3.lib(rtx_kernel.o)
    0x00000970   0x00000970   0x00000024   Code   RO          912    .text.osKernelStart  RTX_CM3.lib(rtx_kernel.o)
    0x00000994   0x00000994   0x0000006c   Code   RO         1296    .text.osMessageQueueGet  RTX_CM3.lib(rtx_msgqueue.o)
    0x00000a00   0x00000a00   0x00000024   Code   RO         1290    .text.osMessageQueueNew  RTX_CM3.lib(rtx_msgqueue.o)
    0x00000a24   0x00000a24   0x00000078   Code   RO         1294    .text.osMessageQueuePut  RTX_CM3.lib(rtx_msgqueue.o)
    0x00000a9c   0x00000a9c   0x00000024   Code   RO         1104    .text.osMutexAcquire  RTX_CM3.lib(rtx_mutex.o)
    0x00000ac0   0x00000ac0   0x00000024   Code   RO         1110    .text.osMutexDelete  RTX_CM3.lib(rtx_mutex.o)
    0x00000ae4   0x00000ae4   0x00000024   Code   RO         1100    .text.osMutexNew    RTX_CM3.lib(rtx_mutex.o)
    0x00000b08   0x00000b08   0x00000024   Code   RO         1106    .text.osMutexRelease  RTX_CM3.lib(rtx_mutex.o)
    0x00000b2c   0x00000b2c   0x0000007c   Code   RO         1181    .text.osRtxMemoryAlloc  RTX_CM3.lib(rtx_memory.o)
    0x00000ba8   0x00000ba8   0x00000052   Code   RO         1183    .text.osRtxMemoryFree  RTX_CM3.lib(rtx_memory.o)
    0x00000bfa   0x00000bfa   0x00000036   Code   RO         1179    .text.osRtxMemoryInit  RTX_CM3.lib(rtx_memory.o)
    0x00000c30   0x00000c30   0x00000038   Code   RO         1196    .text.osRtxMemoryPoolAlloc  RTX_CM3.lib(rtx_mempool.o)
    0x00000c68   0x00000c68   0x00000048   Code   RO         1198    .text.osRtxMemoryPoolFree  RTX_CM3.lib(rtx_mempool.o)
    0x00000cb0   0x00000cb0   0x00000054   Code   RO         1194    .text.osRtxMemoryPoolInit  RTX_CM3.lib(rtx_mempool.o)
    0x00000d04   0x00000d04   0x000000ba   Code   RO         1320    .text.osRtxMessageQueuePostProcess  RTX_CM3.lib(rtx_msgqueue.o)
    0x00000dbe   0x00000dbe   0x00000044   Code   RO         1098    .text.osRtxMutexOwnerRelease  RTX_CM3.lib(rtx_mutex.o)
    0x00000e02   0x00000e02   0x00000002   PAD
    0x00000e04   0x00000e04   0x0000008c   Code   RO         1249    .text.osRtxPendSV_Handler  RTX_CM3.lib(rtx_system.o)
    0x00000e90   0x00000e90   0x00000074   Code   RO         1251    .text.osRtxPostProcess  RTX_CM3.lib(rtx_system.o)
    0x00000f04   0x00000f04   0x00000038   Code   RO          985    .text.osRtxThreadBlock  RTX_CM3.lib(rtx_thread.o)
    0x00000f3c   0x00000f3c   0x00000088   Code   RO          993    .text.osRtxThreadDelayInsert  RTX_CM3.lib(rtx_thread.o)
    0x00000fc4   0x00000fc4   0x0000004c   Code   RO          989    .text.osRtxThreadDelayRemove  RTX_CM3.lib(rtx_thread.o)
    0x00001010   0x00001010   0x00000034   Code   RO          975    .text.osRtxThreadDelayTick  RTX_CM3.lib(rtx_thread.o)
    0x00001044   0x00001044   0x0000005c   Code   RO          983    .text.osRtxThreadDispatch  RTX_CM3.lib(rtx_thread.o)
    0x000010a0   0x000010a0   0x00000054   Code   RO         1069    .text.osRtxThreadFree  RTX_CM3.lib(rtx_thread.o)
    0x000010f4   0x000010f4   0x00000014   Code   RO          967    .text.osRtxThreadListGet  RTX_CM3.lib(rtx_thread.o)
    0x00001108   0x00001108   0x0000002a   Code   RO          965    .text.osRtxThreadListPut  RTX_CM3.lib(rtx_thread.o)
    0x00001132   0x00001132   0x00000014   Code   RO          971    .text.osRtxThreadListRemove  RTX_CM3.lib(rtx_thread.o)
    0x00001146   0x00001146   0x00000028   Code   RO          969    .text.osRtxThreadListSort  RTX_CM3.lib(rtx_thread.o)
    0x0000116e   0x0000116e   0x0000002a   Code   RO         1043    .text.osRtxThreadPostProcess  RTX_CM3.lib(rtx_thread.o)
    0x00001198   0x00001198   0x00000014   Code   RO          973    .text.osRtxThreadReadyPut  RTX_CM3.lib(rtx_thread.o)
    0x000011ac   0x000011ac   0x00000006   Code   RO          977    .text.osRtxThreadRegPtr  RTX_CM3.lib(rtx_thread.o)
    0x000011b2   0x000011b2   0x00000002   PAD
    0x000011b4   0x000011b4   0x00000028   Code   RO          981    .text.osRtxThreadStackCheck  RTX_CM3.lib(rtx_thread.o)
    0x000011dc   0x000011dc   0x00000040   Code   RO          995    .text.osRtxThreadStartup  RTX_CM3.lib(rtx_thread.o)
    0x0000121c   0x0000121c   0x00000010   Code   RO          979    .text.osRtxThreadSwitch  RTX_CM3.lib(rtx_thread.o)
    0x0000122c   0x0000122c   0x0000003c   Code   RO          991    .text.osRtxThreadWaitEnter  RTX_CM3.lib(rtx_thread.o)
    0x00001268   0x00001268   0x00000024   Code   RO          987    .text.osRtxThreadWaitExit  RTX_CM3.lib(rtx_thread.o)
    0x0000128c   0x0000128c   0x00000070   Code   RO         1247    .text.osRtxTick_Handler  RTX_CM3.lib(rtx_system.o)
    0x000012fc   0x000012fc   0x0000003c   Code   RO         1138    .text.osRtxTimerThread  RTX_CM3.lib(rtx_timer.o)
    0x00001338   0x00001338   0x00000058   Code   RO         1140    .text.osRtxTimerTick  RTX_CM3.lib(rtx_timer.o)
    0x00001390   0x00001390   0x0000000c   Code   RO         1027    .text.osThreadExit  RTX_CM3.lib(rtx_thread.o)
    0x0000139c   0x0000139c   0x00000024   Code   RO          999    .text.osThreadNew   RTX_CM3.lib(rtx_thread.o)
    0x000013c0   0x000013c0   0x00000024   Code   RO         1017    .text.osThreadYield  RTX_CM3.lib(rtx_thread.o)
    0x000013e4   0x000013e4   0x0000000c   Code   RO          910    .text.svcRtxKernelGetState  RTX_CM3.lib(rtx_kernel.o)
    0x000013f0   0x000013f0   0x00000154   Code   RO          940    .text.svcRtxKernelInitialize  RTX_CM3.lib(rtx_kernel.o)
    0x00001544   0x00001544   0x00000088   Code   RO          942    .text.svcRtxKernelStart  RTX_CM3.lib(rtx_kernel.o)
    0x000015cc   0x000015cc   0x000000e4   Code   RO         1332    .text.svcRtxMessageQueueGet  RTX_CM3.lib(rtx_msgqueue.o)
    0x000016b0   0x000016b0   0x00000134   Code   RO         1318    .text.svcRtxMessageQueueNew  RTX_CM3.lib(rtx_msgqueue.o)
    0x000017e4   0x000017e4   0x000000c0   Code   RO         1328    .text.svcRtxMessageQueuePut  RTX_CM3.lib(rtx_msgqueue.o)
    0x000018a4   0x000018a4   0x00000090   Code   RO         1116    .text.svcRtxMutexAcquire  RTX_CM3.lib(rtx_mutex.o)
    0x00001934   0x00001934   0x000000c4   Code   RO         1122    .text.svcRtxMutexDelete  RTX_CM3.lib(rtx_mutex.o)
    0x000019f8   0x000019f8   0x0000006c   Code   RO         1112    .text.svcRtxMutexNew  RTX_CM3.lib(rtx_mutex.o)
    0x00001a64   0x00001a64   0x000000b4   Code   RO         1118    .text.svcRtxMutexRelease  RTX_CM3.lib(rtx_mutex.o)
    0x00001b18   0x00001b18   0x00000074   Code   RO         1073    .text.svcRtxThreadExit  RTX_CM3.lib(rtx_thread.o)
    0x00001b8c   0x00001b8c   0x000001dc   Code   RO          997    .text.svcRtxThreadNew  RTX_CM3.lib(rtx_thread.o)
    0x00001d68   0x00001d68   0x00000038   Code   RO         1059    .text.svcRtxThreadYield  RTX_CM3.lib(rtx_thread.o)
    0x00001da0   0x00001da0   0x00000020   Code   RO          686    i.EINT3_IRQHandler  pushbutton.o
    0x00001dc0   0x00001dc0   0x0000002a   Code   RO          144    i.GLCD_Clear        glcd_spi_lpc1700.o
    0x00001dea   0x00001dea   0x00000002   PAD
    0x00001dec   0x00001dec   0x0000005c   Code   RO          146    i.GLCD_DisplayChar  glcd_spi_lpc1700.o
    0x00001e48   0x00001e48   0x00000028   Code   RO          147    i.GLCD_DisplayString  glcd_spi_lpc1700.o
    0x00001e70   0x00001e70   0x0000009c   Code   RO          148    i.GLCD_DrawChar     glcd_spi_lpc1700.o
    0x00001f0c   0x00001f0c   0x000005e8   Code   RO          149    i.GLCD_Init         glcd_spi_lpc1700.o
    0x000024f4   0x000024f4   0x000000ac   Code   RO          154    i.GLCD_SetWindow    glcd_spi_lpc1700.o
    0x000025a0   0x000025a0   0x00000012   Code   RO          155    i.GLCD_WindowMax    glcd_spi_lpc1700.o
    0x000025b2   0x000025b2   0x00000002   PAD
    0x000025b4   0x000025b4   0x0000010c   Code   RO          575    i.GUI_Level_Menu    gui.o
    0x000026c0   0x000026c0   0x00000060   Code   RO          576    i.GUI_Start         gui.o
    0x00002720   0x00002720   0x00000068   Code   RO          577    i.GUI_Task          gui.o
    0x00002788   0x00002788   0x00000090   Code   RO          618    i.Joy_Task          joy.o
    0x00002818   0x00002818   0x00000014   Code   RO          619    i.Joy_init          joy.o
    0x0000282c   0x0000282c   0x00000084   Code   RO          655    i.Pot_Task          pot.o
    0x000028b0   0x000028b0   0x00000140   Code   RO          867    i.SystemInit        system_lpc17xx.o
    0x000029f0   0x000029f0   0x00000068   Code   RO          401    i.UART0_IRQHandler  uart.o
    0x00002a58   0x00002a58   0x00000070   Code   RO          402    i.UART1_IRQHandler  uart.o
    0x00002ac8   0x00002ac8   0x00000038   Code   RO          407    i.UARTSendChar      uart.o
    0x00002b00   0x00002b00   0x00000016   Code   RO          733    i._mutex_acquire    rtx_lib.o
    0x00002b16   0x00002b16   0x0000000c   Code   RO          734    i._mutex_free       rtx_lib.o
    0x00002b22   0x00002b22   0x00000022   Code   RO          735    i._mutex_initialize  rtx_lib.o
    0x00002b44   0x00002b44   0x00000012   Code   RO          736    i._mutex_release    rtx_lib.o
    0x00002b56   0x00002b56   0x00000008   Code   RO          737    i._platform_post_stackheap_init  rtx_lib.o
    0x00002b5e   0x00002b5e   0x00000004   Code   RO          328    i._sys_exit         retarget.o
    0x00002b62   0x00002b62   0x0000000c   Code   RO          329    i._ttywrch          retarget.o
    0x00002b6e   0x00002b6e   0x0000000e   Code   RO          158    i.delay             glcd_spi_lpc1700.o
    0x00002b7c   0x00002b7c   0x00000010   Code   RO          509    i.init              main.o
    0x00002b8c   0x00002b8c   0x00000054   Code   RO          510    i.main              main.o
    0x00002be0   0x00002be0   0x00000020   Code   RO          822    i.osRtxErrorNotify  rtx_config.o
    0x00002c00   0x00002c00   0x00000004   Code   RO          823    i.osRtxIdleThread   rtx_config.o
    0x00002c04   0x00002c04   0x00000020   Code   RO          738    i.os_kernel_is_active  rtx_lib.o
    0x00002c24   0x00002c24   0x0000008c   Code   RO          159    i.rd_id_man         glcd_spi_lpc1700.o
    0x00002cb0   0x00002cb0   0x00000048   Code   RO          160    i.rd_reg            glcd_spi_lpc1700.o
    0x00002cf8   0x00002cf8   0x0000002a   Code   RO          334    i.sendchar          retarget.o
    0x00002d22   0x00002d22   0x00000002   PAD
    0x00002d24   0x00002d24   0x00000034   Code   RO          687    i.setup_INT0        pushbutton.o
    0x00002d58   0x00002d58   0x00000020   Code   RO          161    i.spi_tran          glcd_spi_lpc1700.o
    0x00002d78   0x00002d78   0x00000080   Code   RO          162    i.spi_tran_man      glcd_spi_lpc1700.o
    0x00002df8   0x00002df8   0x00000028   Code   RO          163    i.wr_cmd            glcd_spi_lpc1700.o
    0x00002e20   0x00002e20   0x00000028   Code   RO          164    i.wr_dat            glcd_spi_lpc1700.o
    0x00002e48   0x00002e48   0x00000012   Code   RO          165    i.wr_dat_only       glcd_spi_lpc1700.o
    0x00002e5a   0x00002e5a   0x00000002   PAD
    0x00002e5c   0x00002e5c   0x00000014   Code   RO          166    i.wr_dat_start      glcd_spi_lpc1700.o
    0x00002e70   0x00002e70   0x0000000c   Code   RO          167    i.wr_dat_stop       glcd_spi_lpc1700.o
    0x00002e7c   0x00002e7c   0x00000014   Code   RO          168    i.wr_reg            glcd_spi_lpc1700.o
    0x00002e90   0x00002e90   0x00001880   Data   RO          169    .constdata          glcd_spi_lpc1700.o
    0x00004710   0x00004710   0x00000064   Data   RO          745    .constdata          rtx_lib.o
    0x00004774   0x00004774   0x00000001   Data   RO         1132    .constdata          RTX_CM3.lib(irq_cm3.o)
    0x00004775   0x00004775   0x00000003   PAD
    0x00004778   0x00004778   0x00000068   Data   RO          747    .rodata             rtx_lib.o
    0x000047e0   0x000047e0   0x0000000b   Data   RO          954    .rodata.str1.4      RTX_CM3.lib(rtx_kernel.o)
    0x000047eb   0x000047eb   0x00000001   PAD
    0x000047ec   0x000047ec   0x00000020   Data   RO         1625    Region$$Table       anon$$obj.o


    Execution Region ER_RW (Exec base: 0x10000000, Load base: 0x0000480c, Size: 0x00001454, Max: 0xffffffff, ABSOLUTE, COMPRESSED[0x00000044])

    Exec Addr    Load Addr    Size         Type   Attr      Idx    E Section Name        Object

    0x10000000   COMPRESSED   0x00001040   Data   RW          739    .bss.os             rtx_lib.o
    0x10001040   COMPRESSED   0x00000034   Data   RW          741    .bss.os.msgqueue.cb  rtx_lib.o
    0x10001074   COMPRESSED   0x00000050   Data   RW          742    .bss.os.msgqueue.mem  rtx_lib.o
    0x100010c4   COMPRESSED   0x00000088   Data   RW          743    .bss.os.thread.cb   rtx_lib.o
    0x1000114c   COMPRESSED   0x00000004   PAD
    0x10001150   COMPRESSED   0x00000200   Data   RW          744    .bss.os.thread.stack  rtx_lib.o
    0x10001350   COMPRESSED   0x00000005   Data   RW          170    .data               glcd_spi_lpc1700.o
    0x10001355   COMPRESSED   0x00000003   PAD
    0x10001358   COMPRESSED   0x00000020   Data   RW          411    .data               uart.o
    0x10001378   COMPRESSED   0x0000000c   Data   RW          511    .data               main.o
    0x10001384   COMPRESSED   0x00000009   Data   RW          578    .data               gui.o
    0x1000138d   COMPRESSED   0x00000003   PAD
    0x10001390   COMPRESSED   0x00000008   Data   RW          620    .data               joy.o
    0x10001398   COMPRESSED   0x00000008   Data   RW          656    .data               pot.o
    0x100013a0   COMPRESSED   0x00000001   Data   RW          688    .data               pushbutton.o
    0x100013a1   COMPRESSED   0x00000003   PAD
    0x100013a4   COMPRESSED   0x00000005   Data   RW          746    .data               rtx_lib.o
    0x100013a9   COMPRESSED   0x00000003   PAD
    0x100013ac   COMPRESSED   0x00000004   Data   RW          868    .data               system_lpc17xx.o
    0x100013b0   COMPRESSED   0x000000a4   Data   RW          955    .data.os            RTX_CM3.lib(rtx_kernel.o)


    Execution Region ER_ZI (Exec base: 0x10001454, Load base: 0x00004850, Size: 0x000040e4, Max: 0xffffffff, ABSOLUTE)

    Exec Addr    Load Addr    Size         Type   Attr      Idx    E Section Name        Object

    0x10001454        -       0x00000080   Zero   RW          410    .bss                uart.o
    0x100014d4        -       0x00000060   Zero   RW         1506    .bss                c_w.l(libspace.o)
    0x10001534        -       0x00000001   Zero   RW         1280    .bss.PendST         RTX_CM3.lib(os_systick.o)
    0x10001535   0x00004850   0x00000003   PAD
    0x10001538        -       0x00002000   Zero   RW          854    HEAP                startup_lpc17xx.o
    0x10003538        -       0x00002000   Zero   RW          853    STACK               startup_lpc17xx.o


==============================================================================

Image component sizes


      Code (inc. data)   RO Data    RW Data    ZI Data      Debug   Object Name

         0          0          0          0          0      21336   glcd_scroll.o
      2568         82       6272          5          0      31941   glcd_spi_lpc1700.o
       468        126          0          9          0       2003   gui.o
       164         20          0          8          0       2612   joy.o
       100         26          0         12          0       4945   main.o
       132         24          0          8          0        832   pot.o
        84         14          0          1          0      27859   pushbutton.o
        58          0          0          0          0       1714   retarget.o
        36          6          0          0          0       1117   rtx_config.o
       126          4        204       4945          0      15963   rtx_lib.o
        68         30        204          0      16384       1156   startup_lpc17xx.o
       320         18          0          4          0        963   system_lpc17xx.o
       272         42          0         32        128      29998   uart.o

    ----------------------------------------------------------------------
      4404        392       6712       5040      16512     142439   Object Totals
         0          0         32          0          0          0   (incl. Generated)
         8          0          0         16          0          0   (incl. Padding)

    ----------------------------------------------------------------------

      Code (inc. data)   RO Data    RW Data    ZI Data      Debug   Library Member Name

       148         10          1          0          0        484   irq_cm3.o
       126         32          0          0          1       3092   os_systick.o
       618         48         11        164          0      17153   rtx_kernel.o
       260          0          0          0          0       2439   rtx_memory.o
       212          0          0          0          0      15974   rtx_mempool.o
      1372         28          0          0          0      18500   rtx_msgqueue.o
       840         32          0          0          0       9376   rtx_mutex.o
       368         26          0          0          0       5321   rtx_system.o
      1742        100          0          0          0      32263   rtx_thread.o
       228         20          0          0          0      10209   rtx_timer.o
        58          0          0          0          0          0   __dczerorl.o
         8          0          0          0          0         68   __main.o
         0          0          0          0          0          0   __rtentry.o
        20          0          0          0          0          0   __rtentry2.o
         6          0          0          0          0          0   __rtentry4.o
        52          8          0          0          0          0   __scatter.o
        28          0          0          0          0          0   __scatter_zi.o
        10          0          0          0          0         68   defsig_exit.o
        50          0          0          0          0         88   defsig_general.o
        80         58          0          0          0         76   defsig_rtmem_inner.o
        14          0          0          0          0         80   defsig_rtmem_outer.o
        18          0          0          0          0         80   exit.o
       158          0          0          0          0        128   h1_alloc_mt.o
        62          0          0          0          0         80   h1_extend_mt.o
        10          0          0          0          0         76   h1_final_mt.o
       118          0          0          0          0        108   h1_free_mt.o
        18          0          0          0          0         84   h1_init_mt.o
         6          0          0          0          0        152   heapauxi.o
         4          0          0          0          0        136   hguard.o
       138          0          0          0          0        168   init_alloc.o
         2          0          0          0          0          0   libinit.o
        10          0          0          0          0          0   libinit2.o
         2          0          0          0          0          0   libshutdown.o
         6          0          0          0          0          0   libshutdown2.o
         8          4          0          0         96         68   libspace.o
         0          0          0          0          0          0   maybetermalloc2.o
        10          0          0          0          0         76   rt_heap_descriptor_twolibspace.o
        68          0          0          0          0         68   rt_memclr.o
        78          0          0          0          0         80   rt_memclr_w.o
       138          0          0          0          0         68   rt_memcpy_v6.o
       100          0          0          0          0         80   rt_memcpy_w.o
         2          0          0          0          0          0   rtexit.o
        10          0          0          0          0          0   rtexit2.o
        74          0          0          0          0         80   sys_stackheap_outer.o
        16          0          0          0          0         80   term_alloc.o

    ----------------------------------------------------------------------
      7312        366         16        164        100     116803   Library Totals
        16          0          4          0          3          0   (incl. Padding)

    ----------------------------------------------------------------------

      Code (inc. data)   RO Data    RW Data    ZI Data      Debug   Library Name

      5914        296         12        164          1     114811   RTX_CM3.lib
      1382         70          0          0         96       1992   c_w.l

    ----------------------------------------------------------------------
      7312        366         16        164        100     116803   Library Totals

    ----------------------------------------------------------------------

==============================================================================


      Code (inc. data)   RO Data    RW Data    ZI Data      Debug   

     11716        758       6728       5204      16612     256042   Grand Totals
     11716        758       6728         68      16612     256042   ELF Image Totals (compressed)
     11716        758       6728         68          0          0   ROM Totals

==============================================================================

    Total RO  Size (Code + RO Data)                18444 (  18.01kB)
    Total RW  Size (RW Data + ZI Data)             21816 (  21.30kB)
    Total ROM Size (Code + RO Data + RW Data)      18512 (  18.08kB)

==============================================================================

